
 **************************************************************************************************
 OpenFAST

 Copyright (C) 2026 National Renewable Energy Laboratory
 Copyright (C) 2026 Envision Energy USA LTD

 This program is licensed under Apache License Version 2.0 and comes with ABSOLUTELY NO WARRANTY.
 See the "LICENSE" file distributed with this software for details.
 **************************************************************************************************

 OpenFAST-v5.0.0
 Compile Info:
  - Compiler: GCC version 14.3.0
  - Architecture: 64 bit
  - Precision: single
  - OpenMP: No
  - Date: Apr 11 2026
  - Time: 22:27:10
 Execution Info:
  - Date: 08/01/2026
  - Time: 03:06:51+0800

 OpenFAST input file heading:
     FAST Certification Test #18: NREL 5.0 MW Baseline Wind Turbine (Onshore)

  Running ElastoDyn.
  Running InflowWind.
  Running AeroDyn.
    AeroDyn: projMod: 1
    Projection: legacy (NoSweepPitchTwist), BEM: legacy (2D)
 Warning: Turning off Unsteady Aerodynamics because polar has constant data. (node 1, blade 1)
 Warning: Turning off Unsteady Aerodynamics because polar has constant data. (node 2, blade 1)
 Warning: Turning off Unsteady Aerodynamics because polar has constant data. (node 3, blade 1)
 Warning: Turning off Unsteady Aerodynamics because polar has constant data. (node 4, blade 1)
 Warning: Turning off Unsteady Aerodynamics because polar has constant data. (node 1, blade 2)
 Warning: Turning off Unsteady Aerodynamics because polar has constant data. (node 2, blade 2)
 Warning: Turning off Unsteady Aerodynamics because polar has constant data. (node 3, blade 2)
 Warning: Turning off Unsteady Aerodynamics because polar has constant data. (node 4, blade 2)
 Warning: Turning off Unsteady Aerodynamics because polar has constant data. (node 1, blade 3)
 Warning: Turning off Unsteady Aerodynamics because polar has constant data. (node 2, blade 3)
 Warning: Turning off Unsteady Aerodynamics because polar has constant data. (node 3, blade 3)
 Warning: Turning off Unsteady Aerodynamics because polar has constant data. (node 4, blade 3)
  Time: 0 of 30 seconds.
                                                                                                   Time: 5 of 30 seconds.  Estimated final completion at 03:07:09 (in 0.000 days).                                                                                                                     Time: 10 of 30 seconds.  Estimated final completion at 03:07:09 (in 0.000 days).                                                                                                                    Time: 15 of 30 seconds.  Estimated final completion at 03:07:09 (in 0.000 days).                                                                                                                    Time: 20 of 30 seconds.  Estimated final completion at 03:07:09 (in 0.000 days).                                                                                                                    Time: 25 of 30 seconds.  Estimated final completion at 03:07:09 (in 0.000 days).                                                                                                                    Time: 30 of 30 seconds.  Estimated final completion at 03:07:09 (in 0.000 days).                                                                                                                   
  Total Real Time:       17.004 seconds
  Total CPU Time:        17.246 seconds
  Simulation CPU Time:   16.908 seconds
  Simulated Time:        30 seconds
  Time Ratio (Sim/CPU):  1.7743

  OpenFAST terminated normally.

