
**** 04/27/26 22:13:40 ***** PSpice 25.1.0 (25 March 2026) **** ID# 0 ********

 * Nonlinear 5.05 V shunt reference yield task.


 ****     CIRCUIT DESCRIPTION


******************************************************************************



* Run the native PSpice deck, keep the simulator's .out/.dat/.measure
* artifacts, and count how many stepped corners keep V(OUT) within
* 5.050 V +/- 0.008 V.

.PARAM CASE = 1
.PARAM R1S = {TABLE(CASE,
+ 1,0.96,  2,0.96,  3,0.96,  4,0.96,  5,0.96,
+ 6,0.98,  7,0.98,  8,0.98,  9,0.98, 10,0.98,
+11,1.00, 12,1.00, 13,1.00, 14,1.00, 15,1.00,
+16,1.02, 17,1.02, 18,1.02, 19,1.02, 20,1.02,
+21,1.04, 22,1.04, 23,1.04, 24,1.04, 25,1.04)}
.PARAM R2S = {TABLE(CASE,
+ 1,0.96,  2,0.98,  3,1.00,  4,1.02,  5,1.04,
+ 6,0.96,  7,0.98,  8,1.00,  9,1.02, 10,1.04,
+11,0.96, 12,0.98, 13,1.00, 14,1.02, 15,1.04,
+16,0.96, 17,0.98, 18,1.00, 19,1.02, 20,1.04,
+21,0.96, 22,0.98, 23,1.00, 24,1.02, 25,1.04)}

VCC  VCC 0 DC 12
RBIAS VCC OUT {1200*R1S}
DREF  0 OUT DZ5V1
RLOAD OUT 0 {1000*R2S}
.MODEL DZ5V1 D (BV=5.1 IBV=5m RS=2 N=1.7)

.DC VCC 12 12 1
.STEP PARAM CASE LIST 1 2 3 4 5 6 7 8 9 10 11 12 13 14 15 16 17 18 19 20 21 22 23 24 25
.MEAS DC R1VAL PARAM {R1S}
.MEAS DC R2VAL PARAM {R2S}
.MEAS DC VOUT FIND V(OUT) AT=12
.PROBE

.END

**** 04/27/26 22:13:40 ***** PSpice 25.1.0 (25 March 2026) **** ID# 0 ********

 * Nonlinear 5.05 V shunt reference yield task.


 ****     Diode MODEL PARAMETERS


******************************************************************************




               DZ5V1           
          IS   10.000000E-15 
           N    1.7          
          BV    5.1          
         IBV    5.000000E-03 
          RS    2            



          JOB CONCLUDED

**** 04/27/26 22:13:40 ***** PSpice 25.1.0 (25 March 2026) **** ID# 0 ********

 * Nonlinear 5.05 V shunt reference yield task.


 ****     JOB STATISTICS SUMMARY

 ****     CURRENT STEP                     PARAM CASE =   25    


******************************************************************************



  Total job time (using Solver 1)   =         .30
