    1C
    1URestart analysis - step1 task20                                   
    1UUSER                                                              
    1UDATE              01.august.2026                                  
    1UTIME              02:21:37                                        
    1UHOST                                                              
    1UPGM               CalculiX                                        
    1UVERSION           Version 2.21                             
    1UCOMPILETIME       Sat Jul 29 10:52:01 CEST 2023                    
    1UDIR                                                               
    1UDBN                                                               
    1UMAT    1STEEL                                                     
    2C                             8                                     1
 -1         1 0.00000E+00 0.00000E+00 0.00000E+00
 -1         2 1.00000E+02 0.00000E+00 0.00000E+00
 -1         3 1.00000E+02 1.00000E+01 0.00000E+00
 -1         4 0.00000E+00 1.00000E+01 0.00000E+00
 -1         5 0.00000E+00 0.00000E+00 1.00000E+01
 -1         6 1.00000E+02 0.00000E+00 1.00000E+01
 -1         7 1.00000E+02 1.00000E+01 1.00000E+01
 -1         8 0.00000E+00 1.00000E+01 1.00000E+01
 -3
    3C                             1                                     1
 -1         1    1    0    1
 -2         1         2         3         4         5         6         7         8
 -3
 9999
