    1C
    1UCalculiX 2.21 real modes with Rayleigh damping estimate           
    1UUSER                                                              
    1UDATE              01.august.2026                                  
    1UTIME              02:21:37                                        
    1UHOST                                                              
    1UPGM               CalculiX                                        
    1UVERSION           Version 2.21                             
    1UCOMPILETIME       Sat Jul 29 10:52:01 CEST 2023                    
    1UDIR                                                               
    1UDBN                                                               
    1UMAT    1STEEL                                                     
    2C                            44                                     1
 -1         1 0.00000E+00 0.00000E+00 0.00000E+00
 -1         2 5.00000E+01 0.00000E+00 0.00000E+00
 -1         3 1.00000E+02 0.00000E+00 0.00000E+00
 -1         4 1.50000E+02 0.00000E+00 0.00000E+00
 -1         5 2.00000E+02 0.00000E+00 0.00000E+00
 -1         6 2.50000E+02 0.00000E+00 0.00000E+00
 -1         7 3.00000E+02 0.00000E+00 0.00000E+00
 -1         8 3.50000E+02 0.00000E+00 0.00000E+00
 -1         9 4.00000E+02 0.00000E+00 0.00000E+00
 -1        10 4.50000E+02 0.00000E+00 0.00000E+00
 -1        11 5.00000E+02 0.00000E+00 0.00000E+00
 -1       101 0.00000E+00 1.00000E+01 0.00000E+00
 -1       102 5.00000E+01 1.00000E+01 0.00000E+00
 -1       103 1.00000E+02 1.00000E+01 0.00000E+00
 -1       104 1.50000E+02 1.00000E+01 0.00000E+00
 -1       105 2.00000E+02 1.00000E+01 0.00000E+00
 -1       106 2.50000E+02 1.00000E+01 0.00000E+00
 -1       107 3.00000E+02 1.00000E+01 0.00000E+00
 -1       108 3.50000E+02 1.00000E+01 0.00000E+00
 -1       109 4.00000E+02 1.00000E+01 0.00000E+00
 -1       110 4.50000E+02 1.00000E+01 0.00000E+00
 -1       111 5.00000E+02 1.00000E+01 0.00000E+00
 -1       201 0.00000E+00 0.00000E+00 1.00000E+01
 -1       202 5.00000E+01 0.00000E+00 1.00000E+01
 -1       203 1.00000E+02 0.00000E+00 1.00000E+01
 -1       204 1.50000E+02 0.00000E+00 1.00000E+01
 -1       205 2.00000E+02 0.00000E+00 1.00000E+01
 -1       206 2.50000E+02 0.00000E+00 1.00000E+01
 -1       207 3.00000E+02 0.00000E+00 1.00000E+01
 -1       208 3.50000E+02 0.00000E+00 1.00000E+01
 -1       209 4.00000E+02 0.00000E+00 1.00000E+01
 -1       210 4.50000E+02 0.00000E+00 1.00000E+01
 -1       211 5.00000E+02 0.00000E+00 1.00000E+01
 -1       301 0.00000E+00 1.00000E+01 1.00000E+01
 -1       302 5.00000E+01 1.00000E+01 1.00000E+01
 -1       303 1.00000E+02 1.00000E+01 1.00000E+01
 -1       304 1.50000E+02 1.00000E+01 1.00000E+01
 -1       305 2.00000E+02 1.00000E+01 1.00000E+01
 -1       306 2.50000E+02 1.00000E+01 1.00000E+01
 -1       307 3.00000E+02 1.00000E+01 1.00000E+01
 -1       308 3.50000E+02 1.00000E+01 1.00000E+01
 -1       309 4.00000E+02 1.00000E+01 1.00000E+01
 -1       310 4.50000E+02 1.00000E+01 1.00000E+01
 -1       311 5.00000E+02 1.00000E+01 1.00000E+01
 -3
    3C                            10                                     1
 -1         1    1    0    1
 -2         1         2       102       101       201       202       302       301
 -1         2    1    0    1
 -2         2         3       103       102       202       203       303       302
 -1         3    1    0    1
 -2         3         4       104       103       203       204       304       303
 -1         4    1    0    1
 -2         4         5       105       104       204       205       305       304
 -1         5    1    0    1
 -2         5         6       106       105       205       206       306       305
 -1         6    1    0    1
 -2         6         7       107       106       206       207       307       306
 -1         7    1    0    1
 -2         7         8       108       107       207       208       308       307
 -1         8    1    0    1
 -2         8         9       109       108       208       209       309       308
 -1         9    1    0    1
 -2         9        10       110       109       209       210       310       309
 -1        10    1    0    1
 -2        10        11       111       110       210       211       311       310
 -3
    1PSTEP                         1           1           1          
    1PGM                1.000000E+00                                  
    1PGK                4.482134E+04                                  
    1PHID                         -1                                  
    1PSUBC                         0                                  
    1PMODE                         1                                  
  100CL  101 33.69477401           4                     2    1MODAL      1
 -4  DISP        4    1
 -5  D1          1    2    1    0
 -5  D2          1    2    2    0
 -5  D3          1    2    3    0
 -5  ALL         1    2    0    0    1ALL
 -1        11 1.17193E+00 1.00010E+02-1.53822E+01
 -1       111-1.59796E+00 1.00010E+02-1.53823E+01
 -1       211 1.59796E+00 1.00010E+02-1.53823E+01
 -1       311-1.17193E+00 1.00010E+02-1.53822E+01
 -3
    1PSTEP                         2           1           1          
    1PGM                1.000000E+00                                  
    1PGK                4.482134E+04                                  
    1PHID                         -1                                  
    1PSUBC                         0                                  
    1PMODE                         2                                  
  100CL  102 33.69477402           4                     2    2MODAL      1
 -4  DISP        4    1
 -5  D1          1    2    1    0
 -5  D2          1    2    2    0
 -5  D3          1    2    3    0
 -5  ALL         1    2    0    0    1ALL
 -1        11-1.59796E+00-1.53823E+01-1.00010E+02
 -1       111-1.17193E+00-1.53822E+01-1.00010E+02
 -1       211 1.17193E+00-1.53822E+01-1.00010E+02
 -1       311 1.59796E+00-1.53823E+01-1.00010E+02
 -3
    1PSTEP                         3           1           1          
    1PGM                1.000000E+00                                  
    1PGK                1.796753E+06                                  
    1PHID                         -1                                  
    1PSUBC                         0                                  
    1PMODE                         3                                  
  100CL  103 213.3360972           4                     2    3MODAL      1
 -4  DISP        4    1
 -5  D1          1    2    1    0
 -5  D2          1    2    2    0
 -5  D3          1    2    3    0
 -5  ALL         1    2    0    0    1ALL
 -1        11 6.25937E+00 9.61707E+01 3.29571E+01
 -1       111-3.06431E+00 9.61700E+01 3.29548E+01
 -1       211 3.06431E+00 9.61700E+01 3.29548E+01
 -1       311-6.25937E+00 9.61707E+01 3.29571E+01
 -3
    1PSTEP                         4           1           1          
    1PGM                1.000000E+00                                  
    1PGK                1.796753E+06                                  
    1PHID                         -1                                  
    1PSUBC                         0                                  
    1PMODE                         4                                  
  100CL  104 213.3360972           4                     2    4MODAL      1
 -4  DISP        4    1
 -5  D1          1    2    1    0
 -5  D2          1    2    2    0
 -5  D3          1    2    3    0
 -5  ALL         1    2    0    0    1ALL
 -1        11-3.06431E+00 3.29548E+01-9.61700E+01
 -1       111-6.25937E+00 3.29571E+01-9.61707E+01
 -1       211 6.25937E+00 3.29571E+01-9.61707E+01
 -1       311 3.06431E+00 3.29548E+01-9.61700E+01
 -3
    1PSTEP                         5           1           1          
    1PGM                1.000000E+00                                  
    1PGK                1.460447E+07                                  
    1PHID                         -1                                  
    1PSUBC                         0                                  
    1PMODE                         5                                  
  100CL  105 608.2232295           4                     2    5MODAL      1
 -4  DISP        4    1
 -5  D1          1    2    1    0
 -5  D2          1    2    2    0
 -5  D3          1    2    3    0
 -5  ALL         1    2    0    0    1ALL
 -1        11 3.49569E+00 9.06723E+01-4.76346E+01
 -1       111-1.12360E+01 9.06816E+01-4.76523E+01
 -1       211 1.12360E+01 9.06816E+01-4.76523E+01
 -1       311-3.49569E+00 9.06723E+01-4.76346E+01
 -3
 9999
