Program Version,EnergyPlus, Version 25.2.0-cf7368216c, YMD=2026.07.06 19:41,
   ** Warning ** CheckEnvironmentSpecifications: SimulationControl specified doing design day simulations, but no design environments specified.
   **   ~~~   ** ...No design environment results produced. For these results, add appropriate SizingPeriod:* objects for your simulation.
   ** Warning ** GetHTSurfaceData: Surfaces with interface to Ground found but no "Ground Temperatures" were input.
   **   ~~~   ** Found first in surface=VISITOR-OFFICE-FLOOR
   **   ~~~   ** Defaults, constant throughout the year of (18.0) will be used.
   ** Warning ** GetVertices: Floor is upside down! Tilt angle=[0.0], should be near 180, Surface="VISITOR-OFFICE-FLOOR", in Zone="VISITOR-OFFICE-ZN".
   **   ~~~   ** Automatic fix is attempted.
   ** Warning ** GetVertices: Roof/Ceiling is upside down! Tilt angle=[180.0], should be near 0, Surface="VISITOR-OFFICE-ROOF", in Zone="VISITOR-OFFICE-ZN".
   **   ~~~   ** Automatic fix is attempted.
   ** Warning ** GetInternalHeatGains: People = VISITOR-OFFICE-PEOPLE
   **   ~~~   ** Activity Level Schedule Name = ALWAYS-ON, schedule contains values that are < 70 and/or > 1000
   **   ~~~   ** Values fall outside of typical w/person range for thermal comfort reporting.
   ** Warning ** GetSimpleAirModelInputs: ZoneInfiltration:DesignFlowRate="VISITOR-OFFICE-INFILTRATION", in Zone or ZoneList or Space or SpaceList Name="VISITOR-OFFICE-ZN".
   **   ~~~   ** Infiltration Coefficients are all zero.  No Infiltration will be reported.
   ** Warning ** Output:Meter: invalid Key Name="DISTRICTHEATING:FACILITY" - not found.
   ** Warning ** Output:Meter: invalid Key Name="FANS:ELECTRICITY" - not found.
   ************* Testing Individual Branch Integrity
   ************* All Branches passed integrity testing
   ************* Testing Individual Supply Air Path Integrity
   ************* All Supply Air Paths passed integrity testing
   ************* Testing Individual Return Air Path Integrity
   ************* All Return Air Paths passed integrity testing
   ************* No node connection errors were found.
   ************* Beginning Simulation
   ************* Simulation Error Summary *************
   ************* EnergyPlus Warmup Error Summary. During Warmup: 0 Warning; 0 Severe Errors.
   ************* EnergyPlus Sizing Error Summary. During Sizing: 0 Warning; 0 Severe Errors.
   ************* EnergyPlus Completed Successfully-- 8 Warning; 0 Severe Errors; Elapsed Time=00hr 00min  0.42sec
