PROBE {"check": "input_files", "value": {"case": {"path": "C:\\Users\\user\\AppData\\Local\\Temp\\ansys_fluent_probe_ivxk5d6e\\case.cas", "sha256": "f0c228f317a34038163f100d2c06689daaf84bb1ce2773cc1dd4beaf92e4f54f", "size": 486876}, "data": {"path": "C:\\Users\\user\\AppData\\Local\\Temp\\ansys_fluent_probe_ivxk5d6e\\case.dat", "sha256": "974cf7bd9f670497a3bbde02236b5b167c9dfe33f06a86d315a58b674f4ce8b6", "size": 59089}}}
PROBE {"check": "mesh_observed", "value": {"element_types": ["CellElementType.QUADRILATERAL"], "elements": 400, "nodes": 441, "x_bounds": [0.0, 0.001], "x_count": 21, "y_bounds": [0.0, 0.001], "y_count": 21, "z_levels": [0.0]}}
PROBE {"check": "mesh", "value": {"observed": true, "passed": true}}
PROBE {"check": "solver", "value": {"time": "steady", "two_dim_space": "planar", "type": "pressure-based", "velocity_formulation": "absolute"}}
PROBE {"check": "viscous", "value": {"model": "laminar", "options": {}}}
PROBE {"check": "material_names", "value": ["water-liquid", "air"]}
PROBE {"check": "fluid_zone", "value": {"fixed_values": {"enable": false}, "general": {"material": "water-liquid"}, "mesh_motion": {"enable": false}, "name": "fluid", "porous_zone": {"porous": false}, "reference_frame": {"frame_motion": false, "reference_frame_axis_origin": [{"option": "value", "value": 0}, {"option": "value", "value": 0}]}, "sources": {"enable": false}, "zonal_models": {}}}
PROBE {"check": "methods", "value": {"expert": {"disable_rhie_chow_flux": false, "first_to_second_order_blending": 1.0, "implicit_bodyforce_treatment": false, "physical_velocity_formulation": false, "presto_pressure_scheme": false, "velocity_formulation": "absolute"}, "high_order_term_relaxation": {"enable": false, "relaxation_factor": 0.25, "select_variables": "flow-variables", "type": "standard"}, "p_v_coupling": {"flow_scheme": "SIMPLE", "flux_auto_select": true, "flux_type": "Rhie-Chow: momentum based"}, "poor_mesh_numerics": {"cell_quality_based": false, "gradient_quality_based": false, "reset_poor_elements": false, "solution_and_quality_based": false}, "pseudo_time_method": {"formulation": {"segregated_solver": "off"}}, "spatial_discretization": {"discretization_scheme": {"mom": "second-order-upwind", "pressure": "second-order"}, "gradient_scheme": "least-square-cell-based"}, "warped_face_gradient_correction": {"enable": false}}}
PROBE {"check": "initialization", "value": {"enable_profile_memory_flushing": false, "fmg": {"enable_fmg_verbose": true, "fmg_courant_number": 0.75}, "hybrid_init_options": {"general_settings": {"explicit_urf": [1.0, 1.0], "initialization_options": {"const_velocity": false, "external_aero": false, "initial_pressure": false}, "iter_count": 10}}, "initialization_type": "hybrid", "patch": {}, "reference_frame": "relative"}}
PROBE {"check": "run_calculation", "value": {"compute_resources": {}, "data_sampling": {"enabled": false}, "options": {}, "parameters": {"iter_count": 1000, "profile_update_interval": 1, "reporting_interval": 1}, "transient_controls": {"method": "User-Specified", "type": "Fixed"}}}
PROBE {"check": "surfaces", "value": {"bottom": {"surface_id": [3], "type": "zone-surf", "zone_id": 3, "zone_type": "wall"}, "default-interior": {"surface_id": [4], "type": "zone-surf", "zone_id": 8, "zone_type": "interior"}, "left": {"surface_id": [1], "type": "zone-surf", "zone_id": 5, "zone_type": "wall"}, "right": {"surface_id": [0], "type": "zone-surf", "zone_id": 6, "zone_type": "wall"}, "top": {"surface_id": [2], "type": "zone-surf", "zone_id": 4, "zone_type": "wall"}}}
PROBE {"check": "solver", "value": {"observed": true, "passed": true}}
PROBE {"check": "viscous_laminar", "value": {"observed": true, "passed": true}}
PROBE {"check": "material_exists", "value": {"observed": true, "passed": true}}
PROBE {"check": "material_state", "value": {"chemical_formula": "h2o<l>", "density": {"option": "value", "value": 998.2}, "name": "water-liquid", "viscosity": {"option": "value", "value": 0.001003}}}
PROBE {"check": "material_density", "value": {"observed": true, "passed": true}}
PROBE {"check": "material_viscosity", "value": {"observed": true, "passed": true}}
PROBE {"check": "fluid_material", "value": {"observed": true, "passed": true}}
PROBE {"check": "simple", "value": {"observed": true, "passed": true}}
PROBE {"check": "pressure_scheme", "value": {"observed": true, "passed": true}}
PROBE {"check": "momentum_scheme", "value": {"observed": true, "passed": true}}
PROBE {"check": "hybrid_initialization", "value": {"observed": true, "passed": true}}
PROBE {"check": "saved_iteration_count", "value": {"observed": true, "passed": true}}
PROBE {"check": "surface_types", "value": {"observed": true, "passed": true}}
PROBE {"check": "boundary_states", "value": {"bottom": {"shear_condition": "No Slip", "wall_motion": "Stationary Wall"}, "left": {"shear_condition": "No Slip", "wall_motion": "Stationary Wall"}, "right": {"shear_condition": "No Slip", "wall_motion": "Stationary Wall"}, "top": {"components": true, "relative": "Relative to Adjacent Cell Zone", "rotating": false, "shear_condition": "No Slip", "velocity_components": [{"option": "value", "value": 0.1}, {"option": "value", "value": 0}], "velocity_spec": "Components", "wall_motion": "Moving Wall"}}}
PROBE {"check": "stationary_walls", "value": {"observed": true, "passed": true}}
PROBE {"check": "top_wall", "value": {"observed": true, "passed": true}}
PROBE {"check": "physical_reports", "value": {"lid_velocity": 0.09999999525025507}}
PROBE {"check": "physical_solution", "value": {"observed": true, "passed": true}}
INNER_RESULT=True
