(---------------------------------------------------------------------)
(                                                                     )
(    ARTWORK LOG                                                      )
(                                                                     )
(    Drawing          : demo.brd                                      )
(    Software Version : 25.1S030                                      )
(    Date/Time        : Mon Apr 27 19:08:14 2026                      )
(                                                                     )
(---------------------------------------------------------------------)



 ******************************************
 WARNING: DRC OUT OF DATE on this layout.
 ******************************************

 ---- Photoplot outline rectangle not found; using drawing extents.



Results from parameter file ...
    FILM_SIZE 0 0
    UNITS INCH
    FORMAT GERBER RS274X
Mon Apr 27 19:08:14 2026				Page     1

Photoplot log file
Results from parameter file.

^
WARNING(SPMHAW-11): Period expected.
-------------------------------------------------------------------------------

 WARNING: Generating english output data from a metric database
 may cause slight roundoff error of coordinates in output file.



================================================================
     PROCESSING FILM < TOP >
     TO FILE < D:/localwork/Engiworld/.tmp_orcad_probe6/TOP.art > ...
================================================================

  FILM PARAMETERS :
  ---------------------------------------------------------
  Undefined line width                0.0000
  Mirror code                         NONE
  Rotate angle                        NONE
  Offset x:                           0.0000
  Offset y:                           0.0000
  Plot negative                       NO
  Suppress unconnected internal pads  NO
  Draw holes only                     NO

    WARNING: Film contains objects with associated DRCs (1).
           In the design editor view this film and enable visibility for the
           associated DRC layer. Verify the DRCs are approved exceptions to your rules.


  APERTURES USED (UNIT = IN):
  ---------------------------------------------------------
  TYPE       SIZE/NAME                   ROT   MIRROR MODE 
  ---------------------------------------------------------
  CIRCLE     0.00800                                  DARK 
  CIRCLE     0.01400                                  DARK 
  CIRCLE     0.02000                                  DARK 
  CIRCLE     0.03900                                  DARK 
  CIRCLE     0.14000                                  DARK 
  RECTANGLE  0.01400     x 0.06400       0.000 NO     DARK 
  RECTANGLE  0.01500     x 0.02000       0.000 NO     DARK 
  RECTANGLE  0.01800     x 0.06400       0.000 NO     DARK 
  RECTANGLE  0.03800     x 0.05000       0.000 NO     DARK 
  RECTANGLE  0.03800     x 0.05000      90.000 NO     DARK 
  RECTANGLE  0.04000     x 0.05400       0.000 NO     DARK 
  RECTANGLE  0.06400     x 0.01400       0.000 NO     DARK 
  RECTANGLE  0.06400     x 0.01800       0.000 NO     DARK 
  RECTANGLE  0.06500     x 0.07500       0.000 NO     DARK 
  RECTANGLE  0.06800     x 0.01400      90.000 NO     DARK 
  RECTANGLE  0.07200     x 0.02400       0.000 NO     DARK 
  RECTANGLE  0.07600     x 0.02400      90.000 NO     DARK 
  RECTANGLE  0.08000     x 0.08000      90.000 NO     DARK 

     TOP created with warnings


================================================================
     PROCESSING FILM < POWER >
     TO FILE < D:/localwork/Engiworld/.tmp_orcad_probe6/POWER.art > ...
================================================================

  FILM PARAMETERS :
  ---------------------------------------------------------
  Undefined line width                0.0000
  Mirror code                         NONE
  Rotate angle                        NONE
  Offset x:                           0.0000
  Offset y:                           0.0000
  Plot negative                       NO
  Suppress unconnected internal pads  NO
  Draw holes only                     NO

    WARNING: Film contains objects with associated DRCs (1).
           In the design editor view this film and enable visibility for the
           associated DRC layer. Verify the DRCs are approved exceptions to your rules.


  APERTURES USED (UNIT = IN):
  ---------------------------------------------------------
  TYPE       SIZE/NAME                   ROT   MIRROR MODE 
  ---------------------------------------------------------
  CIRCLE     0.00800                                  DARK 
  CIRCLE     0.14000                                  DARK 

     POWER created with warnings


================================================================
     PROCESSING FILM < GND >
     TO FILE < D:/localwork/Engiworld/.tmp_orcad_probe6/GND.art > ...
================================================================

  FILM PARAMETERS :
  ---------------------------------------------------------
  Undefined line width                0.0000
  Mirror code                         NONE
  Rotate angle                        NONE
  Offset x:                           0.0000
  Offset y:                           0.0000
  Plot negative                       NO
  Suppress unconnected internal pads  NO
  Draw holes only                     NO

    WARNING: Film contains objects with associated DRCs (1).
           In the design editor view this film and enable visibility for the
           associated DRC layer. Verify the DRCs are approved exceptions to your rules.


  APERTURES USED (UNIT = IN):
  ---------------------------------------------------------
  TYPE       SIZE/NAME                   ROT   MIRROR MODE 
  ---------------------------------------------------------
  CIRCLE     0.00800                                  DARK 
  CIRCLE     0.14000                                  DARK 

     GND created with warnings


================================================================
     PROCESSING FILM < BOTTOM >
     TO FILE < D:/localwork/Engiworld/.tmp_orcad_probe6/BOTTOM.art > ...
================================================================

  FILM PARAMETERS :
  ---------------------------------------------------------
  Undefined line width                0.0000
  Mirror code                         NONE
  Rotate angle                        NONE
  Offset x:                           0.0000
  Offset y:                           0.0000
  Plot negative                       NO
  Suppress unconnected internal pads  NO
  Draw holes only                     NO

    WARNING: Film contains objects with associated DRCs (1).
           In the design editor view this film and enable visibility for the
           associated DRC layer. Verify the DRCs are approved exceptions to your rules.


  APERTURES USED (UNIT = IN):
  ---------------------------------------------------------
  TYPE       SIZE/NAME                   ROT   MIRROR MODE 
  ---------------------------------------------------------
  CIRCLE     0.00800                                  DARK 
  CIRCLE     0.01400                                  DARK 
  CIRCLE     0.02000                                  DARK 
  CIRCLE     0.03900                                  DARK 
  CIRCLE     0.14000                                  DARK 
  RECTANGLE  0.01500     x 0.02000       0.000 NO     DARK 
  RECTANGLE  0.01500     x 0.02000      90.000 NO     DARK 
  RECTANGLE  0.01800     x 0.06400       0.000 NO     DARK 
  RECTANGLE  0.03800     x 0.05000       0.000 NO     DARK 
  RECTANGLE  0.03800     x 0.05000      90.000 NO     DARK 
  RECTANGLE  0.06000     x 0.01100       0.000 NO     DARK 
  RECTANGLE  0.06000     x 0.10000       0.000 NO     DARK 
  RECTANGLE  0.06000     x 0.10000      90.000 NO     DARK 
  RECTANGLE  0.06400     x 0.01400       0.000 NO     DARK 
  RECTANGLE  0.06400     x 0.01800       0.000 NO     DARK 

     BOTTOM created with warnings


------------------------------------------------------
 SUMMARY:
        TOP created with warnings
        POWER created with warnings
        GND created with warnings
        BOTTOM created with warnings

 ARTWORK had warnings
