    1C
    1UCalculiX 2.21 modal-dynamic solid cantilever                      
    1UUSER                                                              
    1UDATE              01.august.2026                                  
    1UTIME              02:07:45                                        
    1UHOST                                                              
    1UPGM               CalculiX                                        
    1UVERSION           Version 2.21                             
    1UCOMPILETIME       Sat Jul 29 10:52:01 CEST 2023                    
    1UDIR                                                               
    1UDBN                                                               
    1UMAT    1STEEL                                                     
    2C                            44                                     1
 -1         1 0.00000E+00 0.00000E+00 0.00000E+00
 -1         2 5.00000E+01 0.00000E+00 0.00000E+00
 -1         3 1.00000E+02 0.00000E+00 0.00000E+00
 -1         4 1.50000E+02 0.00000E+00 0.00000E+00
 -1         5 2.00000E+02 0.00000E+00 0.00000E+00
 -1         6 2.50000E+02 0.00000E+00 0.00000E+00
 -1         7 3.00000E+02 0.00000E+00 0.00000E+00
 -1         8 3.50000E+02 0.00000E+00 0.00000E+00
 -1         9 4.00000E+02 0.00000E+00 0.00000E+00
 -1        10 4.50000E+02 0.00000E+00 0.00000E+00
 -1        11 5.00000E+02 0.00000E+00 0.00000E+00
 -1       101 0.00000E+00 1.00000E+01 0.00000E+00
 -1       102 5.00000E+01 1.00000E+01 0.00000E+00
 -1       103 1.00000E+02 1.00000E+01 0.00000E+00
 -1       104 1.50000E+02 1.00000E+01 0.00000E+00
 -1       105 2.00000E+02 1.00000E+01 0.00000E+00
 -1       106 2.50000E+02 1.00000E+01 0.00000E+00
 -1       107 3.00000E+02 1.00000E+01 0.00000E+00
 -1       108 3.50000E+02 1.00000E+01 0.00000E+00
 -1       109 4.00000E+02 1.00000E+01 0.00000E+00
 -1       110 4.50000E+02 1.00000E+01 0.00000E+00
 -1       111 5.00000E+02 1.00000E+01 0.00000E+00
 -1       201 0.00000E+00 0.00000E+00 1.00000E+01
 -1       202 5.00000E+01 0.00000E+00 1.00000E+01
 -1       203 1.00000E+02 0.00000E+00 1.00000E+01
 -1       204 1.50000E+02 0.00000E+00 1.00000E+01
 -1       205 2.00000E+02 0.00000E+00 1.00000E+01
 -1       206 2.50000E+02 0.00000E+00 1.00000E+01
 -1       207 3.00000E+02 0.00000E+00 1.00000E+01
 -1       208 3.50000E+02 0.00000E+00 1.00000E+01
 -1       209 4.00000E+02 0.00000E+00 1.00000E+01
 -1       210 4.50000E+02 0.00000E+00 1.00000E+01
 -1       211 5.00000E+02 0.00000E+00 1.00000E+01
 -1       301 0.00000E+00 1.00000E+01 1.00000E+01
 -1       302 5.00000E+01 1.00000E+01 1.00000E+01
 -1       303 1.00000E+02 1.00000E+01 1.00000E+01
 -1       304 1.50000E+02 1.00000E+01 1.00000E+01
 -1       305 2.00000E+02 1.00000E+01 1.00000E+01
 -1       306 2.50000E+02 1.00000E+01 1.00000E+01
 -1       307 3.00000E+02 1.00000E+01 1.00000E+01
 -1       308 3.50000E+02 1.00000E+01 1.00000E+01
 -1       309 4.00000E+02 1.00000E+01 1.00000E+01
 -1       310 4.50000E+02 1.00000E+01 1.00000E+01
 -1       311 5.00000E+02 1.00000E+01 1.00000E+01
 -3
    3C                            10                                     1
 -1         1    1    0    1
 -2         1         2       102       101       201       202       302       301
 -1         2    1    0    1
 -2         2         3       103       102       202       203       303       302
 -1         3    1    0    1
 -2         3         4       104       103       203       204       304       303
 -1         4    1    0    1
 -2         4         5       105       104       204       205       305       304
 -1         5    1    0    1
 -2         5         6       106       105       205       206       306       305
 -1         6    1    0    1
 -2         6         7       107       106       206       207       307       306
 -1         7    1    0    1
 -2         7         8       108       107       207       208       308       307
 -1         8    1    0    1
 -2         8         9       109       108       208       209       309       308
 -1         9    1    0    1
 -2         9        10       110       109       209       210       310       309
 -1        10    1    0    1
 -2        10        11       111       110       210       211       311       310
 -3
    1PSTEP                         1           1           1          
    1PGM                1.000000E+00                                  
    1PGK                4.482134E+04                                  
    1PHID                         -1                                  
    1PSUBC                         0                                  
    1PMODE                         1                                  
  100CL  101 33.69477401           4                     2    1MODAL      1
 -4  DISP        4    1
 -5  D1          1    2    1    0
 -5  D2          1    2    2    0
 -5  D3          1    2    3    0
 -5  ALL         1    2    0    0    1ALL
 -1        11 1.17193E+00 1.00010E+02-1.53822E+01
 -1       111-1.59796E+00 1.00010E+02-1.53823E+01
 -1       211 1.59796E+00 1.00010E+02-1.53823E+01
 -1       311-1.17193E+00 1.00010E+02-1.53822E+01
 -3
    1PSTEP                         2           1           1          
    1PGM                1.000000E+00                                  
    1PGK                4.482134E+04                                  
    1PHID                         -1                                  
    1PSUBC                         0                                  
    1PMODE                         2                                  
  100CL  102 33.69477402           4                     2    2MODAL      1
 -4  DISP        4    1
 -5  D1          1    2    1    0
 -5  D2          1    2    2    0
 -5  D3          1    2    3    0
 -5  ALL         1    2    0    0    1ALL
 -1        11-1.59796E+00-1.53823E+01-1.00010E+02
 -1       111-1.17193E+00-1.53822E+01-1.00010E+02
 -1       211 1.17193E+00-1.53822E+01-1.00010E+02
 -1       311 1.59796E+00-1.53823E+01-1.00010E+02
 -3
    1PSTEP                         3           1           1          
    1PGM                1.000000E+00                                  
    1PGK                1.796753E+06                                  
    1PHID                         -1                                  
    1PSUBC                         0                                  
    1PMODE                         3                                  
  100CL  103 213.3360972           4                     2    3MODAL      1
 -4  DISP        4    1
 -5  D1          1    2    1    0
 -5  D2          1    2    2    0
 -5  D3          1    2    3    0
 -5  ALL         1    2    0    0    1ALL
 -1        11 6.25874E+00 9.61775E+01 3.29372E+01
 -1       111-3.06560E+00 9.61768E+01 3.29349E+01
 -1       211 3.06560E+00 9.61768E+01 3.29349E+01
 -1       311-6.25874E+00 9.61775E+01 3.29372E+01
 -3
    1PSTEP                         4           1           1          
    1PGM                1.000000E+00                                  
    1PGK                1.796753E+06                                  
    1PHID                         -1                                  
    1PSUBC                         0                                  
    1PMODE                         4                                  
  100CL  104 213.3360972           4                     2    4MODAL      1
 -4  DISP        4    1
 -5  D1          1    2    1    0
 -5  D2          1    2    2    0
 -5  D3          1    2    3    0
 -5  ALL         1    2    0    0    1ALL
 -1        11-3.06560E+00 3.29349E+01-9.61768E+01
 -1       111-6.25874E+00 3.29372E+01-9.61775E+01
 -1       211 6.25874E+00 3.29372E+01-9.61775E+01
 -1       311 3.06560E+00 3.29349E+01-9.61768E+01
 -3
    1PSTEP                         5           1           1          
    1PGM                1.000000E+00                                  
    1PGK                1.460447E+07                                  
    1PHID                         -1                                  
    1PSUBC                         0                                  
    1PMODE                         5                                  
  100CL  105 608.2232295           4                     2    5MODAL      1
 -4  DISP        4    1
 -5  D1          1    2    1    0
 -5  D2          1    2    2    0
 -5  D3          1    2    3    0
 -5  ALL         1    2    0    0    1ALL
 -1        11 3.65012E+00 9.13200E+01-4.63810E+01
 -1       111-1.11868E+01 9.13291E+01-4.63989E+01
 -1       211 1.11868E+01 9.13291E+01-4.63989E+01
 -1       311-3.65012E+00 9.13200E+01-4.63810E+01
 -3
    1PSTEP                         6           1           1          
    1PGM                1.000000E+00                                  
    1PGK                1.460447E+07                                  
    1PHID                         -1                                  
    1PSUBC                         0                                  
    1PMODE                         6                                  
  100CL  106 608.2232295           4                     2    6MODAL      1
 -4  DISP        4    1
 -5  D1          1    2    1    0
 -5  D2          1    2    2    0
 -5  D3          1    2    3    0
 -5  ALL         1    2    0    0    1ALL
 -1        11-1.11868E+01-4.63989E+01-9.13291E+01
 -1       111-3.65012E+00-4.63810E+01-9.13200E+01
 -1       211 3.65012E+00-4.63810E+01-9.13200E+01
 -1       311 1.11868E+01-4.63989E+01-9.13291E+01
 -3
    1PSTEP                         7           1           1          
    1PGM                1.000000E+00                                  
    1PGK                5.926368E+07                                  
    1PHID                         -1                                  
    1PSUBC                         0                                  
    1PMODE                         7                                  
  100CL  107 1225.220974           4                     2    7MODAL      1
 -4  DISP        4    1
 -5  D1          1    2    1    0
 -5  D2          1    2    2    0
 -5  D3          1    2    3    0
 -5  ALL         1    2    0    0    1ALL
 -1        11-7.22834E-01 6.99887E+01-7.61540E+01
 -1       111-1.71478E+01 7.00496E+01-7.62100E+01
 -1       211 1.71478E+01 7.00496E+01-7.62100E+01
 -1       311 7.22834E-01 6.99887E+01-7.61540E+01
 -3
    1PSTEP                         8           1           1          
    1PGM                1.000000E+00                                  
    1PGK                5.926368E+07                                  
    1PHID                         -1                                  
    1PSUBC                         0                                  
    1PMODE                         8                                  
  100CL  108 1225.220974           4                     2    8MODAL      1
 -4  DISP        4    1
 -5  D1          1    2    1    0
 -5  D2          1    2    2    0
 -5  D3          1    2    3    0
 -5  ALL         1    2    0    0    1ALL
 -1        11 1.71478E+01 7.62100E+01 7.00496E+01
 -1       111-7.22834E-01 7.61540E+01 6.99887E+01
 -1       211 7.22834E-01 7.61540E+01 6.99887E+01
 -1       311-1.71478E+01 7.62100E+01 7.00496E+01
 -3
    1PSTEP                         9           1           2          
  100CL  109 1.00000E-03           4                     1    9           1
 -4  DISP        4    1
 -5  D1          1    2    1    0
 -5  D2          1    2    2    0
 -5  D3          1    2    3    0
 -5  ALL         1    2    0    0    1ALL
 -1        11-4.03268E-02-1.08959E+00-2.36873E-05
 -1       111 4.03268E-02-1.08959E+00 2.36873E-05
 -1       211-4.03268E-02-1.08959E+00 2.36873E-05
 -1       311 4.03268E-02-1.08959E+00-2.36873E-05
 -3
    1PSTEP                        10           2           2          
  100CL  110 2.00000E-03           4                     1   10           1
 -4  DISP        4    1
 -5  D1          1    2    1    0
 -5  D2          1    2    2    0
 -5  D3          1    2    3    0
 -5  ALL         1    2    0    0    1ALL
 -1        11-8.79120E-02-3.17159E+00-2.99177E-05
 -1       111 8.79120E-02-3.17159E+00 2.99177E-05
 -1       211-8.79120E-02-3.17159E+00 2.99177E-05
 -1       311 8.79120E-02-3.17159E+00-2.99177E-05
 -3
    1PSTEP                        11           3           2          
  100CL  111 3.00000E-03           4                     1   11           1
 -4  DISP        4    1
 -5  D1          1    2    1    0
 -5  D2          1    2    2    0
 -5  D3          1    2    3    0
 -5  ALL         1    2    0    0    1ALL
 -1        11-1.12963E-01-5.43255E+00-2.56450E-05
 -1       111 1.12963E-01-5.43255E+00 2.56450E-05
 -1       211-1.12963E-01-5.43255E+00 2.56450E-05
 -1       311 1.12963E-01-5.43255E+00-2.56450E-05
 -3
    1PSTEP                        12           4           2          
  100CL  112 4.00000E-03           4                     1   12           1
 -4  DISP        4    1
 -5  D1          1    2    1    0
 -5  D2          1    2    2    0
 -5  D3          1    2    3    0
 -5  ALL         1    2    0    0    1ALL
 -1        11-1.29367E-01-8.03845E+00-2.23835E-05
 -1       111 1.29367E-01-8.03845E+00 2.23836E-05
 -1       211-1.29367E-01-8.03845E+00 2.23836E-05
 -1       311 1.29367E-01-8.03845E+00-2.23835E-05
 -3
    1PSTEP                        13           5           2          
  100CL  113 5.00000E-03           4                     1   13           1
 -4  DISP        4    1
 -5  D1          1    2    1    0
 -5  D2          1    2    2    0
 -5  D3          1    2    3    0
 -5  ALL         1    2    0    0    1ALL
 -1        11-1.67307E-01-1.16601E+01-1.26170E-05
 -1       111 1.67307E-01-1.16601E+01 1.26173E-05
 -1       211-1.67307E-01-1.16601E+01 1.26173E-05
 -1       311 1.67307E-01-1.16601E+01-1.26170E-05
 -3
    1PSTEP                        14           6           2          
  100CL  114 6.00000E-03           4                     1   14           1
 -4  DISP        4    1
 -5  D1          1    2    1    0
 -5  D2          1    2    2    0
 -5  D3          1    2    3    0
 -5  ALL         1    2    0    0    1ALL
 -1        11-2.63296E-01-1.67028E+01-3.01903E-05
 -1       111 2.63296E-01-1.67028E+01 3.01906E-05
 -1       211-2.63296E-01-1.67028E+01 3.01906E-05
 -1       311 2.63296E-01-1.67028E+01-3.01903E-05
 -3
    1PSTEP                        15           7           2          
  100CL  115 7.00000E-03           4                     1   15           1
 -4  DISP        4    1
 -5  D1          1    2    1    0
 -5  D2          1    2    2    0
 -5  D3          1    2    3    0
 -5  ALL         1    2    0    0    1ALL
 -1        11-3.46641E-01-2.17635E+01-3.42394E-05
 -1       111 3.46641E-01-2.17635E+01 3.42398E-05
 -1       211-3.46641E-01-2.17635E+01 3.42398E-05
 -1       311 3.46641E-01-2.17635E+01-3.42394E-05
 -3
    1PSTEP                        16           8           2          
  100CL  116 8.00000E-03           4                     1   16           1
 -4  DISP        4    1
 -5  D1          1    2    1    0
 -5  D2          1    2    2    0
 -5  D3          1    2    3    0
 -5  ALL         1    2    0    0    1ALL
 -1        11-3.91067E-01-2.60795E+01-2.75074E-05
 -1       111 3.91067E-01-2.60795E+01 2.75080E-05
 -1       211-3.91067E-01-2.60795E+01 2.75080E-05
 -1       311 3.91067E-01-2.60795E+01-2.75074E-05
 -3
    1PSTEP                        17           9           2          
  100CL  117 9.00000E-03           4                     1   17           1
 -4  DISP        4    1
 -5  D1          1    2    1    0
 -5  D2          1    2    2    0
 -5  D3          1    2    3    0
 -5  ALL         1    2    0    0    1ALL
 -1        11-4.30574E-01-3.01363E+01-2.73919E-05
 -1       111 4.30574E-01-3.01363E+01 2.73928E-05
 -1       211-4.30574E-01-3.01363E+01 2.73928E-05
 -1       311 4.30574E-01-3.01363E+01-2.73919E-05
 -3
    1PSTEP                        18          10           2          
  100CL  118 1.00000E-02           4                     1   18           1
 -4  DISP        4    1
 -5  D1          1    2    1    0
 -5  D2          1    2    2    0
 -5  D3          1    2    3    0
 -5  ALL         1    2    0    0    1ALL
 -1        11-4.89445E-01-3.44334E+01-2.39398E-05
 -1       111 4.89445E-01-3.44334E+01 2.39409E-05
 -1       211-4.89445E-01-3.44334E+01 2.39409E-05
 -1       311 4.89445E-01-3.44334E+01-2.39398E-05
 -3
    1PSTEP                        19          11           2          
  100CL  119 1.10000E-02           4                     1   19           1
 -4  DISP        4    1
 -5  D1          1    2    1    0
 -5  D2          1    2    2    0
 -5  D3          1    2    3    0
 -5  ALL         1    2    0    0    1ALL
 -1        11-5.75232E-01-3.88375E+01-3.69186E-05
 -1       111 5.75232E-01-3.88375E+01 3.69200E-05
 -1       211-5.75232E-01-3.88375E+01 3.69199E-05
 -1       311 5.75232E-01-3.88375E+01-3.69185E-05
 -3
    1PSTEP                        20          12           2          
  100CL  120 1.20000E-02           4                     1   20           1
 -4  DISP        4    1
 -5  D1          1    2    1    0
 -5  D2          1    2    2    0
 -5  D3          1    2    3    0
 -5  ALL         1    2    0    0    1ALL
 -1        11-6.25744E-01-4.20545E+01-3.93565E-05
 -1       111 6.25744E-01-4.20545E+01 3.93582E-05
 -1       211-6.25744E-01-4.20545E+01 3.93582E-05
 -1       311 6.25744E-01-4.20545E+01-3.93565E-05
 -3
    1PSTEP                        21          13           2          
  100CL  121 1.30000E-02           4                     1   21           1
 -4  DISP        4    1
 -5  D1          1    2    1    0
 -5  D2          1    2    2    0
 -5  D3          1    2    3    0
 -5  ALL         1    2    0    0    1ALL
 -1        11-6.28011E-01-4.37069E+01-3.05230E-05
 -1       111 6.28011E-01-4.37069E+01 3.05250E-05
 -1       211-6.28011E-01-4.37069E+01 3.05250E-05
 -1       311 6.28011E-01-4.37069E+01-3.05229E-05
 -3
    1PSTEP                        22          14           2          
  100CL  122 1.40000E-02           4                     1   22           1
 -4  DISP        4    1
 -5  D1          1    2    1    0
 -5  D2          1    2    2    0
 -5  D3          1    2    3    0
 -5  ALL         1    2    0    0    1ALL
 -1        11-6.29533E-01-4.46371E+01-3.05590E-05
 -1       111 6.29533E-01-4.46371E+01 3.05614E-05
 -1       211-6.29533E-01-4.46371E+01 3.05614E-05
 -1       311 6.29533E-01-4.46371E+01-3.05590E-05
 -3
    1PSTEP                        23          15           2          
  100CL  123 1.50000E-02           4                     1   23           1
 -4  DISP        4    1
 -5  D1          1    2    1    0
 -5  D2          1    2    2    0
 -5  D3          1    2    3    0
 -5  ALL         1    2    0    0    1ALL
 -1        11-6.46977E-01-4.52636E+01-3.06432E-05
 -1       111 6.46977E-01-4.52636E+01 3.06460E-05
 -1       211-6.46977E-01-4.52636E+01 3.06460E-05
 -1       311 6.46977E-01-4.52636E+01-3.06432E-05
 -3
    1PSTEP                        24          16           2          
  100CL  124 1.60000E-02           4                     1   24           1
 -4  DISP        4    1
 -5  D1          1    2    1    0
 -5  D2          1    2    2    0
 -5  D3          1    2    3    0
 -5  ALL         1    2    0    0    1ALL
 -1        11-6.66892E-01-4.52008E+01-3.90791E-05
 -1       111 6.66892E-01-4.52008E+01 3.90822E-05
 -1       211-6.66892E-01-4.52008E+01 3.90821E-05
 -1       311 6.66892E-01-4.52008E+01-3.90791E-05
 -3
    1PSTEP                        25          17           2          
  100CL  125 1.70000E-02           4                     1   25           1
 -4  DISP        4    1
 -5  D1          1    2    1    0
 -5  D2          1    2    2    0
 -5  D3          1    2    3    0
 -5  ALL         1    2    0    0    1ALL
 -1        11-6.41902E-01-4.35463E+01-3.83604E-05
 -1       111 6.41902E-01-4.35463E+01 3.83638E-05
 -1       211-6.41902E-01-4.35463E+01 3.83638E-05
 -1       311 6.41902E-01-4.35463E+01-3.83604E-05
 -3
    1PSTEP                        26          18           2          
  100CL  126 1.80000E-02           4                     1   26           1
 -4  DISP        4    1
 -5  D1          1    2    1    0
 -5  D2          1    2    2    0
 -5  D3          1    2    3    0
 -5  ALL         1    2    0    0    1ALL
 -1        11-5.77482E-01-4.04811E+01-2.80656E-05
 -1       111 5.77482E-01-4.04811E+01 2.80692E-05
 -1       211-5.77482E-01-4.04811E+01 2.80692E-05
 -1       311 5.77482E-01-4.04811E+01-2.80656E-05
 -3
    1PSTEP                        27          19           2          
  100CL  127 1.90000E-02           4                     1   27           1
 -4  DISP        4    1
 -5  D1          1    2    1    0
 -5  D2          1    2    2    0
 -5  D3          1    2    3    0
 -5  ALL         1    2    0    0    1ALL
 -1        11-5.26489E-01-3.71128E+01-2.81736E-05
 -1       111 5.26489E-01-3.71128E+01 2.81774E-05
 -1       211-5.26489E-01-3.71128E+01 2.81774E-05
 -1       311 5.26489E-01-3.71128E+01-2.81736E-05
 -3
    1PSTEP                        28          20           2          
  100CL  128 2.00000E-02           4                     1   28           1
 -4  DISP        4    1
 -5  D1          1    2    1    0
 -5  D2          1    2    2    0
 -5  D3          1    2    3    0
 -5  ALL         1    2    0    0    1ALL
 -1        11-4.94955E-01-3.37517E+01-3.03658E-05
 -1       111 4.94955E-01-3.37517E+01 3.03697E-05
 -1       211-4.94955E-01-3.37517E+01 3.03697E-05
 -1       311 4.94955E-01-3.37517E+01-3.03658E-05
 -3
    1PSTEP                        29          21           2          
  100CL  129 2.10000E-02           4                     1   29           1
 -4  DISP        4    1
 -5  D1          1    2    1    0
 -5  D2          1    2    2    0
 -5  D3          1    2    3    0
 -5  ALL         1    2    0    0    1ALL
 -1        11-4.56237E-01-2.99110E+01-3.45930E-05
 -1       111 4.56237E-01-2.99110E+01 3.45969E-05
 -1       211-4.56237E-01-2.99110E+01 3.45969E-05
 -1       311 4.56237E-01-2.99110E+01-3.45930E-05
 -3
    1PSTEP                        30          22           2          
  100CL  130 2.20000E-02           4                     1   30           1
 -4  DISP        4    1
 -5  D1          1    2    1    0
 -5  D2          1    2    2    0
 -5  D3          1    2    3    0
 -5  ALL         1    2    0    0    1ALL
 -1        11-3.80940E-01-2.51399E+01-3.09524E-05
 -1       111 3.80940E-01-2.51399E+01 3.09562E-05
 -1       211-3.80940E-01-2.51399E+01 3.09562E-05
 -1       311 3.80940E-01-2.51399E+01-3.09524E-05
 -3
    1PSTEP                        31          23           2          
  100CL  131 2.30000E-02           4                     1   31           1
 -4  DISP        4    1
 -5  D1          1    2    1    0
 -5  D2          1    2    2    0
 -5  D3          1    2    3    0
 -5  ALL         1    2    0    0    1ALL
 -1        11-2.90878E-01-2.00578E+01-2.12394E-05
 -1       111 2.90878E-01-2.00578E+01 2.12430E-05
 -1       211-2.90878E-01-2.00578E+01 2.12430E-05
 -1       311 2.90878E-01-2.00578E+01-2.12394E-05
 -3
    1PSTEP                        32          24           2          
  100CL  132 2.40000E-02           4                     1   32           1
 -4  DISP        4    1
 -5  D1          1    2    1    0
 -5  D2          1    2    2    0
 -5  D3          1    2    3    0
 -5  ALL         1    2    0    0    1ALL
 -1        11-2.34300E-01-1.57515E+01-2.26946E-05
 -1       111 2.34300E-01-1.57515E+01 2.26979E-05
 -1       211-2.34300E-01-1.57515E+01 2.26979E-05
 -1       311 2.34300E-01-1.57515E+01-2.26946E-05
 -3
    1PSTEP                        33          25           2          
  100CL  133 2.50000E-02           4                     1   33           1
 -4  DISP        4    1
 -5  D1          1    2    1    0
 -5  D2          1    2    2    0
 -5  D3          1    2    3    0
 -5  ALL         1    2    0    0    1ALL
 -1        11-2.03441E-01-1.22537E+01-2.65558E-05
 -1       111 2.03441E-01-1.22537E+01 2.65588E-05
 -1       211-2.03441E-01-1.22537E+01 2.65588E-05
 -1       311 2.03441E-01-1.22537E+01-2.65558E-05
 -3
    1PSTEP                        34          26           2          
  100CL  134 2.60000E-02           4                     1   34           1
 -4  DISP        4    1
 -5  D1          1    2    1    0
 -5  D2          1    2    2    0
 -5  D3          1    2    3    0
 -5  ALL         1    2    0    0    1ALL
 -1        11-1.64723E-01-8.96530E+00-2.78604E-05
 -1       111 1.64723E-01-8.96530E+00 2.78628E-05
 -1       211-1.64723E-01-8.96530E+00 2.78628E-05
 -1       311 1.64723E-01-8.96530E+00-2.78604E-05
 -3
    1PSTEP                        35          27           2          
  100CL  135 2.70000E-02           4                     1   35           1
 -4  DISP        4    1
 -5  D1          1    2    1    0
 -5  D2          1    2    2    0
 -5  D3          1    2    3    0
 -5  ALL         1    2    0    0    1ALL
 -1        11-1.05931E-01-5.74385E+00-2.30580E-05
 -1       111 1.05931E-01-5.74385E+00 2.30599E-05
 -1       211-1.05931E-01-5.74385E+00 2.30599E-05
 -1       311 1.05931E-01-5.74385E+00-2.30580E-05
 -3
    1PSTEP                        36          28           2          
  100CL  136 2.80000E-02           4                     1   36           1
 -4  DISP        4    1
 -5  D1          1    2    1    0
 -5  D2          1    2    2    0
 -5  D3          1    2    3    0
 -5  ALL         1    2    0    0    1ALL
 -1        11-5.81411E-02-3.34397E+00-1.62544E-05
 -1       111 5.81411E-02-3.34397E+00 1.62556E-05
 -1       211-5.81411E-02-3.34397E+00 1.62556E-05
 -1       311 5.81411E-02-3.34397E+00-1.62544E-05
 -3
    1PSTEP                        37          29           2          
  100CL  137 2.90000E-02           4                     1   37           1
 -4  DISP        4    1
 -5  D1          1    2    1    0
 -5  D2          1    2    2    0
 -5  D3          1    2    3    0
 -5  ALL         1    2    0    0    1ALL
 -1        11-5.59577E-02-2.50008E+00-2.02330E-05
 -1       111 5.59577E-02-2.50008E+00 2.02336E-05
 -1       211-5.59577E-02-2.50008E+00 2.02336E-05
 -1       311 5.59577E-02-2.50008E+00-2.02330E-05
 -3
    1PSTEP                        38          30           2          
  100CL  138 3.00000E-02           4                     1   38           1
 -4  DISP        4    1
 -5  D1          1    2    1    0
 -5  D2          1    2    2    0
 -5  D3          1    2    3    0
 -5  ALL         1    2    0    0    1ALL
 -1        11-7.69081E-02-2.81445E+00-2.54251E-05
 -1       111 7.69081E-02-2.81445E+00 2.54251E-05
 -1       211-7.69081E-02-2.81445E+00 2.54251E-05
 -1       311 7.69081E-02-2.81445E+00-2.54251E-05
 -3
    1PSTEP                        39          31           2          
  100CL  139 3.10000E-02           4                     1   39           1
 -4  DISP        4    1
 -5  D1          1    2    1    0
 -5  D2          1    2    2    0
 -5  D3          1    2    3    0
 -5  ALL         1    2    0    0    1ALL
 -1        11-8.62700E-02-3.55751E+00-2.50668E-05
 -1       111 8.62700E-02-3.55751E+00 2.50661E-05
 -1       211-8.62700E-02-3.55751E+00 2.50661E-05
 -1       311 8.62700E-02-3.55751E+00-2.50668E-05
 -3
    1PSTEP                        40          32           2          
  100CL  140 3.20000E-02           4                     1   40           1
 -4  DISP        4    1
 -5  D1          1    2    1    0
 -5  D2          1    2    2    0
 -5  D3          1    2    3    0
 -5  ALL         1    2    0    0    1ALL
 -1        11-8.64558E-02-4.74335E+00-2.07509E-05
 -1       111 8.64558E-02-4.74335E+00 2.07495E-05
 -1       211-8.64558E-02-4.74335E+00 2.07495E-05
 -1       311 8.64558E-02-4.74335E+00-2.07509E-05
 -3
    1PSTEP                        41          33           2          
  100CL  141 3.30000E-02           4                     1   41           1
 -4  DISP        4    1
 -5  D1          1    2    1    0
 -5  D2          1    2    2    0
 -5  D3          1    2    3    0
 -5  ALL         1    2    0    0    1ALL
 -1        11-1.10146E-01-7.01371E+00-1.79522E-05
 -1       111 1.10146E-01-7.01371E+00 1.79505E-05
 -1       211-1.10146E-01-7.01371E+00 1.79504E-05
 -1       311 1.10146E-01-7.01371E+00-1.79522E-05
 -3
    1PSTEP                        42          34           2          
  100CL  142 3.40000E-02           4                     1   42           1
 -4  DISP        4    1
 -5  D1          1    2    1    0
 -5  D2          1    2    2    0
 -5  D3          1    2    3    0
 -5  ALL         1    2    0    0    1ALL
 -1        11-1.73679E-01-1.05954E+01-2.42504E-05
 -1       111 1.73679E-01-1.05954E+01 2.42482E-05
 -1       211-1.73679E-01-1.05954E+01 2.42482E-05
 -1       311 1.73679E-01-1.05954E+01-2.42504E-05
 -3
    1PSTEP                        43          35           2          
  100CL  143 3.50000E-02           4                     1   43           1
 -4  DISP        4    1
 -5  D1          1    2    1    0
 -5  D2          1    2    2    0
 -5  D3          1    2    3    0
 -5  ALL         1    2    0    0    1ALL
 -1        11-2.43405E-01-1.47101E+01-2.95838E-05
 -1       111 2.43405E-01-1.47101E+01 2.95813E-05
 -1       211-2.43405E-01-1.47101E+01 2.95813E-05
 -1       311 2.43405E-01-1.47101E+01-2.95838E-05
 -3
    1PSTEP                        44          36           2          
  100CL  144 3.60000E-02           4                     1   44           1
 -4  DISP        4    1
 -5  D1          1    2    1    0
 -5  D2          1    2    2    0
 -5  D3          1    2    3    0
 -5  ALL         1    2    0    0    1ALL
 -1        11-2.90073E-01-1.86284E+01-2.78433E-05
 -1       111 2.90073E-01-1.86284E+01 2.78407E-05
 -1       211-2.90073E-01-1.86284E+01 2.78407E-05
 -1       311 2.90073E-01-1.86284E+01-2.78433E-05
 -3
    1PSTEP                        45          37           2          
  100CL  145 3.70000E-02           4                     1   45           1
 -4  DISP        4    1
 -5  D1          1    2    1    0
 -5  D2          1    2    2    0
 -5  D3          1    2    3    0
 -5  ALL         1    2    0    0    1ALL
 -1        11-3.28570E-01-2.25140E+01-2.44602E-05
 -1       111 3.28570E-01-2.25140E+01 2.44577E-05
 -1       211-3.28570E-01-2.25140E+01 2.44577E-05
 -1       311 3.28570E-01-2.25140E+01-2.44602E-05
 -3
    1PSTEP                        46          38           2          
  100CL  146 3.80000E-02           4                     1   46           1
 -4  DISP        4    1
 -5  D1          1    2    1    0
 -5  D2          1    2    2    0
 -5  D3          1    2    3    0
 -5  ALL         1    2    0    0    1ALL
 -1        11-3.88039E-01-2.68484E+01-2.49656E-05
 -1       111 3.88039E-01-2.68484E+01 2.49634E-05
 -1       211-3.88039E-01-2.68484E+01 2.49634E-05
 -1       311 3.88039E-01-2.68484E+01-2.49656E-05
 -3
    1PSTEP                        47          39           2          
  100CL  147 3.90000E-02           4                     1   47           1
 -4  DISP        4    1
 -5  D1          1    2    1    0
 -5  D2          1    2    2    0
 -5  D3          1    2    3    0
 -5  ALL         1    2    0    0    1ALL
 -1        11-4.67608E-01-3.14570E+01-3.18724E-05
 -1       111 4.67608E-01-3.14570E+01 3.18706E-05
 -1       211-4.67608E-01-3.14570E+01 3.18706E-05
 -1       311 4.67608E-01-3.14570E+01-3.18724E-05
 -3
    1PSTEP                        48          40           2          
  100CL  148 4.00000E-02           4                     1   48           1
 -4  DISP        4    1
 -5  D1          1    2    1    0
 -5  D2          1    2    2    0
 -5  D3          1    2    3    0
 -5  ALL         1    2    0    0    1ALL
 -1        11-5.29952E-01-3.54486E+01-3.54422E-05
 -1       111 5.29952E-01-3.54486E+01 3.54409E-05
 -1       211-5.29952E-01-3.54486E+01 3.54409E-05
 -1       311 5.29952E-01-3.54486E+01-3.54422E-05
 -3
    1PSTEP                        49          41           2          
  100CL  149 4.10000E-02           4                     1   49           1
 -4  DISP        4    1
 -5  D1          1    2    1    0
 -5  D2          1    2    2    0
 -5  D3          1    2    3    0
 -5  ALL         1    2    0    0    1ALL
 -1        11-5.57892E-01-3.83506E+01-3.18623E-05
 -1       111 5.57892E-01-3.83506E+01 3.18616E-05
 -1       211-5.57892E-01-3.83506E+01 3.18616E-05
 -1       311 5.57892E-01-3.83506E+01-3.18623E-05
 -3
    1PSTEP                        50          42           2          
  100CL  150 4.20000E-02           4                     1   50           1
 -4  DISP        4    1
 -5  D1          1    2    1    0
 -5  D2          1    2    2    0
 -5  D3          1    2    3    0
 -5  ALL         1    2    0    0    1ALL
 -1        11-5.76837E-01-4.05757E+01-2.89843E-05
 -1       111 5.76837E-01-4.05757E+01 2.89846E-05
 -1       211-5.76837E-01-4.05757E+01 2.89845E-05
 -1       311 5.76837E-01-4.05757E+01-2.89843E-05
 -3
    1PSTEP                        51          43           2          
  100CL  151 4.30000E-02           4                     1   51           1
 -4  DISP        4    1
 -5  D1          1    2    1    0
 -5  D2          1    2    2    0
 -5  D3          1    2    3    0
 -5  ALL         1    2    0    0    1ALL
 -1        11-6.09763E-01-4.25325E+01-3.11523E-05
 -1       111 6.09763E-01-4.25325E+01 3.11535E-05
 -1       211-6.09763E-01-4.25325E+01 3.11535E-05
 -1       311 6.09763E-01-4.25325E+01-3.11523E-05
 -3
    1PSTEP                        52          44           2          
  100CL  152 4.40000E-02           4                     1   52           1
 -4  DISP        4    1
 -5  D1          1    2    1    0
 -5  D2          1    2    2    0
 -5  D3          1    2    3    0
 -5  ALL         1    2    0    0    1ALL
 -1        11-6.43293E-01-4.38801E+01-3.66333E-05
 -1       111 6.43293E-01-4.38801E+01 3.66354E-05
 -1       211-6.43293E-01-4.38801E+01 3.66354E-05
 -1       311 6.43293E-01-4.38801E+01-3.66333E-05
 -3
    1PSTEP                        53          45           2          
  100CL  153 4.50000E-02           4                     1   53           1
 -4  DISP        4    1
 -5  D1          1    2    1    0
 -5  D2          1    2    2    0
 -5  D3          1    2    3    0
 -5  ALL         1    2    0    0    1ALL
 -1        11-6.44616E-01-4.39201E+01-3.70219E-05
 -1       111 6.44616E-01-4.39201E+01 3.70249E-05
 -1       211-6.44616E-01-4.39201E+01 3.70249E-05
 -1       311 6.44616E-01-4.39201E+01-3.70219E-05
 -3
    1PSTEP                        54          46           2          
  100CL  154 4.60000E-02           4                     1   54           1
 -4  DISP        4    1
 -5  D1          1    2    1    0
 -5  D2          1    2    2    0
 -5  D3          1    2    3    0
 -5  ALL         1    2    0    0    1ALL
 -1        11-6.12392E-01-4.26311E+01-3.15659E-05
 -1       111 6.12392E-01-4.26311E+01 3.15698E-05
 -1       211-6.12392E-01-4.26311E+01 3.15698E-05
 -1       311 6.12392E-01-4.26311E+01-3.15659E-05
 -3
    1PSTEP                        55          47           2          
  100CL  155 4.70000E-02           4                     1   55           1
 -4  DISP        4    1
 -5  D1          1    2    1    0
 -5  D2          1    2    2    0
 -5  D3          1    2    3    0
 -5  ALL         1    2    0    0    1ALL
 -1        11-5.78928E-01-4.07023E+01-2.90489E-05
 -1       111 5.78928E-01-4.07023E+01 2.90537E-05
 -1       211-5.78928E-01-4.07023E+01 2.90536E-05
 -1       311 5.78928E-01-4.07023E+01-2.90489E-05
 -3
    1PSTEP                        56          48           2          
  100CL  156 4.80000E-02           4                     1   56           1
 -4  DISP        4    1
 -5  D1          1    2    1    0
 -5  D2          1    2    2    0
 -5  D3          1    2    3    0
 -5  ALL         1    2    0    0    1ALL
 -1        11-5.58967E-01-3.85057E+01-3.17094E-05
 -1       111 5.58967E-01-3.85057E+01 3.17149E-05
 -1       211-5.58967E-01-3.85057E+01 3.17149E-05
 -1       311 5.58967E-01-3.85057E+01-3.17094E-05
 -3
    1PSTEP                        57          49           2          
  100CL  157 4.90000E-02           4                     1   57           1
 -4  DISP        4    1
 -5  D1          1    2    1    0
 -5  D2          1    2    2    0
 -5  D3          1    2    3    0
 -5  ALL         1    2    0    0    1ALL
 -1        11-5.31609E-01-3.56865E+01-3.48111E-05
 -1       111 5.31609E-01-3.56865E+01 3.48172E-05
 -1       211-5.31609E-01-3.56865E+01 3.48172E-05
 -1       311 5.31609E-01-3.56865E+01-3.48111E-05
 -3
    1PSTEP                        58          50           2          
  100CL  158 5.00000E-02           4                     1   58           1
 -4  DISP        4    1
 -5  D1          1    2    1    0
 -5  D2          1    2    2    0
 -5  D3          1    2    3    0
 -5  ALL         1    2    0    0    1ALL
 -1        11-4.73799E-01-3.18728E+01-3.21692E-05
 -1       111 4.73799E-01-3.18728E+01 3.21756E-05
 -1       211-4.73799E-01-3.18728E+01 3.21756E-05
 -1       311 4.73799E-01-3.18728E+01-3.21692E-05
 -3
    1PSTEP                        59          51           2          
  100CL  159 5.10000E-02           4                     1   59           1
 -4  DISP        4    1
 -5  D1          1    2    1    0
 -5  D2          1    2    2    0
 -5  D3          1    2    3    0
 -5  ALL         1    2    0    0    1ALL
 -1        11-3.98801E-01-2.74612E+01-2.60267E-05
 -1       111 3.98801E-01-2.74612E+01 2.60333E-05
 -1       211-3.98801E-01-2.74612E+01 2.60333E-05
 -1       311 3.98801E-01-2.74612E+01-2.60267E-05
 -3
    1PSTEP                        60          52           2          
  100CL  160 5.20000E-02           4                     1   60           1
 -4  DISP        4    1
 -5  D1          1    2    1    0
 -5  D2          1    2    2    0
 -5  D3          1    2    3    0
 -5  ALL         1    2    0    0    1ALL
 -1        11-3.39500E-01-2.32521E+01-2.46561E-05
 -1       111 3.39500E-01-2.32521E+01 2.46626E-05
 -1       211-3.39500E-01-2.32521E+01 2.46626E-05
 -1       311 3.39500E-01-2.32521E+01-2.46561E-05
 -3
    1PSTEP                        61          53           2          
  100CL  161 5.30000E-02           4                     1   61           1
 -4  DISP        4    1
 -5  D1          1    2    1    0
 -5  D2          1    2    2    0
 -5  D3          1    2    3    0
 -5  ALL         1    2    0    0    1ALL
 -1        11-2.99872E-01-1.94674E+01-2.77320E-05
 -1       111 2.99872E-01-1.94674E+01 2.77383E-05
 -1       211-2.99872E-01-1.94674E+01 2.77383E-05
 -1       311 2.99872E-01-1.94674E+01-2.77320E-05
 -3
    1PSTEP                        62          54           2          
  100CL  162 5.40000E-02           4                     1   62           1
 -4  DISP        4    1
 -5  D1          1    2    1    0
 -5  D2          1    2    2    0
 -5  D3          1    2    3    0
 -5  ALL         1    2    0    0    1ALL
 -1        11-2.54925E-01-1.57205E+01-2.89290E-05
 -1       111 2.54925E-01-1.57205E+01 2.89347E-05
 -1       211-2.54925E-01-1.57205E+01 2.89347E-05
 -1       311 2.54925E-01-1.57205E+01-2.89290E-05
 -3
    1PSTEP                        63          55           2          
  100CL  163 5.50000E-02           4                     1   63           1
 -4  DISP        4    1
 -5  D1          1    2    1    0
 -5  D2          1    2    2    0
 -5  D3          1    2    3    0
 -5  ALL         1    2    0    0    1ALL
 -1        11-1.92485E-01-1.18841E+01-2.48280E-05
 -1       111 1.92485E-01-1.18841E+01 2.48329E-05
 -1       211-1.92485E-01-1.18841E+01 2.48329E-05
 -1       311 1.92485E-01-1.18841E+01-2.48280E-05
 -3
    1PSTEP                        64          56           2          
  100CL  164 5.60000E-02           4                     1   64           1
 -4  DISP        4    1
 -5  D1          1    2    1    0
 -5  D2          1    2    2    0
 -5  D3          1    2    3    0
 -5  ALL         1    2    0    0    1ALL
 -1        11-1.34904E-01-8.53524E+00-1.99583E-05
 -1       111 1.34904E-01-8.53524E+00 1.99624E-05
 -1       211-1.34904E-01-8.53524E+00 1.99624E-05
 -1       311 1.34904E-01-8.53524E+00-1.99583E-05
 -3
    1PSTEP                        65          57           2          
  100CL  165 5.70000E-02           4                     1   65           1
 -4  DISP        4    1
 -5  D1          1    2    1    0
 -5  D2          1    2    2    0
 -5  D3          1    2    3    0
 -5  ALL         1    2    0    0    1ALL
 -1        11-1.08294E-01-6.30184E+00-2.08651E-05
 -1       111 1.08294E-01-6.30184E+00 2.08682E-05
 -1       211-1.08294E-01-6.30184E+00 2.08682E-05
 -1       311 1.08294E-01-6.30184E+00-2.08651E-05
 -3
    1PSTEP                        66          58           2          
  100CL  166 5.80000E-02           4                     1   66           1
 -4  DISP        4    1
 -5  D1          1    2    1    0
 -5  D2          1    2    2    0
 -5  D3          1    2    3    0
 -5  ALL         1    2    0    0    1ALL
 -1        11-1.04118E-01-5.08392E+00-2.47177E-05
 -1       111 1.04118E-01-5.08392E+00 2.47196E-05
 -1       211-1.04118E-01-5.08392E+00 2.47196E-05
 -1       311 1.04118E-01-5.08392E+00-2.47177E-05
 -3
    1PSTEP                        67          59           2          
  100CL  167 5.90000E-02           4                     1   67           1
 -4  DISP        4    1
 -5  D1          1    2    1    0
 -5  D2          1    2    2    0
 -5  D3          1    2    3    0
 -5  ALL         1    2    0    0    1ALL
 -1        11-9.59972E-02-4.38354E+00-2.49903E-05
 -1       111 9.59972E-02-4.38354E+00 2.49909E-05
 -1       211-9.59972E-02-4.38354E+00 2.49909E-05
 -1       311 9.59972E-02-4.38354E+00-2.49903E-05
 -3
    1PSTEP                        68          60           2          
  100CL  168 6.00000E-02           4                     1   68           1
 -4  DISP        4    1
 -5  D1          1    2    1    0
 -5  D2          1    2    2    0
 -5  D3          1    2    3    0
 -5  ALL         1    2    0    0    1ALL
 -1        11-8.13987E-02-4.16742E+00-2.11536E-05
 -1       111 8.13987E-02-4.16742E+00 2.11530E-05
 -1       211-8.13987E-02-4.16742E+00 2.11530E-05
 -1       311 8.13987E-02-4.16742E+00-2.11536E-05
 -3
    1PSTEP                        69          61           2          
  100CL  169 6.10000E-02           4                     1   69           1
 -4  DISP        4    1
 -5  D1          1    2    1    0
 -5  D2          1    2    2    0
 -5  D3          1    2    3    0
 -5  ALL         1    2    0    0    1ALL
 -1        11-8.52030E-02-4.94484E+00-1.89524E-05
 -1       111 8.52030E-02-4.94484E+00 1.89508E-05
 -1       211-8.52030E-02-4.94484E+00 1.89508E-05
 -1       311 8.52030E-02-4.94484E+00-1.89524E-05
 -3
    1PSTEP                        70          62           2          
  100CL  170 6.20000E-02           4                     1   70           1
 -4  DISP        4    1
 -5  D1          1    2    1    0
 -5  D2          1    2    2    0
 -5  D3          1    2    3    0
 -5  ALL         1    2    0    0    1ALL
 -1        11-1.21660E-01-6.97206E+00-2.24037E-05
 -1       111 1.21660E-01-6.97206E+00 2.24010E-05
 -1       211-1.21660E-01-6.97206E+00 2.24010E-05
 -1       311 1.21660E-01-6.97206E+00-2.24037E-05
 -3
    1PSTEP                        71          63           2          
  100CL  171 6.30000E-02           4                     1   71           1
 -4  DISP        4    1
 -5  D1          1    2    1    0
 -5  D2          1    2    2    0
 -5  D3          1    2    3    0
 -5  ALL         1    2    0    0    1ALL
 -1        11-1.71091E-01-9.78515E+00-2.67217E-05
 -1       111 1.71091E-01-9.78515E+00 2.67181E-05
 -1       211-1.71091E-01-9.78515E+00 2.67181E-05
 -1       311 1.71091E-01-9.78515E+00-2.67217E-05
 -3
    1PSTEP                        72          64           2          
  100CL  172 6.40000E-02           4                     1   72           1
 -4  DISP        4    1
 -5  D1          1    2    1    0
 -5  D2          1    2    2    0
 -5  D3          1    2    3    0
 -5  ALL         1    2    0    0    1ALL
 -1        11-2.09458E-01-1.28055E+01-2.63920E-05
 -1       111 2.09458E-01-1.28055E+01 2.63877E-05
 -1       211-2.09458E-01-1.28055E+01 2.63877E-05
 -1       311 2.09458E-01-1.28055E+01-2.63920E-05
 -3
    1PSTEP                        73          65           2          
  100CL  173 6.50000E-02           4                     1   73           1
 -4  DISP        4    1
 -5  D1          1    2    1    0
 -5  D2          1    2    2    0
 -5  D3          1    2    3    0
 -5  ALL         1    2    0    0    1ALL
 -1        11-2.42719E-01-1.60528E+01-2.35024E-05
 -1       111 2.42719E-01-1.60528E+01 2.34976E-05
 -1       211-2.42719E-01-1.60528E+01 2.34976E-05
 -1       311 2.42719E-01-1.60528E+01-2.35024E-05
 -3
    1PSTEP                        74          66           2          
  100CL  174 6.60000E-02           4                     1   74           1
 -4  DISP        4    1
 -5  D1          1    2    1    0
 -5  D2          1    2    2    0
 -5  D3          1    2    3    0
 -5  ALL         1    2    0    0    1ALL
 -1        11-2.93753E-01-1.98856E+01-2.38711E-05
 -1       111 2.93753E-01-1.98856E+01 2.38661E-05
 -1       211-2.93753E-01-1.98856E+01 2.38661E-05
 -1       311 2.93753E-01-1.98856E+01-2.38711E-05
 -3
    1PSTEP                        75          67           2          
  100CL  175 6.70000E-02           4                     1   75           1
 -4  DISP        4    1
 -5  D1          1    2    1    0
 -5  D2          1    2    2    0
 -5  D3          1    2    3    0
 -5  ALL         1    2    0    0    1ALL
 -1        11-3.64316E-01-2.42130E+01-2.87098E-05
 -1       111 3.64316E-01-2.42130E+01 2.87049E-05
 -1       211-3.64316E-01-2.42130E+01 2.87049E-05
 -1       311 3.64316E-01-2.42130E+01-2.87098E-05
 -3
    1PSTEP                        76          68           2          
  100CL  176 6.80000E-02           4                     1   76           1
 -4  DISP        4    1
 -5  D1          1    2    1    0
 -5  D2          1    2    2    0
 -5  D3          1    2    3    0
 -5  ALL         1    2    0    0    1ALL
 -1        11-4.28739E-01-2.83779E+01-3.21903E-05
 -1       111 4.28739E-01-2.83779E+01 3.21857E-05
 -1       211-4.28739E-01-2.83779E+01 3.21857E-05
 -1       311 4.28739E-01-2.83779E+01-3.21903E-05
 -3
    1PSTEP                        77          69           2          
  100CL  177 6.90000E-02           4                     1   77           1
 -4  DISP        4    1
 -5  D1          1    2    1    0
 -5  D2          1    2    2    0
 -5  D3          1    2    3    0
 -5  ALL         1    2    0    0    1ALL
 -1        11-4.70265E-01-3.19092E+01-3.07075E-05
 -1       111 4.70265E-01-3.19092E+01 3.07035E-05
 -1       211-4.70265E-01-3.19092E+01 3.07035E-05
 -1       311 4.70265E-01-3.19092E+01-3.07075E-05
 -3
    1PSTEP                        78          70           2          
  100CL  178 7.00000E-02           4                     1   78           1
 -4  DISP        4    1
 -5  D1          1    2    1    0
 -5  D2          1    2    2    0
 -5  D3          1    2    3    0
 -5  ALL         1    2    0    0    1ALL
 -1        11-5.02890E-01-3.49758E+01-2.83650E-05
 -1       111 5.02890E-01-3.49758E+01 2.83620E-05
 -1       211-5.02890E-01-3.49758E+01 2.83620E-05
 -1       311 5.02890E-01-3.49758E+01-2.83650E-05
 -3
    1PSTEP                        79          71           2          
  100CL  179 7.10000E-02           4                     1   79           1
 -4  DISP        4    1
 -5  D1          1    2    1    0
 -5  D2          1    2    2    0
 -5  D3          1    2    3    0
 -5  ALL         1    2    0    0    1ALL
 -1        11-5.45574E-01-3.78656E+01-3.00590E-05
 -1       111 5.45574E-01-3.78656E+01 3.00570E-05
 -1       211-5.45574E-01-3.78656E+01 3.00570E-05
 -1       311 5.45574E-01-3.78656E+01-3.00590E-05
 -3
    1PSTEP                        80          72           2          
  100CL  180 7.20000E-02           4                     1   80           1
 -4  DISP        4    1
 -5  D1          1    2    1    0
 -5  D2          1    2    2    0
 -5  D3          1    2    3    0
 -5  ALL         1    2    0    0    1ALL
 -1        11-5.90601E-01-4.03306E+01-3.44204E-05
 -1       111 5.90601E-01-4.03306E+01 3.44197E-05
 -1       211-5.90601E-01-4.03306E+01 3.44197E-05
 -1       311 5.90601E-01-4.03306E+01-3.44204E-05
 -3
    1PSTEP                        81          73           2          
  100CL  181 7.30000E-02           4                     1   81           1
 -4  DISP        4    1
 -5  D1          1    2    1    0
 -5  D2          1    2    2    0
 -5  D3          1    2    3    0
 -5  ALL         1    2    0    0    1ALL
 -1        11-6.13154E-01-4.17935E+01-3.56327E-05
 -1       111 6.13154E-01-4.17935E+01 3.56333E-05
 -1       211-6.13154E-01-4.17935E+01 3.56333E-05
 -1       311 6.13154E-01-4.17935E+01-3.56326E-05
 -3
    1PSTEP                        82          74           2          
  100CL  182 7.40000E-02           4                     1   82           1
 -4  DISP        4    1
 -5  D1          1    2    1    0
 -5  D2          1    2    2    0
 -5  D3          1    2    3    0
 -5  ALL         1    2    0    0    1ALL
 -1        11-6.07761E-01-4.21004E+01-3.24638E-05
 -1       111 6.07761E-01-4.21004E+01 3.24659E-05
 -1       211-6.07761E-01-4.21004E+01 3.24659E-05
 -1       311 6.07761E-01-4.21004E+01-3.24638E-05
 -3
    1PSTEP                        83          75           2          
  100CL  183 7.50000E-02           4                     1   83           1
 -4  DISP        4    1
 -5  D1          1    2    1    0
 -5  D2          1    2    2    0
 -5  D3          1    2    3    0
 -5  ALL         1    2    0    0    1ALL
 -1        11-5.95168E-01-4.16628E+01-3.01889E-05
 -1       111 5.95168E-01-4.16628E+01 3.01925E-05
 -1       211-5.95168E-01-4.16628E+01 3.01925E-05
 -1       311 5.95168E-01-4.16628E+01-3.01889E-05
 -3
    1PSTEP                        84          76           2          
  100CL  184 7.60000E-02           4                     1   84           1
 -4  DISP        4    1
 -5  D1          1    2    1    0
 -5  D2          1    2    2    0
 -5  D3          1    2    3    0
 -5  ALL         1    2    0    0    1ALL
 -1        11-5.89378E-01-4.07817E+01-3.20545E-05
 -1       111 5.89378E-01-4.07817E+01 3.20595E-05
 -1       211-5.89378E-01-4.07817E+01 3.20595E-05
 -1       311 5.89378E-01-4.07817E+01-3.20545E-05
 -3
    1PSTEP                        85          77           2          
  100CL  185 7.70000E-02           4                     1   85           1
 -4  DISP        4    1
 -5  D1          1    2    1    0
 -5  D2          1    2    2    0
 -5  D3          1    2    3    0
 -5  ALL         1    2    0    0    1ALL
 -1        11-5.77042E-01-3.92182E+01-3.47072E-05
 -1       111 5.77042E-01-3.92182E+01 3.47134E-05
 -1       211-5.77042E-01-3.92182E+01 3.47134E-05
 -1       311 5.77042E-01-3.92182E+01-3.47072E-05
 -3
    1PSTEP                        86          78           2          
  100CL  186 7.80000E-02           4                     1   86           1
 -4  DISP        4    1
 -5  D1          1    2    1    0
 -5  D2          1    2    2    0
 -5  D3          1    2    3    0
 -5  ALL         1    2    0    0    1ALL
 -1        11-5.39363E-01-3.66459E+01-3.32919E-05
 -1       111 5.39363E-01-3.66459E+01 3.32992E-05
 -1       211-5.39363E-01-3.66459E+01 3.32992E-05
 -1       311 5.39363E-01-3.66459E+01-3.32919E-05
 -3
    1PSTEP                        87          79           2          
  100CL  187 7.90000E-02           4                     1   87           1
 -4  DISP        4    1
 -5  D1          1    2    1    0
 -5  D2          1    2    2    0
 -5  D3          1    2    3    0
 -5  ALL         1    2    0    0    1ALL
 -1        11-4.82661E-01-3.32781E+01-2.89229E-05
 -1       111 4.82661E-01-3.32781E+01 2.89310E-05
 -1       211-4.82661E-01-3.32781E+01 2.89310E-05
 -1       311 4.82661E-01-3.32781E+01-2.89229E-05
 -3
    1PSTEP                        88          80           2          
  100CL  188 8.00000E-02           4                     1   88           1
 -4  DISP        4    1
 -5  D1          1    2    1    0
 -5  D2          1    2    2    0
 -5  D3          1    2    3    0
 -5  ALL         1    2    0    0    1ALL
 -1        11-4.30681E-01-2.97042E+01-2.70736E-05
 -1       111 4.30681E-01-2.97042E+01 2.70822E-05
 -1       211-4.30681E-01-2.97042E+01 2.70822E-05
 -1       311 4.30681E-01-2.97042E+01-2.70735E-05
 -3
    1PSTEP                        89          81           2          
  100CL  189 8.10000E-02           4                     1   89           1
 -4  DISP        4    1
 -5  D1          1    2    1    0
 -5  D2          1    2    2    0
 -5  D3          1    2    3    0
 -5  ALL         1    2    0    0    1ALL
 -1        11-3.90647E-01-2.61867E+01-2.89404E-05
 -1       111 3.90647E-01-2.61867E+01 2.89493E-05
 -1       211-3.90647E-01-2.61867E+01 2.89493E-05
 -1       311 3.90647E-01-2.61867E+01-2.89404E-05
 -3
    1PSTEP                        90          82           2          
  100CL  190 8.20000E-02           4                     1   90           1
 -4  DISP        4    1
 -5  D1          1    2    1    0
 -5  D2          1    2    2    0
 -5  D3          1    2    3    0
 -5  ALL         1    2    0    0    1ALL
 -1        11-3.46033E-01-2.25055E+01-2.99880E-05
 -1       111 3.46033E-01-2.25055E+01 2.99967E-05
 -1       211-3.46033E-01-2.25055E+01 2.99967E-05
 -1       311 3.46033E-01-2.25055E+01-2.99880E-05
 -3
    1PSTEP                        91          83           2          
  100CL  191 8.30000E-02           4                     1   91           1
 -4  DISP        4    1
 -5  D1          1    2    1    0
 -5  D2          1    2    2    0
 -5  D3          1    2    3    0
 -5  ALL         1    2    0    0    1ALL
 -1        11-2.85723E-01-1.85543E+01-2.69879E-05
 -1       111 2.85723E-01-1.85543E+01 2.69961E-05
 -1       211-2.85723E-01-1.85543E+01 2.69961E-05
 -1       311 2.85723E-01-1.85543E+01-2.69879E-05
 -3
    1PSTEP                        92          84           2          
  100CL  192 8.40000E-02           4                     1   92           1
 -4  DISP        4    1
 -5  D1          1    2    1    0
 -5  D2          1    2    2    0
 -5  D3          1    2    3    0
 -5  ALL         1    2    0    0    1ALL
 -1        11-2.24344E-01-1.47556E+01-2.29342E-05
 -1       111 2.24344E-01-1.47556E+01 2.29418E-05
 -1       211-2.24344E-01-1.47556E+01 2.29418E-05
 -1       311 2.24344E-01-1.47556E+01-2.29342E-05
 -3
    1PSTEP                        93          85           2          
  100CL  193 8.50000E-02           4                     1   93           1
 -4  DISP        4    1
 -5  D1          1    2    1    0
 -5  D2          1    2    2    0
 -5  D3          1    2    3    0
 -5  ALL         1    2    0    0    1ALL
 -1        11-1.82943E-01-1.16549E+01-2.25581E-05
 -1       111 1.82943E-01-1.16549E+01 2.25646E-05
 -1       211-1.82943E-01-1.16549E+01 2.25646E-05
 -1       311 1.82943E-01-1.16549E+01-2.25581E-05
 -3
    1PSTEP                        94          86           2          
  100CL  194 8.60000E-02           4                     1   94           1
 -4  DISP        4    1
 -5  D1          1    2    1    0
 -5  D2          1    2    2    0
 -5  D3          1    2    3    0
 -5  ALL         1    2    0    0    1ALL
 -1        11-1.59794E-01-9.31543E+00-2.49658E-05
 -1       111 1.59794E-01-9.31543E+00 2.49710E-05
 -1       211-1.59794E-01-9.31543E+00 2.49710E-05
 -1       311 1.59794E-01-9.31543E+00-2.49658E-05
 -3
    1PSTEP                        95          87           2          
  100CL  195 8.70000E-02           4                     1   95           1
 -4  DISP        4    1
 -5  D1          1    2    1    0
 -5  D2          1    2    2    0
 -5  D3          1    2    3    0
 -5  ALL         1    2    0    0    1ALL
 -1        11-1.36470E-01-7.43789E+00-2.53062E-05
 -1       111 1.36470E-01-7.43789E+00 2.53099E-05
 -1       211-1.36470E-01-7.43789E+00 2.53099E-05
 -1       311 1.36470E-01-7.43789E+00-2.53062E-05
 -3
    1PSTEP                        96          88           2          
  100CL  196 8.80000E-02           4                     1   96           1
 -4  DISP        4    1
 -5  D1          1    2    1    0
 -5  D2          1    2    2    0
 -5  D3          1    2    3    0
 -5  ALL         1    2    0    0    1ALL
 -1        11-1.08635E-01-5.99218E+00-2.22895E-05
 -1       111 1.08635E-01-5.99218E+00 2.22915E-05
 -1       211-1.08635E-01-5.99218E+00 2.22915E-05
 -1       311 1.08635E-01-5.99218E+00-2.22895E-05
 -3
    1PSTEP                        97          89           2          
  100CL  197 8.90000E-02           4                     1   97           1
 -4  DISP        4    1
 -5  D1          1    2    1    0
 -5  D2          1    2    2    0
 -5  D3          1    2    3    0
 -5  ALL         1    2    0    0    1ALL
 -1        11-9.39865E-02-5.37977E+00-2.00403E-05
 -1       111 9.39865E-02-5.37977E+00 2.00407E-05
 -1       211-9.39865E-02-5.37977E+00 2.00407E-05
 -1       311 9.39865E-02-5.37977E+00-2.00403E-05
 -3
    1PSTEP                        98          90           2          
  100CL  198 9.00000E-02           4                     1   98           1
 -4  DISP        4    1
 -5  D1          1    2    1    0
 -5  D2          1    2    2    0
 -5  D3          1    2    3    0
 -5  ALL         1    2    0    0    1ALL
 -1        11-1.05878E-01-5.88652E+00-2.18219E-05
 -1       111 1.05878E-01-5.88652E+00 2.18208E-05
 -1       211-1.05878E-01-5.88652E+00 2.18208E-05
 -1       311 1.05878E-01-5.88652E+00-2.18219E-05
 -3
    1PSTEP                        99          91           2          
  100CL  199 9.10000E-02           4                     1   99           1
 -4  DISP        4    1
 -5  D1          1    2    1    0
 -5  D2          1    2    2    0
 -5  D3          1    2    3    0
 -5  ALL         1    2    0    0    1ALL
 -1        11-1.33250E-01-7.26975E+00-2.49717E-05
 -1       111 1.33250E-01-7.26975E+00 2.49689E-05
 -1       211-1.33250E-01-7.26975E+00 2.49689E-05
 -1       311 1.33250E-01-7.26975E+00-2.49717E-05
 -3
    1PSTEP                       100          92           2          
  100CL  200 9.20000E-02           4                     1  100           1
 -4  DISP        4    1
 -5  D1          1    2    1    0
 -5  D2          1    2    2    0
 -5  D3          1    2    3    0
 -5  ALL         1    2    0    0    1ALL
 -1        11-1.57678E-01-9.10988E+00-2.51477E-05
 -1       111 1.57678E-01-9.10988E+00 2.51434E-05
 -1       211-1.57678E-01-9.10988E+00 2.51434E-05
 -1       311 1.57678E-01-9.10988E+00-2.51477E-05
 -3
    1PSTEP                       101          93           2          
  100CL  201 9.30000E-02           4                     1  101           1
 -4  DISP        4    1
 -5  D1          1    2    1    0
 -5  D2          1    2    2    0
 -5  D3          1    2    3    0
 -5  ALL         1    2    0    0    1ALL
 -1        11-1.80513E-01-1.13723E+01-2.29786E-05
 -1       111 1.80513E-01-1.13723E+01 2.29731E-05
 -1       211-1.80513E-01-1.13723E+01 2.29731E-05
 -1       311 1.80513E-01-1.13723E+01-2.29786E-05
 -3
    1PSTEP                       102          94           2          
  100CL  202 9.40000E-02           4                     1  102           1
 -4  DISP        4    1
 -5  D1          1    2    1    0
 -5  D2          1    2    2    0
 -5  D3          1    2    3    0
 -5  ALL         1    2    0    0    1ALL
 -1        11-2.18525E-01-1.43210E+01-2.28873E-05
 -1       111 2.18525E-01-1.43210E+01 2.28810E-05
 -1       211-2.18525E-01-1.43210E+01 2.28810E-05
 -1       311 2.18525E-01-1.43210E+01-2.28873E-05
 -3
    1PSTEP                       103          95           2          
  100CL  203 9.50000E-02           4                     1  103           1
 -4  DISP        4    1
 -5  D1          1    2    1    0
 -5  D2          1    2    2    0
 -5  D3          1    2    3    0
 -5  ALL         1    2    0    0    1ALL
 -1        11-2.75664E-01-1.79387E+01-2.62933E-05
 -1       111 2.75664E-01-1.79387E+01 2.62864E-05
 -1       211-2.75664E-01-1.79387E+01 2.62864E-05
 -1       311 2.75664E-01-1.79387E+01-2.62933E-05
 -3
    1PSTEP                       104          96           2          
  100CL  204 9.60000E-02           4                     1  104           1
 -4  DISP        4    1
 -5  D1          1    2    1    0
 -5  D2          1    2    2    0
 -5  D3          1    2    3    0
 -5  ALL         1    2    0    0    1ALL
 -1        11-3.34441E-01-2.17548E+01-2.93878E-05
 -1       111 3.34441E-01-2.17548E+01 2.93807E-05
 -1       211-3.34441E-01-2.17548E+01 2.93807E-05
 -1       311 3.34441E-01-2.17548E+01-2.93878E-05
 -3
    1PSTEP                       105          97           2          
  100CL  205 9.70000E-02           4                     1  105           1
 -4  DISP        4    1
 -5  D1          1    2    1    0
 -5  D2          1    2    2    0
 -5  D3          1    2    3    0
 -5  ALL         1    2    0    0    1ALL
 -1        11-3.79950E-01-2.53449E+01-2.90206E-05
 -1       111 3.79950E-01-2.53449E+01 2.90137E-05
 -1       211-3.79950E-01-2.53449E+01 2.90137E-05
 -1       311 3.79950E-01-2.53449E+01-2.90206E-05
 -3
    1PSTEP                       106          98           2          
  100CL  206 9.80000E-02           4                     1  106           1
 -4  DISP        4    1
 -5  D1          1    2    1    0
 -5  D2          1    2    2    0
 -5  D3          1    2    3    0
 -5  ALL         1    2    0    0    1ALL
 -1        11-4.19215E-01-2.87354E+01-2.74456E-05
 -1       111 4.19215E-01-2.87354E+01 2.74391E-05
 -1       211-4.19215E-01-2.87354E+01 2.74391E-05
 -1       311 4.19215E-01-2.87354E+01-2.74456E-05
 -3
    1PSTEP                       107          99           2          
  100CL  207 9.90000E-02           4                     1  107           1
 -4  DISP        4    1
 -5  D1          1    2    1    0
 -5  D2          1    2    2    0
 -5  D3          1    2    3    0
 -5  ALL         1    2    0    0    1ALL
 -1        11-4.66533E-01-3.21069E+01-2.86322E-05
 -1       111 4.66533E-01-3.21069E+01 2.86267E-05
 -1       211-4.66533E-01-3.21069E+01 2.86267E-05
 -1       311 4.66533E-01-3.21069E+01-2.86322E-05
 -3
    1PSTEP                       108         100           2          
  100CL  208 1.00000E-01           4                     1  108           1
 -4  DISP        4    1
 -5  D1          1    2    1    0
 -5  D2          1    2    2    0
 -5  D3          1    2    3    0
 -5  ALL         1    2    0    0    1ALL
 -1        11-5.18254E-01-3.52784E+01-3.21601E-05
 -1       111 5.18254E-01-3.52784E+01 3.21559E-05
 -1       211-5.18254E-01-3.52784E+01 3.21558E-05
 -1       311 5.18254E-01-3.52784E+01-3.21601E-05
 -3
 9999
