(---------------------------------------------------------------------)
(                                                                     )
(    NC DRILL Log                                                     )
(                                                                     )
(    Drawing          : demo.brd                                      )
(    Software Version : 25.1S030                                      )
(    Date/Time        : Mon Apr 27 19:08:12 2026                      )
(                                                                     )
(---------------------------------------------------------------------)



 Processing NC Parameters file 'nc_param.txt' ...

 NC PARAMETERS
 -------------

 FORMAT   		2.3
 MACHINE-OFFSET		x:0.00000	y:0.00000   (inch)
 FEEDRATE		1
 COORDINATES		ABSOLUTE
 OUTPUT-UNITS		ENGLISH
 TOOL-ORDER		INCREASING
 REPEAT-CODES		YES
 SUPPRESS-LEAD-ZEROES	NO
 SUPPRESS-TRAIL-ZEROES	NO
 SUPPRESS-EQUAL		NO
 TOOL-SELECT		NO
 HEADER			none
 LEADER			12
 CODE			ASCII
 SEPARATE		NO
 SEPARATE-ROUTING	NO
 OPTIMIZE_DRILLING	NO
 ENHANCED_EXCELLON	NO
 SCALE			1.000000

 WARNING(SPMHMF-363): Units system is being switched when generating drill output file data.


 Drill files being output to directory 'D:/localwork/Engiworld/.tmp_orcad_probe7' ...



     'demo-1-4.drl' created for holes connecting TOP and BOTTOM
     ----------------------------------------------------------

           Num     Size      +/- Tolerance     Plating   Quantity

            1. 100.0000    0.0000/  0.0000  NON_PLATED          3

     ---- Total holes:                                          3

     ---- Total head travel:              0.33 feet (0.10 meters)

