
 ****  PSpice 25.1.0 (25 March 2026)  ****            20:35:00  04/27/26

 TCASE = -40
   IC_050 = 2.800000E-06
   IC_055 = 7.611189E-06
   IC_060 = 2.068936E-05
   IC_065 = 5.623950E-05
   IC_070 = 1.528748E-04
   IC_075 = 4.155568E-04
   IC_080 = 1.129601E-03

 TCASE = 0
   IC_050 = 6.000000E-06
   IC_055 = 1.630969E-05
   IC_060 = 4.433434E-05
   IC_065 = 1.205132E-04
   IC_070 = 3.275889E-04
   IC_075 = 8.904790E-04
   IC_080 = 2.420573E-03

 TCASE = 25
   IC_050 = 8.000000E-06
   IC_055 = 2.174625E-05
   IC_060 = 5.911245E-05
   IC_065 = 1.606843E-04
   IC_070 = 4.367852E-04
   IC_075 = 1.187305E-03
   IC_080 = 3.227430E-03

 TCASE = 85
   IC_050 = 1.280000E-05
   IC_055 = 3.479401E-05
   IC_060 = 9.457992E-05
   IC_065 = 2.570949E-04
   IC_070 = 6.988563E-04
   IC_075 = 1.899688E-03
   IC_080 = 5.163889E-03

 JOB CONCLUDED
