    1C
    1UCalculiX 2.21 steady-state dynamic solid cantilever               
    1UUSER                                                              
    1UDATE              01.august.2026                                  
    1UTIME              02:09:32                                        
    1UHOST                                                              
    1UPGM               CalculiX                                        
    1UVERSION           Version 2.21                             
    1UCOMPILETIME       Sat Jul 29 10:52:01 CEST 2023                    
    1UDIR                                                               
    1UDBN                                                               
    1UMAT    1STEEL                                                     
    2C                            44                                     1
 -1         1 0.00000E+00 0.00000E+00 0.00000E+00
 -1         2 5.00000E+01 0.00000E+00 0.00000E+00
 -1         3 1.00000E+02 0.00000E+00 0.00000E+00
 -1         4 1.50000E+02 0.00000E+00 0.00000E+00
 -1         5 2.00000E+02 0.00000E+00 0.00000E+00
 -1         6 2.50000E+02 0.00000E+00 0.00000E+00
 -1         7 3.00000E+02 0.00000E+00 0.00000E+00
 -1         8 3.50000E+02 0.00000E+00 0.00000E+00
 -1         9 4.00000E+02 0.00000E+00 0.00000E+00
 -1        10 4.50000E+02 0.00000E+00 0.00000E+00
 -1        11 5.00000E+02 0.00000E+00 0.00000E+00
 -1       101 0.00000E+00 1.00000E+01 0.00000E+00
 -1       102 5.00000E+01 1.00000E+01 0.00000E+00
 -1       103 1.00000E+02 1.00000E+01 0.00000E+00
 -1       104 1.50000E+02 1.00000E+01 0.00000E+00
 -1       105 2.00000E+02 1.00000E+01 0.00000E+00
 -1       106 2.50000E+02 1.00000E+01 0.00000E+00
 -1       107 3.00000E+02 1.00000E+01 0.00000E+00
 -1       108 3.50000E+02 1.00000E+01 0.00000E+00
 -1       109 4.00000E+02 1.00000E+01 0.00000E+00
 -1       110 4.50000E+02 1.00000E+01 0.00000E+00
 -1       111 5.00000E+02 1.00000E+01 0.00000E+00
 -1       201 0.00000E+00 0.00000E+00 1.00000E+01
 -1       202 5.00000E+01 0.00000E+00 1.00000E+01
 -1       203 1.00000E+02 0.00000E+00 1.00000E+01
 -1       204 1.50000E+02 0.00000E+00 1.00000E+01
 -1       205 2.00000E+02 0.00000E+00 1.00000E+01
 -1       206 2.50000E+02 0.00000E+00 1.00000E+01
 -1       207 3.00000E+02 0.00000E+00 1.00000E+01
 -1       208 3.50000E+02 0.00000E+00 1.00000E+01
 -1       209 4.00000E+02 0.00000E+00 1.00000E+01
 -1       210 4.50000E+02 0.00000E+00 1.00000E+01
 -1       211 5.00000E+02 0.00000E+00 1.00000E+01
 -1       301 0.00000E+00 1.00000E+01 1.00000E+01
 -1       302 5.00000E+01 1.00000E+01 1.00000E+01
 -1       303 1.00000E+02 1.00000E+01 1.00000E+01
 -1       304 1.50000E+02 1.00000E+01 1.00000E+01
 -1       305 2.00000E+02 1.00000E+01 1.00000E+01
 -1       306 2.50000E+02 1.00000E+01 1.00000E+01
 -1       307 3.00000E+02 1.00000E+01 1.00000E+01
 -1       308 3.50000E+02 1.00000E+01 1.00000E+01
 -1       309 4.00000E+02 1.00000E+01 1.00000E+01
 -1       310 4.50000E+02 1.00000E+01 1.00000E+01
 -1       311 5.00000E+02 1.00000E+01 1.00000E+01
 -3
    3C                            10                                     1
 -1         1    1    0    1
 -2         1         2       102       101       201       202       302       301
 -1         2    1    0    1
 -2         2         3       103       102       202       203       303       302
 -1         3    1    0    1
 -2         3         4       104       103       203       204       304       303
 -1         4    1    0    1
 -2         4         5       105       104       204       205       305       304
 -1         5    1    0    1
 -2         5         6       106       105       205       206       306       305
 -1         6    1    0    1
 -2         6         7       107       106       206       207       307       306
 -1         7    1    0    1
 -2         7         8       108       107       207       208       308       307
 -1         8    1    0    1
 -2         8         9       109       108       208       209       309       308
 -1         9    1    0    1
 -2         9        10       110       109       209       210       310       309
 -1        10    1    0    1
 -2        10        11       111       110       210       211       311       310
 -3
    1PSTEP                         1           1           1          
    1PGM                1.000000E+00                                  
    1PGK                4.482134E+04                                  
    1PHID                         -1                                  
    1PSUBC                         0                                  
    1PMODE                         1                                  
  100CL  101 33.69477401           4                     2    1MODAL      1
 -4  DISP        4    1
 -5  D1          1    2    1    0
 -5  D2          1    2    2    0
 -5  D3          1    2    3    0
 -5  ALL         1    2    0    0    1ALL
 -1        11 1.17193E+00 1.00010E+02-1.53822E+01
 -1       111-1.59796E+00 1.00010E+02-1.53823E+01
 -1       211 1.59796E+00 1.00010E+02-1.53823E+01
 -1       311-1.17193E+00 1.00010E+02-1.53822E+01
 -3
    1PSTEP                         2           1           1          
    1PGM                1.000000E+00                                  
    1PGK                4.482134E+04                                  
    1PHID                         -1                                  
    1PSUBC                         0                                  
    1PMODE                         2                                  
  100CL  102 33.69477402           4                     2    2MODAL      1
 -4  DISP        4    1
 -5  D1          1    2    1    0
 -5  D2          1    2    2    0
 -5  D3          1    2    3    0
 -5  ALL         1    2    0    0    1ALL
 -1        11-1.59796E+00-1.53823E+01-1.00010E+02
 -1       111-1.17193E+00-1.53822E+01-1.00010E+02
 -1       211 1.17193E+00-1.53822E+01-1.00010E+02
 -1       311 1.59796E+00-1.53823E+01-1.00010E+02
 -3
    1PSTEP                         3           1           1          
    1PGM                1.000000E+00                                  
    1PGK                1.796753E+06                                  
    1PHID                         -1                                  
    1PSUBC                         0                                  
    1PMODE                         3                                  
  100CL  103 213.3360972           4                     2    3MODAL      1
 -4  DISP        4    1
 -5  D1          1    2    1    0
 -5  D2          1    2    2    0
 -5  D3          1    2    3    0
 -5  ALL         1    2    0    0    1ALL
 -1        11 6.25874E+00 9.61775E+01 3.29372E+01
 -1       111-3.06560E+00 9.61768E+01 3.29349E+01
 -1       211 3.06560E+00 9.61768E+01 3.29349E+01
 -1       311-6.25874E+00 9.61775E+01 3.29372E+01
 -3
    1PSTEP                         4           1           1          
    1PGM                1.000000E+00                                  
    1PGK                1.796753E+06                                  
    1PHID                         -1                                  
    1PSUBC                         0                                  
    1PMODE                         4                                  
  100CL  104 213.3360972           4                     2    4MODAL      1
 -4  DISP        4    1
 -5  D1          1    2    1    0
 -5  D2          1    2    2    0
 -5  D3          1    2    3    0
 -5  ALL         1    2    0    0    1ALL
 -1        11-3.06560E+00 3.29349E+01-9.61768E+01
 -1       111-6.25874E+00 3.29372E+01-9.61775E+01
 -1       211 6.25874E+00 3.29372E+01-9.61775E+01
 -1       311 3.06560E+00 3.29349E+01-9.61768E+01
 -3
    1PSTEP                         5           1           1          
    1PGM                1.000000E+00                                  
    1PGK                1.460447E+07                                  
    1PHID                         -1                                  
    1PSUBC                         0                                  
    1PMODE                         5                                  
  100CL  105 608.2232295           4                     2    5MODAL      1
 -4  DISP        4    1
 -5  D1          1    2    1    0
 -5  D2          1    2    2    0
 -5  D3          1    2    3    0
 -5  ALL         1    2    0    0    1ALL
 -1        11 3.65012E+00 9.13200E+01-4.63810E+01
 -1       111-1.11868E+01 9.13291E+01-4.63989E+01
 -1       211 1.11868E+01 9.13291E+01-4.63989E+01
 -1       311-3.65012E+00 9.13200E+01-4.63810E+01
 -3
    1PSTEP                         6           1           1          
    1PGM                1.000000E+00                                  
    1PGK                1.460447E+07                                  
    1PHID                         -1                                  
    1PSUBC                         0                                  
    1PMODE                         6                                  
  100CL  106 608.2232295           4                     2    6MODAL      1
 -4  DISP        4    1
 -5  D1          1    2    1    0
 -5  D2          1    2    2    0
 -5  D3          1    2    3    0
 -5  ALL         1    2    0    0    1ALL
 -1        11-1.11868E+01-4.63989E+01-9.13291E+01
 -1       111-3.65012E+00-4.63810E+01-9.13200E+01
 -1       211 3.65012E+00-4.63810E+01-9.13200E+01
 -1       311 1.11868E+01-4.63989E+01-9.13291E+01
 -3
    1PSTEP                         7           1           1          
    1PGM                1.000000E+00                                  
    1PGK                5.926368E+07                                  
    1PHID                         -1                                  
    1PSUBC                         0                                  
    1PMODE                         7                                  
  100CL  107 1225.220974           4                     2    7MODAL      1
 -4  DISP        4    1
 -5  D1          1    2    1    0
 -5  D2          1    2    2    0
 -5  D3          1    2    3    0
 -5  ALL         1    2    0    0    1ALL
 -1        11-7.22834E-01 6.99887E+01-7.61540E+01
 -1       111-1.71478E+01 7.00496E+01-7.62100E+01
 -1       211 1.71478E+01 7.00496E+01-7.62100E+01
 -1       311 7.22834E-01 6.99887E+01-7.61540E+01
 -3
    1PSTEP                         8           1           1          
    1PGM                1.000000E+00                                  
    1PGK                5.926368E+07                                  
    1PHID                         -1                                  
    1PSUBC                         0                                  
    1PMODE                         8                                  
  100CL  108 1225.220974           4                     2    8MODAL      1
 -4  DISP        4    1
 -5  D1          1    2    1    0
 -5  D2          1    2    2    0
 -5  D3          1    2    3    0
 -5  ALL         1    2    0    0    1ALL
 -1        11 1.71478E+01 7.62100E+01 7.00496E+01
 -1       111-7.22834E-01 7.61540E+01 6.99887E+01
 -1       211 7.22834E-01 7.61540E+01 6.99887E+01
 -1       311-1.71478E+01 7.62100E+01 7.00496E+01
 -3
    1PSTEP                         9           0           2          
  100CL  109 1.000000000           4                     1    9           1
 -4  DISP        4    1
 -5  D1          1    2    1    0
 -5  D2          1    2    2    0
 -5  D3          1    2    3    0
 -5  ALL         1    2    0    0    1ALL
 -1        11 3.52452E-01 2.35286E+01 2.77079E-05
 -1       111-3.52452E-01 2.35286E+01-2.77093E-05
 -1       211 3.52452E-01 2.35286E+01-2.77093E-05
 -1       311-3.52452E-01 2.35286E+01 2.77079E-05
 -3
    1PSTEP                        10           0           2          
  100CL  109 1.000000000           4                     1    9           1
 -4  DISPI       4    1
 -5  D1          1    2    1    0
 -5  D2          1    2    2    0
 -5  D3          1    2    3    0
 -5  ALL         1    2    0    0    1ALL
 -1        11-2.44779E-04-1.75293E-02-6.54377E-09
 -1       111 2.44779E-04-1.75293E-02 6.54558E-09
 -1       211-2.44779E-04-1.75293E-02 6.54558E-09
 -1       311 2.44779E-04-1.75293E-02-6.54377E-09
 -3
    1PSTEP                        11           0           2          
  100CL  110 1.594985083           4                     1   10           1
 -4  DISP        4    1
 -5  D1          1    2    1    0
 -5  D2          1    2    2    0
 -5  D3          1    2    3    0
 -5  ALL         1    2    0    0    1ALL
 -1        11 3.52884E-01 2.35598E+01 2.77173E-05
 -1       111-3.52884E-01 2.35598E+01-2.77186E-05
 -1       211 3.52884E-01 2.35598E+01-2.77186E-05
 -1       311-3.52884E-01 2.35598E+01 2.77173E-05
 -3
    1PSTEP                        12           0           2          
  100CL  110 1.594985083           4                     1   10           1
 -4  DISPI       4    1
 -5  D1          1    2    1    0
 -5  D2          1    2    2    0
 -5  D3          1    2    3    0
 -5  ALL         1    2    0    0    1ALL
 -1        11-3.91471E-04-2.80350E-02-1.04594E-08
 -1       111 3.91471E-04-2.80350E-02 1.04623E-08
 -1       211-3.91471E-04-2.80350E-02 1.04623E-08
 -1       311 3.91471E-04-2.80350E-02-1.04594E-08
 -3
    1PSTEP                        13           0           2          
  100CL  111 2.238670806           4                     1   11           1
 -4  DISP        4    1
 -5  D1          1    2    1    0
 -5  D2          1    2    2    0
 -5  D3          1    2    3    0
 -5  ALL         1    2    0    0    1ALL
 -1        11 3.53577E-01 2.36098E+01 2.77322E-05
 -1       111-3.53577E-01 2.36098E+01-2.77336E-05
 -1       211 3.53577E-01 2.36098E+01-2.77336E-05
 -1       311-3.53577E-01 2.36098E+01 2.77322E-05
 -3
    1PSTEP                        14           0           2          
  100CL  111 2.238670806           4                     1   11           1
 -4  DISPI       4    1
 -5  D1          1    2    1    0
 -5  D2          1    2    2    0
 -5  D3          1    2    3    0
 -5  ALL         1    2    0    0    1ALL
 -1        11-5.51831E-04-3.95205E-02-1.47305E-08
 -1       111 5.51831E-04-3.95205E-02 1.47346E-08
 -1       211-5.51831E-04-3.95205E-02 1.47346E-08
 -1       311 5.51831E-04-3.95205E-02-1.47305E-08
 -3
    1PSTEP                        15           0           2          
  100CL  112 2.942442331           4                     1   12           1
 -4  DISP        4    1
 -5  D1          1    2    1    0
 -5  D2          1    2    2    0
 -5  D3          1    2    3    0
 -5  ALL         1    2    0    0    1ALL
 -1        11 3.54607E-01 2.36840E+01 2.77544E-05
 -1       111-3.54607E-01 2.36840E+01-2.77558E-05
 -1       211 3.54607E-01 2.36840E+01-2.77558E-05
 -1       311-3.54607E-01 2.36840E+01 2.77544E-05
 -3
    1PSTEP                        16           0           2          
  100CL  112 2.942442331           4                     1   12           1
 -4  DISPI       4    1
 -5  D1          1    2    1    0
 -5  D2          1    2    2    0
 -5  D3          1    2    3    0
 -5  ALL         1    2    0    0    1ALL
 -1        11-7.29960E-04-5.22803E-02-1.94592E-08
 -1       111 7.29960E-04-5.22803E-02 1.94646E-08
 -1       211-7.29960E-04-5.22803E-02 1.94646E-08
 -1       311 7.29960E-04-5.22803E-02-1.94592E-08
 -3
    1PSTEP                        17           0           2          
  100CL  113 3.722652795           4                     1   13           1
 -4  DISP        4    1
 -5  D1          1    2    1    0
 -5  D2          1    2    2    0
 -5  D3          1    2    3    0
 -5  ALL         1    2    0    0    1ALL
 -1        11 3.56087E-01 2.37907E+01 2.77863E-05
 -1       111-3.56087E-01 2.37907E+01-2.77877E-05
 -1       211 3.56087E-01 2.37907E+01-2.77877E-05
 -1       311-3.56087E-01 2.37907E+01 2.77863E-05
 -3
    1PSTEP                        18           0           2          
  100CL  113 3.722652795           4                     1   13           1
 -4  DISPI       4    1
 -5  D1          1    2    1    0
 -5  D2          1    2    2    0
 -5  D3          1    2    3    0
 -5  ALL         1    2    0    0    1ALL
 -1        11-9.32002E-04-6.67556E-02-2.47976E-08
 -1       111 9.32002E-04-6.67556E-02 2.48046E-08
 -1       211-9.32002E-04-6.67556E-02 2.48046E-08
 -1       311 9.32002E-04-6.67556E-02-2.47976E-08
 -3
    1PSTEP                        19           0           2          
  100CL  114 4.604202233           4                     1   14           1
 -4  DISP        4    1
 -5  D1          1    2    1    0
 -5  D2          1    2    2    0
 -5  D3          1    2    3    0
 -5  ALL         1    2    0    0    1ALL
 -1        11 3.58200E-01 2.39431E+01 2.78319E-05
 -1       111-3.58200E-01 2.39431E+01-2.78333E-05
 -1       211 3.58200E-01 2.39431E+01-2.78333E-05
 -1       311-3.58200E-01 2.39431E+01 2.78319E-05
 -3
    1PSTEP                        20           0           2          
  100CL  114 4.604202233           4                     1   14           1
 -4  DISPI       4    1
 -5  D1          1    2    1    0
 -5  D2          1    2    2    0
 -5  D3          1    2    3    0
 -5  ALL         1    2    0    0    1ALL
 -1        11-1.16778E-03-8.36519E-02-3.09872E-08
 -1       111 1.16778E-03-8.36519E-02 3.09960E-08
 -1       211-1.16778E-03-8.36519E-02 3.09959E-08
 -1       311 1.16778E-03-8.36519E-02-3.09871E-08
 -3
    1PSTEP                        21           0           2          
  100CL  115 5.628226822           4                     1   15           1
 -4  DISP        4    1
 -5  D1          1    2    1    0
 -5  D2          1    2    2    0
 -5  D3          1    2    3    0
 -5  ALL         1    2    0    0    1ALL
 -1        11 3.61265E-01 2.41641E+01 2.78979E-05
 -1       111-3.61265E-01 2.41641E+01-2.78994E-05
 -1       211 3.61265E-01 2.41641E+01-2.78994E-05
 -1       311-3.61265E-01 2.41641E+01 2.78979E-05
 -3
    1PSTEP                        22           0           2          
  100CL  115 5.628226822           4                     1   15           1
 -4  DISPI       4    1
 -5  D1          1    2    1    0
 -5  D2          1    2    2    0
 -5  D3          1    2    3    0
 -5  ALL         1    2    0    0    1ALL
 -1        11-1.45444E-03-1.04202E-01-3.84461E-08
 -1       111 1.45444E-03-1.04202E-01 3.84571E-08
 -1       211-1.45444E-03-1.04202E-01 3.84571E-08
 -1       311 1.45444E-03-1.04202E-01-3.84461E-08
 -3
    1PSTEP                        23           0           2          
  100CL  116 6.871588289           4                     1   16           1
 -4  DISP        4    1
 -5  D1          1    2    1    0
 -5  D2          1    2    2    0
 -5  D3          1    2    3    0
 -5  ALL         1    2    0    0    1ALL
 -1        11 3.65919E-01 2.44997E+01 2.79982E-05
 -1       111-3.65919E-01 2.44997E+01-2.79996E-05
 -1       211 3.65919E-01 2.44997E+01-2.79996E-05
 -1       311-3.65919E-01 2.44997E+01 2.79982E-05
 -3
    1PSTEP                        24           0           2          
  100CL  116 6.871588289           4                     1   16           1
 -4  DISPI       4    1
 -5  D1          1    2    1    0
 -5  D2          1    2    2    0
 -5  D3          1    2    3    0
 -5  ALL         1    2    0    0    1ALL
 -1        11-1.82628E-03-1.30870E-01-4.80032E-08
 -1       111 1.82628E-03-1.30870E-01 4.80173E-08
 -1       211-1.82628E-03-1.30870E-01 4.80173E-08
 -1       311 1.82628E-03-1.30870E-01-4.80032E-08
 -3
    1PSTEP                        25           0           2          
  100CL  117 8.511756174           4                     1   17           1
 -4  DISP        4    1
 -5  D1          1    2    1    0
 -5  D2          1    2    2    0
 -5  D3          1    2    3    0
 -5  ALL         1    2    0    0    1ALL
 -1        11 3.73764E-01 2.50653E+01 2.81670E-05
 -1       111-3.73764E-01 2.50653E+01-2.81685E-05
 -1       211 3.73764E-01 2.50653E+01-2.81685E-05
 -1       311-3.73764E-01 2.50653E+01 2.81669E-05
 -3
    1PSTEP                        26           0           2          
  100CL  117 8.511756174           4                     1   17           1
 -4  DISPI       4    1
 -5  D1          1    2    1    0
 -5  D2          1    2    2    0
 -5  D3          1    2    3    0
 -5  ALL         1    2    0    0    1ALL
 -1        11-2.36972E-03-1.69871E-01-6.17243E-08
 -1       111 2.36972E-03-1.69871E-01 6.17429E-08
 -1       211-2.36972E-03-1.69871E-01 6.17429E-08
 -1       311 2.36972E-03-1.69871E-01-6.17242E-08
 -3
    1PSTEP                        27           0           2          
  100CL  118 11.22110275           4                     1   18           1
 -4  DISP        4    1
 -5  D1          1    2    1    0
 -5  D2          1    2    2    0
 -5  D3          1    2    3    0
 -5  ALL         1    2    0    0    1ALL
 -1        11 3.91677E-01 2.63571E+01 2.85517E-05
 -1       111-3.91677E-01 2.63571E+01-2.85534E-05
 -1       211 3.91677E-01 2.63571E+01-2.85534E-05
 -1       311-3.91677E-01 2.63571E+01 2.85517E-05
 -3
    1PSTEP                        28           0           2          
  100CL  118 11.22110275           4                     1   18           1
 -4  DISPI       4    1
 -5  D1          1    2    1    0
 -5  D2          1    2    2    0
 -5  D3          1    2    3    0
 -5  ALL         1    2    0    0    1ALL
 -1        11-3.46024E-03-2.48219E-01-8.84464E-08
 -1       111 3.46024E-03-2.48219E-01 8.84750E-08
 -1       211-3.46024E-03-2.48219E-01 8.84750E-08
 -1       311 3.46024E-03-2.48219E-01-8.84464E-08
 -3
    1PSTEP                        29           0           2          
  100CL  119 23.47367127           4                     1   19           1
 -4  DISP        4    1
 -5  D1          1    2    1    0
 -5  D2          1    2    2    0
 -5  D3          1    2    3    0
 -5  ALL         1    2    0    0    1ALL
 -1        11 6.50080E-01 4.50030E+01 3.40466E-05
 -1       111-6.50080E-01 4.50030E+01-3.40512E-05
 -1       211 6.50080E-01 4.50030E+01-3.40512E-05
 -1       311-6.50080E-01 4.50030E+01 3.40466E-05
 -3
    1PSTEP                        30           0           2          
  100CL  119 23.47367127           4                     1   19           1
 -4  DISPI       4    1
 -5  D1          1    2    1    0
 -5  D2          1    2    2    0
 -5  D3          1    2    3    0
 -5  ALL         1    2    0    0    1ALL
 -1        11-2.14501E-02-1.54546E+00-4.83649E-07
 -1       111 2.14501E-02-1.54546E+00 4.83946E-07
 -1       211-2.14501E-02-1.54546E+00 4.83946E-07
 -1       311 2.14501E-02-1.54546E+00-4.83649E-07
 -3
    1PSTEP                        31           0           2          
  100CL  120 26.18301785           4                     1   20           1
 -4  DISP        4    1
 -5  D1          1    2    1    0
 -5  D2          1    2    2    0
 -5  D3          1    2    3    0
 -5  ALL         1    2    0    0    1ALL
 -1        11 8.32728E-01 5.81880E+01 3.79034E-05
 -1       111-8.32728E-01 5.81880E+01-3.79110E-05
 -1       211 8.32728E-01 5.81880E+01-3.79110E-05
 -1       311-8.32728E-01 5.81880E+01 3.79034E-05
 -3
    1PSTEP                        32           0           2          
  100CL  120 26.18301785           4                     1   20           1
 -4  DISPI       4    1
 -5  D1          1    2    1    0
 -5  D2          1    2    2    0
 -5  D3          1    2    3    0
 -5  ALL         1    2    0    0    1ALL
 -1        11-4.02758E-02-2.90448E+00-8.82774E-07
 -1       111 4.02758E-02-2.90448E+00 8.83490E-07
 -1       211-4.02758E-02-2.90448E+00 8.83489E-07
 -1       311 4.02758E-02-2.90448E+00-8.82773E-07
 -3
    1PSTEP                        33           0           2          
  100CL  121 27.82318573           4                     1   21           1
 -4  DISP        4    1
 -5  D1          1    2    1    0
 -5  D2          1    2    2    0
 -5  D3          1    2    3    0
 -5  ALL         1    2    0    0    1ALL
 -1        11 1.02621E+00 7.21569E+01 4.19799E-05
 -1       111-1.02621E+00 7.21569E+01-4.19913E-05
 -1       211 1.02621E+00 7.21569E+01-4.19913E-05
 -1       311-1.02621E+00 7.21569E+01 4.19799E-05
 -3
    1PSTEP                        34           0           2          
  100CL  121 27.82318573           4                     1   21           1
 -4  DISPI       4    1
 -5  D1          1    2    1    0
 -5  D2          1    2    2    0
 -5  D3          1    2    3    0
 -5  ALL         1    2    0    0    1ALL
 -1        11-6.61946E-02-4.77589E+00-1.42918E-06
 -1       111 6.61946E-02-4.77589E+00 1.43063E-06
 -1       211-6.61946E-02-4.77589E+00 1.43063E-06
 -1       311 6.61946E-02-4.77589E+00-1.42918E-06
 -3
    1PSTEP                        35           0           2          
  100CL  122 29.06654720           4                     1   22           1
 -4  DISP        4    1
 -5  D1          1    2    1    0
 -5  D2          1    2    2    0
 -5  D3          1    2    3    0
 -5  ALL         1    2    0    0    1ALL
 -1        11 1.26356E+00 8.92940E+01 4.69738E-05
 -1       111-1.26356E+00 8.92940E+01-4.69910E-05
 -1       211 1.26356E+00 8.92940E+01-4.69910E-05
 -1       311-1.26356E+00 8.92940E+01 4.69737E-05
 -3
    1PSTEP                        36           0           2          
  100CL  122 29.06654720           4                     1   22           1
 -4  DISPI       4    1
 -5  D1          1    2    1    0
 -5  D2          1    2    2    0
 -5  D3          1    2    3    0
 -5  ALL         1    2    0    0    1ALL
 -1        11-1.06563E-01-7.69078E+00-2.27816E-06
 -1       111 1.06563E-01-7.69078E+00 2.28104E-06
 -1       211-1.06563E-01-7.69078E+00 2.28104E-06
 -1       311 1.06563E-01-7.69078E+00-2.27816E-06
 -3
    1PSTEP                        37           0           2          
  100CL  123 30.09057179           4                     1   23           1
 -4  DISP        4    1
 -5  D1          1    2    1    0
 -5  D2          1    2    2    0
 -5  D3          1    2    3    0
 -5  ALL         1    2    0    0    1ALL
 -1        11 1.57877E+00 1.12054E+02 5.35996E-05
 -1       111-1.57877E+00 1.12054E+02-5.36263E-05
 -1       211 1.57877E+00 1.12054E+02-5.36263E-05
 -1       311-1.57877E+00 1.12054E+02 5.35996E-05
 -3
    1PSTEP                        38           0           2          
  100CL  123 30.09057179           4                     1   23           1
 -4  DISPI       4    1
 -5  D1          1    2    1    0
 -5  D2          1    2    2    0
 -5  D3          1    2    3    0
 -5  ALL         1    2    0    0    1ALL
 -1        11-1.75134E-01-1.26423E+01-3.71837E-06
 -1       111 1.75134E-01-1.26423E+01 3.72429E-06
 -1       211-1.75134E-01-1.26423E+01 3.72429E-06
 -1       311 1.75134E-01-1.26423E+01-3.71837E-06
 -3
    1PSTEP                        39           0           2          
  100CL  124 30.97212122           4                     1   24           1
 -4  DISP        4    1
 -5  D1          1    2    1    0
 -5  D2          1    2    2    0
 -5  D3          1    2    3    0
 -5  ALL         1    2    0    0    1ALL
 -1        11 2.02992E+00 1.44631E+02 6.30757E-05
 -1       111-2.02992E+00 1.44631E+02-6.31193E-05
 -1       211 2.02992E+00 1.44631E+02-6.31193E-05
 -1       311-2.02992E+00 1.44631E+02 6.30757E-05
 -3
    1PSTEP                        40           0           2          
  100CL  124 30.97212122           4                     1   24           1
 -4  DISPI       4    1
 -5  D1          1    2    1    0
 -5  D2          1    2    2    0
 -5  D3          1    2    3    0
 -5  ALL         1    2    0    0    1ALL
 -1        11-3.04163E-01-2.19597E+01-6.42604E-06
 -1       111 3.04163E-01-2.19597E+01 6.43928E-06
 -1       211-3.04163E-01-2.19597E+01 6.43927E-06
 -1       311 3.04163E-01-2.19597E+01-6.42604E-06
 -3
    1PSTEP                        41           0           2          
  100CL  125 31.75233169           4                     1   25           1
 -4  DISP        4    1
 -5  D1          1    2    1    0
 -5  D2          1    2    2    0
 -5  D3          1    2    3    0
 -5  ALL         1    2    0    0    1ALL
 -1        11 2.73501E+00 1.95546E+02 7.78763E-05
 -1       111-2.73501E+00 1.95546E+02-7.79535E-05
 -1       211 2.73501E+00 1.95546E+02-7.79535E-05
 -1       311-2.73501E+00 1.95546E+02 7.78762E-05
 -3
    1PSTEP                        42           0           2          
  100CL  125 31.75233169           4                     1   25           1
 -4  DISPI       4    1
 -5  D1          1    2    1    0
 -5  D2          1    2    2    0
 -5  D3          1    2    3    0
 -5  ALL         1    2    0    0    1ALL
 -1        11-5.84527E-01-4.22054E+01-1.23053E-05
 -1       111 5.84527E-01-4.22054E+01 1.23395E-05
 -1       211-5.84527E-01-4.22054E+01 1.23395E-05
 -1       311 5.84527E-01-4.22054E+01-1.23053E-05
 -3
    1PSTEP                        43           0           2          
  100CL  126 32.45610321           4                     1   26           1
 -4  DISP        4    1
 -5  D1          1    2    1    0
 -5  D2          1    2    2    0
 -5  D3          1    2    3    0
 -5  ALL         1    2    0    0    1ALL
 -1        11 3.95711E+00 2.83795E+02 1.03516E-04
 -1       111-3.95711E+00 2.83795E+02-1.03665E-04
 -1       211 3.95711E+00 2.83795E+02-1.03665E-04
 -1       311-3.95711E+00 2.83795E+02 1.03516E-04
 -3
    1PSTEP                        44           0           2          
  100CL  126 32.45610321           4                     1   26           1
 -4  DISPI       4    1
 -5  D1          1    2    1    0
 -5  D2          1    2    2    0
 -5  D3          1    2    3    0
 -5  ALL         1    2    0    0    1ALL
 -1        11-1.34667E+00-9.72416E+01-2.82738E-05
 -1       111 1.34667E+00-9.72416E+01 2.83881E-05
 -1       211-1.34667E+00-9.72416E+01 2.83881E-05
 -1       311 1.34667E+00-9.72416E+01-2.82738E-05
 -3
    1PSTEP                        45           0           2          
  100CL  127 33.09978894           4                     1   27           1
 -4  DISP        4    1
 -5  D1          1    2    1    0
 -5  D2          1    2    2    0
 -5  D3          1    2    3    0
 -5  ALL         1    2    0    0    1ALL
 -1        11 5.97585E+00 4.29573E+02 1.45904E-04
 -1       111-5.97585E+00 4.29573E+02-1.46092E-04
 -1       211 5.97585E+00 4.29573E+02-1.46092E-04
 -1       311-5.97585E+00 4.29573E+02 1.45904E-04
 -3
    1PSTEP                        46           0           2          
  100CL  127 33.09978894           4                     1   27           1
 -4  DISPI       4    1
 -5  D1          1    2    1    0
 -5  D2          1    2    2    0
 -5  D3          1    2    3    0
 -5  ALL         1    2    0    0    1ALL
 -1        11-4.28941E+00-3.09745E+02-8.98639E-05
 -1       111 4.28941E+00-3.09745E+02 9.04146E-05
 -1       211-4.28941E+00-3.09745E+02 9.04146E-05
 -1       311 4.28941E+00-3.09745E+02-8.98639E-05
 -3
    1PSTEP                        47           0           2          
  100CL  128 33.69477402           4                     1   28           1
 -4  DISP        4    1
 -5  D1          1    2    1    0
 -5  D2          1    2    2    0
 -5  D3          1    2    3    0
 -5  ALL         1    2    0    0    1ALL
 -1        11 3.65699E-02 6.80048E-01 2.20708E-05
 -1       111-3.65699E-02 6.80048E-01-2.04490E-05
 -1       211 3.65699E-02 6.80048E-01-2.04490E-05
 -1       311-3.65699E-02 6.80048E-01 2.20708E-05
 -3
    1PSTEP                        48           0           2          
  100CL  128 33.69477402           4                     1   28           1
 -4  DISPI       4    1
 -5  D1          1    2    1    0
 -5  D2          1    2    2    0
 -5  D3          1    2    3    0
 -5  ALL         1    2    0    0    1ALL
 -1        11-1.22925E+01-8.87666E+02-2.58223E-04
 -1       111 1.22925E+01-8.87666E+02 2.58238E-04
 -1       211-1.22925E+01-8.87666E+02 2.58238E-04
 -1       311 1.22925E+01-8.87666E+02-2.58223E-04
 -3
    1PSTEP                        49           0           2          
  100CL  129 34.90140785           4                     1   29           1
 -4  DISP        4    1
 -5  D1          1    2    1    0
 -5  D2          1    2    2    0
 -5  D3          1    2    3    0
 -5  ALL         1    2    0    0    1ALL
 -1        11-3.79078E+00-2.75706E+02-5.91793E-05
 -1       111 3.79078E+00-2.75706E+02 5.90471E-05
 -1       211-3.79078E+00-2.75706E+02 5.90471E-05
 -1       311 3.79078E+00-2.75706E+02-5.91792E-05
 -3
    1PSTEP                        50           0           2          
  100CL  129 34.90140785           4                     1   29           1
 -4  DISPI       4    1
 -5  D1          1    2    1    0
 -5  D2          1    2    2    0
 -5  D3          1    2    3    0
 -5  ALL         1    2    0    0    1ALL
 -1        11-1.39951E+00-1.01057E+02-2.95015E-05
 -1       111 1.39951E+00-1.01057E+02 2.93876E-05
 -1       211-1.39951E+00-1.01057E+02 2.93876E-05
 -1       311 1.39951E+00-1.01057E+02-2.95015E-05
 -3
    1PSTEP                        51           0           2          
  100CL  130 36.20680691           4                     1   30           1
 -4  DISP        4    1
 -5  D1          1    2    1    0
 -5  D2          1    2    2    0
 -5  D3          1    2    3    0
 -5  ALL         1    2    0    0    1ALL
 -1        11-1.94527E+00-1.42440E+02-2.03552E-05
 -1       111 1.94527E+00-1.42440E+02 2.03163E-05
 -1       211-1.94527E+00-1.42440E+02 2.03163E-05
 -1       311 1.94527E+00-1.42440E+02-2.03551E-05
 -3
    1PSTEP                        52           0           2          
  100CL  130 36.20680691           4                     1   30           1
 -4  DISPI       4    1
 -5  D1          1    2    1    0
 -5  D2          1    2    2    0
 -5  D3          1    2    3    0
 -5  ALL         1    2    0    0    1ALL
 -1        11-3.54466E-01-2.55913E+01-7.50442E-06
 -1       111 3.54466E-01-2.55913E+01 7.48960E-06
 -1       211-3.54466E-01-2.55913E+01 7.48960E-06
 -1       311 3.54466E-01-2.55913E+01-7.50442E-06
 -3
    1PSTEP                        53           0           2          
  100CL  131 37.63406039           4                     1   31           1
 -4  DISP        4    1
 -5  D1          1    2    1    0
 -5  D2          1    2    2    0
 -5  D3          1    2    3    0
 -5  ALL         1    2    0    0    1ALL
 -1        11-1.22441E+00-9.03880E+01-5.18519E-06
 -1       111 1.22441E+00-9.03880E+01 5.16961E-06
 -1       211-1.22441E+00-9.03880E+01 5.16960E-06
 -1       311 1.22441E+00-9.03880E+01-5.18518E-06
 -3
    1PSTEP                        54           0           2          
  100CL  131 37.63406039           4                     1   31           1
 -4  DISPI       4    1
 -5  D1          1    2    1    0
 -5  D2          1    2    2    0
 -5  D3          1    2    3    0
 -5  ALL         1    2    0    0    1ALL
 -1        11-1.46578E-01-1.05789E+01-3.13475E-06
 -1       111 1.46578E-01-1.05789E+01 3.13089E-06
 -1       211-1.46578E-01-1.05789E+01 3.13089E-06
 -1       311 1.46578E-01-1.05789E+01-3.13475E-06
 -3
    1PSTEP                        55           0           2          
  100CL  132 39.21633256           4                     1   32           1
 -4  DISP        4    1
 -5  D1          1    2    1    0
 -5  D2          1    2    2    0
 -5  D3          1    2    3    0
 -5  ALL         1    2    0    0    1ALL
 -1        11-8.48949E-01-6.32795E+01 2.72535E-06
 -1       111 8.48949E-01-6.32795E+01-2.73282E-06
 -1       211-8.48949E-01-6.32795E+01-2.73283E-06
 -1       311 8.48949E-01-6.32795E+01 2.72536E-06
 -3
    1PSTEP                        56           0           2          
  100CL  132 39.21633256           4                     1   32           1
 -4  DISPI       4    1
 -5  D1          1    2    1    0
 -5  D2          1    2    2    0
 -5  D3          1    2    3    0
 -5  ALL         1    2    0    0    1ALL
 -1        11-7.49339E-02-5.40509E+00-1.63117E-06
 -1       111 7.49339E-02-5.40509E+00 1.62980E-06
 -1       211-7.49339E-02-5.40509E+00 1.62980E-06
 -1       311 7.49339E-02-5.40509E+00-1.63116E-06
 -3
    1PSTEP                        57           0           2          
  100CL  133 41.00412087           4                     1   33           1
 -4  DISP        4    1
 -5  D1          1    2    1    0
 -5  D2          1    2    2    0
 -5  D3          1    2    3    0
 -5  ALL         1    2    0    0    1ALL
 -1        11-6.18065E-01-4.66118E+01 7.60091E-06
 -1       111 6.18065E-01-4.66118E+01-7.60484E-06
 -1       211-6.18065E-01-4.66118E+01-7.60485E-06
 -1       311 6.18065E-01-4.66118E+01 7.60092E-06
 -3
    1PSTEP                        58           0           2          
  100CL  133 41.00412087           4                     1   33           1
 -4  DISPI       4    1
 -5  D1          1    2    1    0
 -5  D2          1    2    2    0
 -5  D3          1    2    3    0
 -5  ALL         1    2    0    0    1ALL
 -1        11-4.27733E-02-3.08238E+00-9.58030E-07
 -1       111 4.27733E-02-3.08238E+00 9.57460E-07
 -1       211-4.27733E-02-3.08238E+00 9.57460E-07
 -1       311 4.27733E-02-3.08238E+00-9.58030E-07
 -3
    1PSTEP                        59           0           2          
  100CL  134 43.08084976           4                     1   34           1
 -4  DISP        4    1
 -5  D1          1    2    1    0
 -5  D2          1    2    2    0
 -5  D3          1    2    3    0
 -5  ALL         1    2    0    0    1ALL
 -1        11-4.59995E-01-3.52033E+01 1.09518E-05
 -1       111 4.59995E-01-3.52033E+01-1.09539E-05
 -1       211-4.59995E-01-3.52033E+01-1.09540E-05
 -1       311 4.59995E-01-3.52033E+01 1.09518E-05
 -3
    1PSTEP                        60           0           2          
  100CL  134 43.08084976           4                     1   34           1
 -4  DISPI       4    1
 -5  D1          1    2    1    0
 -5  D2          1    2    2    0
 -5  D3          1    2    3    0
 -5  ALL         1    2    0    0    1ALL
 -1        11-2.58934E-02-1.86306E+00-6.06554E-07
 -1       111 2.58934E-02-1.86306E+00 6.06297E-07
 -1       211-2.58934E-02-1.86306E+00 6.06297E-07
 -1       311 2.58934E-02-1.86306E+00-6.06554E-07
 -3
    1PSTEP                        61           0           2          
  100CL  135 45.60239535           4                     1   35           1
 -4  DISP        4    1
 -5  D1          1    2    1    0
 -5  D2          1    2    2    0
 -5  D3          1    2    3    0
 -5  ALL         1    2    0    0    1ALL
 -1        11-3.42482E-01-2.67253E+01 1.34592E-05
 -1       111 3.42482E-01-2.67253E+01-1.34603E-05
 -1       211-3.42482E-01-2.67253E+01-1.34603E-05
 -1       311 3.42482E-01-2.67253E+01 1.34592E-05
 -3
    1PSTEP                        62           0           2          
  100CL  135 45.60239535           4                     1   35           1
 -4  DISPI       4    1
 -5  D1          1    2    1    0
 -5  D2          1    2    2    0
 -5  D3          1    2    3    0
 -5  ALL         1    2    0    0    1ALL
 -1        11-1.60362E-02-1.15079E+00-4.03401E-07
 -1       111 1.60362E-02-1.15079E+00 4.03283E-07
 -1       211-1.60362E-02-1.15079E+00 4.03283E-07
 -1       311 1.60362E-02-1.15079E+00-4.03401E-07
 -3
    1PSTEP                        63           0           2          
  100CL  136 48.92866707           4                     1   36           1
 -4  DISP        4    1
 -5  D1          1    2    1    0
 -5  D2          1    2    2    0
 -5  D3          1    2    3    0
 -5  ALL         1    2    0    0    1ALL
 -1        11-2.47587E-01-1.98840E+01 1.55076E-05
 -1       111 2.47587E-01-1.98840E+01-1.55082E-05
 -1       211-2.47587E-01-1.98840E+01-1.55082E-05
 -1       311 2.47587E-01-1.98840E+01 1.55076E-05
 -3
    1PSTEP                        64           0           2          
  100CL  136 48.92866707           4                     1   36           1
 -4  DISPI       4    1
 -5  D1          1    2    1    0
 -5  D2          1    2    2    0
 -5  D3          1    2    3    0
 -5  ALL         1    2    0    0    1ALL
 -1        11-9.75448E-03-6.96554E-01-2.76726E-07
 -1       111 9.75448E-03-6.96554E-01 2.76674E-07
 -1       211-9.75448E-03-6.96554E-01 2.76674E-07
 -1       311 9.75448E-03-6.96554E-01-2.76726E-07
 -3
    1PSTEP                        65           0           2          
  100CL  137 54.42324051           4                     1   37           1
 -4  DISP        4    1
 -5  D1          1    2    1    0
 -5  D2          1    2    2    0
 -5  D3          1    2    3    0
 -5  ALL         1    2    0    0    1ALL
 -1        11-1.58666E-01-1.34837E+01 1.74767E-05
 -1       111 1.58666E-01-1.34837E+01-1.74769E-05
 -1       211-1.58666E-01-1.34837E+01-1.74769E-05
 -1       311 1.58666E-01-1.34837E+01 1.74767E-05
 -3
    1PSTEP                        66           0           2          
  100CL  137 54.42324051           4                     1   37           1
 -4  DISPI       4    1
 -5  D1          1    2    1    0
 -5  D2          1    2    2    0
 -5  D3          1    2    3    0
 -5  ALL         1    2    0    0    1ALL
 -1        11-5.24439E-03-3.69796E-01-1.90958E-07
 -1       111 5.24439E-03-3.69796E-01 1.90940E-07
 -1       211-5.24439E-03-3.69796E-01 1.90940E-07
 -1       311 5.24439E-03-3.69796E-01-1.90958E-07
 -3
    1PSTEP                        67           0           2          
  100CL  138 79.27153350           4                     1   38           1
 -4  DISP        4    1
 -5  D1          1    2    1    0
 -5  D2          1    2    2    0
 -5  D3          1    2    3    0
 -5  ALL         1    2    0    0    1ALL
 -1        11-2.93318E-02-4.27783E+00 2.08369E-05
 -1       111 2.93318E-02-4.27783E+00-2.08369E-05
 -1       211-2.93318E-02-4.27783E+00-2.08369E-05
 -1       311 2.93318E-02-4.27783E+00 2.08369E-05
 -3
    1PSTEP                        68           0           2          
  100CL  138 79.27153350           4                     1   38           1
 -4  DISPI       4    1
 -5  D1          1    2    1    0
 -5  D2          1    2    2    0
 -5  D3          1    2    3    0
 -5  ALL         1    2    0    0    1ALL
 -1        11-1.21189E-03-7.26416E-02-1.51982E-07
 -1       111 1.21189E-03-7.26416E-02 1.51981E-07
 -1       211-1.21189E-03-7.26416E-02 1.51981E-07
 -1       311 1.21189E-03-7.26416E-02-1.51982E-07
 -3
    1PSTEP                        69           0           2          
  100CL  139 84.76610695           4                     1   39           1
 -4  DISP        4    1
 -5  D1          1    2    1    0
 -5  D2          1    2    2    0
 -5  D3          1    2    3    0
 -5  ALL         1    2    0    0    1ALL
 -1        11-1.81670E-02-3.51177E+00 2.12631E-05
 -1       111 1.81670E-02-3.51177E+00-2.12631E-05
 -1       211-1.81670E-02-3.51177E+00-2.12631E-05
 -1       311 1.81670E-02-3.51177E+00 2.12631E-05
 -3
    1PSTEP                        70           0           2          
  100CL  139 84.76610695           4                     1   39           1
 -4  DISPI       4    1
 -5  D1          1    2    1    0
 -5  D2          1    2    2    0
 -5  D3          1    2    3    0
 -5  ALL         1    2    0    0    1ALL
 -1        11-1.03369E-03-5.81042E-02-1.59969E-07
 -1       111 1.03369E-03-5.81042E-02 1.59968E-07
 -1       211-1.03369E-03-5.81042E-02 1.59968E-07
 -1       311 1.03369E-03-5.81042E-02-1.59969E-07
 -3
    1PSTEP                        71           0           2          
  100CL  140 88.09237867           4                     1   40           1
 -4  DISP        4    1
 -5  D1          1    2    1    0
 -5  D2          1    2    2    0
 -5  D3          1    2    3    0
 -5  ALL         1    2    0    0    1ALL
 -1        11-1.25022E-02-3.12931E+00 2.15087E-05
 -1       111 1.25022E-02-3.12931E+00-2.15087E-05
 -1       211-1.25022E-02-3.12931E+00-2.15087E-05
 -1       311 1.25022E-02-3.12931E+00 2.15087E-05
 -3
    1PSTEP                        72           0           2          
  100CL  140 88.09237867           4                     1   40           1
 -4  DISPI       4    1
 -5  D1          1    2    1    0
 -5  D2          1    2    2    0
 -5  D3          1    2    3    0
 -5  ALL         1    2    0    0    1ALL
 -1        11-9.58476E-04-5.15766E-02-1.65884E-07
 -1       111 9.58476E-04-5.15766E-02 1.65884E-07
 -1       211-9.58476E-04-5.15766E-02 1.65884E-07
 -1       311 9.58476E-04-5.15766E-02-1.65884E-07
 -3
    1PSTEP                        73           0           2          
  100CL  141 90.61392426           4                     1   41           1
 -4  DISP        4    1
 -5  D1          1    2    1    0
 -5  D2          1    2    2    0
 -5  D3          1    2    3    0
 -5  ALL         1    2    0    0    1ALL
 -1        11-8.63671E-03-2.87160E+00 2.16915E-05
 -1       111 8.63671E-03-2.87160E+00-2.16915E-05
 -1       211-8.63671E-03-2.87160E+00-2.16915E-05
 -1       311 8.63671E-03-2.87160E+00 2.16915E-05
 -3
    1PSTEP                        74           0           2          
  100CL  141 90.61392426           4                     1   41           1
 -4  DISPI       4    1
 -5  D1          1    2    1    0
 -5  D2          1    2    2    0
 -5  D3          1    2    3    0
 -5  ALL         1    2    0    0    1ALL
 -1        11-9.13904E-04-4.74775E-02-1.70853E-07
 -1       111 9.13904E-04-4.74775E-02 1.70853E-07
 -1       211-9.13904E-04-4.74775E-02 1.70853E-07
 -1       311 9.13904E-04-4.74775E-02-1.70853E-07
 -3
    1PSTEP                        75           0           2          
  100CL  142 92.69065315           4                     1   42           1
 -4  DISP        4    1
 -5  D1          1    2    1    0
 -5  D2          1    2    2    0
 -5  D3          1    2    3    0
 -5  ALL         1    2    0    0    1ALL
 -1        11-5.68853E-03-2.67719E+00 2.18411E-05
 -1       111 5.68853E-03-2.67719E+00-2.18410E-05
 -1       211-5.68853E-03-2.67719E+00-2.18410E-05
 -1       311 5.68853E-03-2.67719E+00 2.18411E-05
 -3
    1PSTEP                        76           0           2          
  100CL  142 92.69065315           4                     1   42           1
 -4  DISPI       4    1
 -5  D1          1    2    1    0
 -5  D2          1    2    2    0
 -5  D3          1    2    3    0
 -5  ALL         1    2    0    0    1ALL
 -1        11-8.83975E-04-4.45565E-02-1.75245E-07
 -1       111 8.83975E-04-4.45565E-02 1.75244E-07
 -1       211-8.83975E-04-4.45565E-02 1.75244E-07
 -1       311 8.83975E-04-4.45565E-02-1.75245E-07
 -3
    1PSTEP                        77           0           2          
  100CL  143 94.47844146           4                     1   43           1
 -4  DISP        4    1
 -5  D1          1    2    1    0
 -5  D2          1    2    2    0
 -5  D3          1    2    3    0
 -5  ALL         1    2    0    0    1ALL
 -1        11-3.30006E-03-2.52128E+00 2.19696E-05
 -1       111 3.30006E-03-2.52128E+00-2.19696E-05
 -1       211-3.30006E-03-2.52128E+00-2.19696E-05
 -1       311 3.30006E-03-2.52128E+00 2.19696E-05
 -3
    1PSTEP                        78           0           2          
  100CL  143 94.47844146           4                     1   43           1
 -4  DISPI       4    1
 -5  D1          1    2    1    0
 -5  D2          1    2    2    0
 -5  D3          1    2    3    0
 -5  ALL         1    2    0    0    1ALL
 -1        11-8.62529E-04-4.23269E-02-1.79238E-07
 -1       111 8.62529E-04-4.23269E-02 1.79238E-07
 -1       211-8.62529E-04-4.23269E-02 1.79238E-07
 -1       311 8.62529E-04-4.23269E-02-1.79238E-07
 -3
    1PSTEP                        79           0           2          
  100CL  144 96.06071363           4                     1   44           1
 -4  DISP        4    1
 -5  D1          1    2    1    0
 -5  D2          1    2    2    0
 -5  D3          1    2    3    0
 -5  ALL         1    2    0    0    1ALL
 -1        11-1.28959E-03-2.39128E+00 2.20836E-05
 -1       111 1.28959E-03-2.39128E+00-2.20836E-05
 -1       211-1.28959E-03-2.39128E+00-2.20836E-05
 -1       311 1.28959E-03-2.39128E+00 2.20836E-05
 -3
    1PSTEP                        80           0           2          
  100CL  144 96.06071363           4                     1   44           1
 -4  DISPI       4    1
 -5  D1          1    2    1    0
 -5  D2          1    2    2    0
 -5  D3          1    2    3    0
 -5  ALL         1    2    0    0    1ALL
 -1        11-8.46563E-04-4.05491E-02-1.82936E-07
 -1       111 8.46563E-04-4.05491E-02 1.82936E-07
 -1       211-8.46563E-04-4.05491E-02 1.82936E-07
 -1       311 8.46563E-04-4.05491E-02-1.82936E-07
 -3
    1PSTEP                        81           0           2          
  100CL  145 97.48796711           4                     1   45           1
 -4  DISP        4    1
 -5  D1          1    2    1    0
 -5  D2          1    2    2    0
 -5  D3          1    2    3    0
 -5  ALL         1    2    0    0    1ALL
 -1        11 4.48192E-04-2.27992E+00 2.21868E-05
 -1       111-4.48192E-04-2.27992E+00-2.21867E-05
 -1       211 4.48192E-04-2.27992E+00-2.21867E-05
 -1       311-4.48192E-04-2.27992E+00 2.21868E-05
 -3
    1PSTEP                        82           0           2          
  100CL  145 97.48796711           4                     1   45           1
 -4  DISPI       4    1
 -5  D1          1    2    1    0
 -5  D2          1    2    2    0
 -5  D3          1    2    3    0
 -5  ALL         1    2    0    0    1ALL
 -1        11-8.34397E-04-3.90880E-02-1.86404E-07
 -1       111 8.34397E-04-3.90880E-02 1.86404E-07
 -1       211-8.34397E-04-3.90880E-02 1.86404E-07
 -1       311 8.34397E-04-3.90880E-02-1.86404E-07
 -3
    1PSTEP                        83           0           2          
  100CL  146 98.79336617           4                     1   46           1
 -4  DISP        4    1
 -5  D1          1    2    1    0
 -5  D2          1    2    2    0
 -5  D3          1    2    3    0
 -5  ALL         1    2    0    0    1ALL
 -1        11 1.97989E-03-2.18261E+00 2.22816E-05
 -1       111-1.97989E-03-2.18261E+00-2.22816E-05
 -1       211 1.97989E-03-2.18261E+00-2.22816E-05
 -1       311-1.97989E-03-2.18261E+00 2.22816E-05
 -3
    1PSTEP                        84           0           2          
  100CL  146 98.79336617           4                     1   46           1
 -4  DISPI       4    1
 -5  D1          1    2    1    0
 -5  D2          1    2    2    0
 -5  D3          1    2    3    0
 -5  ALL         1    2    0    0    1ALL
 -1        11-8.25002E-04-3.78604E-02-1.89686E-07
 -1       111 8.25002E-04-3.78604E-02 1.89686E-07
 -1       211-8.25002E-04-3.78604E-02 1.89686E-07
 -1       311 8.25002E-04-3.78604E-02-1.89686E-07
 -3
    1PSTEP                        85           0           2          
  100CL  147 100.0000000           4                     1   47           1
 -4  DISP        4    1
 -5  D1          1    2    1    0
 -5  D2          1    2    2    0
 -5  D3          1    2    3    0
 -5  ALL         1    2    0    0    1ALL
 -1        11 3.35035E-03-2.09627E+00 2.23699E-05
 -1       111-3.35035E-03-2.09627E+00-2.23698E-05
 -1       211 3.35035E-03-2.09627E+00-2.23698E-05
 -1       311-3.35035E-03-2.09627E+00 2.23699E-05
 -3
    1PSTEP                        86           0           2          
  100CL  147 100.0000000           4                     1   47           1
 -4  DISPI       4    1
 -5  D1          1    2    1    0
 -5  D2          1    2    2    0
 -5  D3          1    2    3    0
 -5  ALL         1    2    0    0    1ALL
 -1        11-8.17706E-04-3.68112E-02-1.92815E-07
 -1       111 8.17706E-04-3.68112E-02 1.92815E-07
 -1       211-8.17706E-04-3.68112E-02 1.92815E-07
 -1       311 8.17706E-04-3.68112E-02-1.92815E-07
 -3
 9999
