Program Version,EnergyPlus, Version 25.2.0-cf7368216c, YMD=2026.08.21 20:13,
   ** Warning ** ProcessScheduleInput: DecodeHHMMField, Invalid "until" field value is not a multiple of the minutes for each timestep: UNTIL: 06:58
   **   ~~~   ** Other errors may result. Occurred in Day Schedule=OCCUPANCY-SCHEDULE_dy_1
   ** Warning ** ProcessScheduleInput: DecodeHHMMField, Invalid "until" field value is not a multiple of the minutes for each timestep: UNTIL: 17:02
   **   ~~~   ** Other errors may result. Occurred in Day Schedule=OCCUPANCY-SCHEDULE_dy_1
   ** Warning ** ProcessScheduleInput: DecodeHHMMField, Invalid "until" field value is not a multiple of the minutes for each timestep: UNTIL: 03:22
   **   ~~~   ** Other errors may result. Occurred in Day Schedule=HVAC-AVAILABILITY_dy_1
   ** Warning ** ProcessScheduleInput: DecodeHHMMField, Invalid "until" field value is not a multiple of the minutes for each timestep: UNTIL: 20:38
   **   ~~~   ** Other errors may result. Occurred in Day Schedule=HVAC-AVAILABILITY_dy_1
   ** Warning ** ProcessScheduleInput: DecodeHHMMField, Invalid "until" field value is not a multiple of the minutes for each timestep: UNTIL: 06:58
   **   ~~~   ** Other errors may result. Occurred in Day Schedule=HEATING-SP_dy_1
   ** Warning ** ProcessScheduleInput: DecodeHHMMField, Invalid "until" field value is not a multiple of the minutes for each timestep: UNTIL: 17:02
   **   ~~~   ** Other errors may result. Occurred in Day Schedule=HEATING-SP_dy_1
   ** Warning ** ProcessScheduleInput: DecodeHHMMField, Invalid "until" field value is not a multiple of the minutes for each timestep: UNTIL: 06:58
   **   ~~~   ** Other errors may result. Occurred in Day Schedule=COOLING-SP_dy_1
   ** Warning ** ProcessScheduleInput: DecodeHHMMField, Invalid "until" field value is not a multiple of the minutes for each timestep: UNTIL: 17:02
   **   ~~~   ** Other errors may result. Occurred in Day Schedule=COOLING-SP_dy_1
   ** Warning ** CheckEnvironmentSpecifications: SimulationControl specified doing design day simulations, but no design environments specified.
   **   ~~~   ** ...No design environment results produced. For these results, add appropriate SizingPeriod:* objects for your simulation.
   ** Warning ** GetHTSurfaceData: Surfaces with interface to Ground found but no "Ground Temperatures" were input.
   **   ~~~   ** Found first in surface=RECORDS-FLOOR
   **   ~~~   ** Defaults, constant throughout the year of (18.0) will be used.
   ** Warning ** GetVertices: Floor is upside down! Tilt angle=[0.0], should be near 180, Surface="RECORDS-FLOOR", in Zone="RECORDS-ZN".
   **   ~~~   ** Automatic fix is attempted.
   ** Warning ** GetVertices: Roof/Ceiling is upside down! Tilt angle=[180.0], should be near 0, Surface="RECORDS-ROOF", in Zone="RECORDS-ZN".
   **   ~~~   ** Automatic fix is attempted.
   ** Warning ** GetVertices: Floor is upside down! Tilt angle=[0.0], should be near 180, Surface="STAFF-FLOOR", in Zone="STAFF-ZN".
   **   ~~~   ** Automatic fix is attempted.
   ** Warning ** GetVertices: Roof/Ceiling is upside down! Tilt angle=[180.0], should be near 0, Surface="STAFF-ROOF", in Zone="STAFF-ZN".
   **   ~~~   ** Automatic fix is attempted.
   ** Warning ** GetVertices: Floor is upside down! Tilt angle=[0.0], should be near 180, Surface="UTILITY-FLOOR", in Zone="UTILITY-ZN".
   **   ~~~   ** Automatic fix is attempted.
   ** Warning ** GetVertices: Roof/Ceiling is upside down! Tilt angle=[180.0], should be near 0, Surface="UTILITY-ROOF", in Zone="UTILITY-ZN".
   **   ~~~   ** Automatic fix is attempted.
   ** Warning ** GetDaylightingControls: Fraction of zone or space controlled by the Daylighting reference points is < 1.0.
   **   ~~~   ** ..discovered in Daylighting:Controls="RECORDS-DAYLIGHT-CONTROLS", only 0.500 of the zone or space is controlled.
   ** Warning ** GetDaylightingControls: Fraction of zone or space controlled by the Daylighting reference points is < 1.0.
   **   ~~~   ** ..discovered in Daylighting:Controls="STAFF-DAYLIGHT-CONTROLS", only 0.500 of the zone or space is controlled.
   ** Warning ** GetDaylightingControls: Fraction of zone or space controlled by the Daylighting reference points is < 1.0.
   **   ~~~   ** ..discovered in Daylighting:Controls="UTILITY-DAYLIGHT-CONTROLS", only 0.500 of the zone or space is controlled.
   ** Warning ** Output:Meter: invalid Key Name="DISTRICTHEATING:FACILITY" - not found.
   ** Warning ** Output:Meter: invalid Key Name="NATURALGAS:FACILITY" - not found.
   ** Warning ** Output:Meter:MeterFileOnly: invalid Key Name="NATURALGAS:FACILITY" - not found.
   ** Warning ** Output:Meter:MeterFileOnly requested for "Electricity:Facility" (TimeStep), already on "Output:Meter". Will report to both eplusout.eso and eplusout.mtr
   ************* Testing Individual Branch Integrity
   ************* All Branches passed integrity testing
   ************* Testing Individual Supply Air Path Integrity
   ************* All Supply Air Paths passed integrity testing
   ************* Testing Individual Return Air Path Integrity
   ************* All Return Air Paths passed integrity testing
   ************* No node connection errors were found.
   ************* Beginning Simulation
   ** Warning ** Processing Monthly Tabular Reports: Variable names not valid for this simulation
   **   ~~~   ** ...use Output:Diagnostics,DisplayExtraWarnings; to show more details on individual variables.
   ************* Simulation Error Summary *************
   ************* EnergyPlus Warmup Error Summary. During Warmup: 0 Warning; 0 Severe Errors.
   ************* EnergyPlus Sizing Error Summary. During Sizing: 0 Warning; 0 Severe Errors.
   ************* EnergyPlus Completed Successfully-- 24 Warning; 0 Severe Errors; Elapsed Time=00hr 00min  1.12sec
