Program Version,EnergyPlus, Version 25.1.0-1c11a3d85f, YMD=2026.08.12 23:32,
   ** Warning ** CheckEnvironmentSpecifications: SimulationControl specified doing design day simulations, but no design environments specified.
   **   ~~~   ** ...No design environment results produced. For these results, add appropriate SizingPeriod:* objects for your simulation.
   ** Warning ** GetHTSurfaceData: Surfaces with interface to Ground found but no "Ground Temperatures" were input.
   **   ~~~   ** Found first in surface=SURFACE 6
   **   ~~~   ** Defaults, constant throughout the year of (18.0) will be used.
   ************* Testing Individual Branch Integrity
   ************* All Branches passed integrity testing
   ************* Testing Individual Supply Air Path Integrity
   ************* All Supply Air Paths passed integrity testing
   ************* Testing Individual Return Air Path Integrity
   ************* All Return Air Paths passed integrity testing
   ************* No node connection errors were found.
   ************* Beginning Simulation
   ** Warning ** The resource referenced by LifeCycleCost:UsePriceEscalation= "U.S. AVG  COMMERCIAL-ELECTRICITY" has no energy cost. 
   **   ~~~   ** ... It is likely that the wrong resource is used. The resource should match the meter used in Utility:Tariff.
   ** Warning ** The resource referenced by LifeCycleCost:UsePriceEscalation= "U.S. AVG  COMMERCIAL-DISTILLATE OIL" has no energy cost. 
   **   ~~~   ** ... It is likely that the wrong resource is used. The resource should match the meter used in Utility:Tariff.
   ** Warning ** The resource referenced by LifeCycleCost:UsePriceEscalation= "U.S. AVG  COMMERCIAL-RESIDUAL OIL" has no energy cost. 
   **   ~~~   ** ... It is likely that the wrong resource is used. The resource should match the meter used in Utility:Tariff.
   ** Warning ** The resource referenced by LifeCycleCost:UsePriceEscalation= "U.S. AVG  COMMERCIAL-NATURAL GAS" has no energy cost. 
   **   ~~~   ** ... It is likely that the wrong resource is used. The resource should match the meter used in Utility:Tariff.
   ** Warning ** The resource referenced by LifeCycleCost:UsePriceEscalation= "U.S. AVG  COMMERCIAL-COAL" has no energy cost. 
   **   ~~~   ** ... It is likely that the wrong resource is used. The resource should match the meter used in Utility:Tariff.
   ************* Simulation Error Summary *************
   ************* There are 3 unused schedules in input.
   ************* Use Output:Diagnostics,DisplayUnusedSchedules; to see them.
   ************* EnergyPlus Warmup Error Summary. During Warmup: 0 Warning; 0 Severe Errors.
   ************* EnergyPlus Sizing Error Summary. During Sizing: 0 Warning; 0 Severe Errors.
   ************* EnergyPlus Completed Successfully-- 7 Warning; 0 Severe Errors; Elapsed Time=00hr 00min  1.15sec
