
 Ansys Mechanical Enterprise                       


 *------------------------------------------------------------------*
 |                                                                  |
 |   W E L C O M E   T O   T H E   A N S Y S (R)  P R O G R A M     |
 |                                                                  |
 *------------------------------------------------------------------*




 ***************************************************************
 *         ANSYS MAPDL 2026 R1          LEGAL NOTICES          *
 ***************************************************************
 *                                                             *
 * Copyright (c) 2026 Synopsys, Inc. and ANSYS, Inc.           *
 * All rights reserved.                                        *
 * Unauthorized use, distribution or duplication is            *
 * prohibited.                                                 *
 *                                                             *
 * Ansys is a registered trademark of Ansys, Inc. or its       *
 * subsidiaries in the United States or other countries.       *
 * See the Ansys, Inc. online documentation or the Ansys, Inc. *
 * documentation CD or online help for the complete Legal      *
 * Notice.                                                     *
 *                                                             *
 ***************************************************************
 *                                                             *
 * THIS ANSYS SOFTWARE PRODUCT AND PROGRAM DOCUMENTATION       *
 * INCLUDE TRADE SECRETS AND CONFIDENTIAL AND PROPRIETARY      *
 * PRODUCTS OF ANSYS, INC., ITS SUBSIDIARIES, OR LICENSORS.    *
 * The software products and documentation are furnished by    *
 * Ansys, Inc. or its subsidiaries under a software license    *
 * agreement that contains provisions concerning               *
 * non-disclosure, copying, length and nature of use,          *
 * compliance with exporting laws, warranties, disclaimers,    *
 * limitations of liability, and remedies, and other           *
 * provisions.  The software products and documentation may be *
 * used, disclosed, transferred, or copied only in accordance  *
 * with the terms and conditions of that software license      *
 * agreement.                                                  *
 *                                                             *
 * Ansys, Inc. is a UL registered                              *
 * ISO 9001:2015 company.                                      *
 *                                                             *
 ***************************************************************
 *                                                             *
 * This product is subject to U.S. laws governing export and   *
 * re-export.                                                  *
 *                                                             *
 * For U.S. Government users, except as specifically granted   *
 * by the Ansys, Inc. software license agreement, the use,     *
 * duplication, or disclosure by the United States Government  *
 * is subject to restrictions stated in the Ansys, Inc.        *
 * software license agreement and FAR 12.212 (for non-DOD      *
 * licenses).                                                  *
 *                                                             *
 ***************************************************************

 2026 R1 
     
 Point Releases and Patches installed:   
     
 Ansys, Inc. License Manager 2026 R1 
 Discovery (reduced install) 2026 R1 
 Core WB Files 2026 R1   
 Sound - SAS 2026 R1 
 Additive 2026 R1
 optiSLang Core 2026 R1  
 optiSLang Core UI 2026 R1   
 optiSLang AI 2026 R1
 optiSLang App Generation 2026 R1
 Behavior Execution Engine 2026 R1   
 ModelCenter 2026 R1 
 ModelCenter Remote Execution 2026 R1
 ModelCenter MBSE 2026 R1
 Scade One 2026 R1   
 medini analyze 2026 R1  
 TwinAI 2026 R1  
 Twin Builder 2026 R1
 Electromagnetics Suite 2026 R1  
 Motor-CAD 2026 R1   
 scaderapidprototyper archive 2026 R1
 BladeModeler 2026 R1
 CFX (includes CFD-Post) 2026 R1 
 CFD-Post only 2026 R1   
 Chemkin 2026 R1 
 EnSight 2026 R1 
 FENSAP-ICE 2026 R1  
 Fluent (includes CFD-Post) 2026 R1  
 Polyflow (includes CFD-Post) 2026 R1
 Forte (includes EnSight) 2026 R1
 ICEM CFD 2026 R1
 RBF Morph Fluids UDF 2026 R1
 RBF Morph Libraries 2026 R1 
 Rocky 2026 R1   
 Thermal Desktop: AutoCAD 2026 R1
 Thermal Desktop: Thermal Desktop and TD Designer  2026 R1   
 Thermal Desktop: Sinda Solver 2026 R1   
 TurboGrid 2026 R1   
 Granta Selector 2026 R1 
 Lumerical 2026 R1   
 Lumerical-RPM 2026 R1   
 Optics Launcher 2026 R1 
 Speos 2026 R1   
 SpaceClaim 2026 R1  
 Catia, Version 5 Geometry Interface 2026 R1 
 Speos HPC 2026 R1   
 Speos RPC 2026 R1   
 Speos Libraries 2026 R1 
 Zemax OpticStudio 2026 R1   
 Dynamic Reporting 2026 R1   
 Remote Solve Manager Standalone Services 2026 R1
 medini analyze QKit 2026 R1 
 Aqwa 2026 R1
 Autodyn 2026 R1 
 Customization Files for User Programmable Features 2026 R1  
 LS-DYNA 2026 R1 
 Material Calibration App 2026 R1
 Mechanical Products 2026 R1 
 Motion 2026 R1  
 RBF Morph 2026 R1   
 Sherlock 2026 R1
 ACIS Geometry Interface 2026 R1 
 AutoCAD Geometry Interface 2026 R1  
 Catia, Version 4 Geometry Interface 2026 R1 
 Catia, Version 6 Geometry Interface 2026 R1 
 Creo Elements/Direct Modeling Geometry Interface 2026 R1
 Creo Parametric Geometry Interface 2026 R1  
 Inventor Geometry Interface 2026 R1 
 JTOpen Geometry Interface 2026 R1   
 NX Geometry Interface 2026 R1   
 Parasolid Geometry Interface  2026 R1   
 Solid Edge Geometry Interface 2026 R1   
 SOLIDWORKS Geometry Interface 2026 R1   


          *****  MAPDL COMMAND LINE ARGUMENTS  *****
  INITIAL JOBNAME              = Job-Plate                                                                                                                                                                                                                                               
  BATCH MODE REQUESTED (-b)    = LIST
  INPUT FILE COPY MODE (-c)    = COPY
       1 PARALLEL PROCESSES REQUESTED WITH SINGLE THREAD PER PROCESS
    TOTAL OF     1 CORES REQUESTED
  INPUT FILE NAME              = C:\Users\user\AppData\Local\Temp\codex_task01_ansys_generate_Job-Plate_4b36cabba7\run.inp
  OUTPUT FILE NAME             = C:\Users\user\AppData\Local\Temp\codex_task01_ansys_generate_Job-Plate_4b36cabba7\run.out
  INITIAL DIRECTORY = C:\Users\user\AppData\Local\Temp\codex_task01_ansys_generate_Job-Plate_4b36cabba7

 RELEASE= 2026 R1              BUILD= 26.1      UP20260202   VERSION=WINDOWS x64 
 CURRENT JOBNAME=Job-Plate  22:09:53  AUG 11, 2026  Elapsed Time=       0.016

     1  /BATCH  
     2  /FILNAME,Job-Plate,1
     3  /TITLE,EngiWorld CLI task-01 axisymmetric circular plate
     4  /PREP7  
     5  ET,1,PLANE183   
     6  KEYOPT,1,3,1
     7  MP,EX,1,210000  
     8  MP,PRXY,1,0.3   
     9      
    10  ! Corner nodes on the lower and upper faces.
    11  *DO,ii,0,25 
    12  N,1+ii,2*ii,0,0 
    13  N,27+ii,2*ii,1,0
    14  *ENDDO  
    15      
    16  ! Horizontal midside nodes on the lower and upper faces.
    17  *DO,ii,0,24 
    18  N,53+ii,2*ii+1,0,0  
    19  N,78+ii,2*ii+1,1,0  
    20  *ENDDO  
    21      
    22  ! Vertical midside nodes shared by adjacent elements.   
    23  *DO,ii,0,25 
    24  N,103+ii,2*ii,0.5,0 
    25  *ENDDO  
    26      
    27  ! One PLANE183 element through the thickness and 25 radially.   
    28  TYPE,1  
    29  MAT,1   
    30  *DO,ii,0,24 
    31  E,1+ii,2+ii,28+ii,27+ii,53+ii,104+ii,78+ii,103+ii   
    32  *ENDDO  
    33      
    34  NSEL,S,LOC,X,0  
    35  CM,AXIS,NODE
    36  NSEL,S,LOC,X,50 
    37  CM,OUTER,NODE   
    38  NSEL,S,LOC,Y,1  
    39  CM,TOP,NODE 
    40  ALLSEL,ALL  
    41      
    42  D,AXIS,UX,0 
    43  D,OUTER,UX,0
    44  D,OUTER,UY,0
    45      
    46  press=0.1   
    47  pi=ACOS(-1) 
    48  total_fy=0  
    49  *DO,ii,0,50 
    50  radius=ii   
    51  *IF,MOD(ii,2),EQ,0,THEN 
    52  top_node=27+ii/2
    53  *ELSE   
    54  top_node=78+(ii-1)/2
    55  *ENDIF  
    56  delta_r=1   
    57  *IF,ii,EQ,0,THEN
    58  delta_r=0.5 
    59  *ENDIF  
    60  *IF,ii,EQ,50,THEN   
    61  delta_r=0.5 
    62  *ENDIF  
    63  node_fy=-press*2*pi*radius*delta_r  
    64  total_fy=total_fy+node_fy   
    65  *IF,ABS(node_fy),GT,0,THEN  
    66  F,top_node,FY,node_fy   
    67  *ENDIF  
    68  *ENDDO  
    69      
    70  FINISH  
    71  /SOLU   
    72  ANTYPE,STATIC   
    73  OUTRES,ALL,ALL  
    74  SOLVE   
    75  FINISH  
    76  SAVE,Job-Plate,db   
    77      
    78  /POST1  
    79  FILE,Job-Plate,rst  
    80  SET,LAST
    81  *GET,center_u2,NODE,27,U,Y  
    82  NSORT,S,EQV,0,1,ALL 
    83  *GET,max_mises,SORT,0,MAX   
    84  ALLSEL,ALL  
    85  NSEL,S,LOC,X,50 
    86  *GET,rf26,NODE,26,RF,FY 
    87  *GET,rf52,NODE,52,RF,FY 
    88  *GET,rf128,NODE,128,RF,FY   
    89  support_fy=rf26+rf52+rf128  
    90  ALLSEL,ALL  
    91  expected_fy=-press*pi*50*50 
    92      
    93  *CFOPEN,metrics,json
    94  *VWRITE,center_u2   
    95  ('{"center_deflection": ',E24.16,',')   
    96  *VWRITE,max_mises   
    97  (' "max_mises": ',E24.16,'}')   
    98  *CFCLOS 
    99      
   100  *CFOPEN,cli_task01_ansys_audit,txt  
   101  *VWRITE 
   102  ('software=ANSYS Mechanical APDL 2026 R1')  
   103  *VWRITE 
   104  ('analysis=2D axisymmetric static structural')  
   105  *VWRITE 
   106  ('element_type=PLANE183')   
   107  *VWRITE 
   108  ('axisymmetric_keyopt_3=1') 
   109  *VWRITE 
   110  ('nodes=128')   
   111  *VWRITE 
   112  ('elements=25') 
   113  *VWRITE 
   114  ('top_nodes=51')
   115  *VWRITE,total_fy
   116  ('total_fy_n=',E24.16)  
   117  *VWRITE,expected_fy 
   118  ('expected_total_fy_n=',E24.16) 
   119  *VWRITE,support_fy  
   120  ('support_fy_n=',E24.16)
   121  *VWRITE,center_u2   
   122  ('center_deflection_mm=',E24.16)
   123  *VWRITE,max_mises   
   124  ('max_mises_mpa=',E24.16)   
   125  *CFCLOS 
   126  FINISH  
   127  SAVE,Job-Plate,db   
   128  /EXIT,NOSAVE

 RUN SETUP PROCEDURE FROM FILE= C:\Program Files\ANSYS Inc\v261\Ansys\apdl\start.ans

 /INPUT FILE= C:\Program Files\ANSYS Inc\v261\Ansys\apdl\start.ans  LINE=       0

 CURRENT JOBNAME REDEFINED AS Job-Plate
     Opening new LOG, ERROR, LOCK and PAGE FILES

 TITLE= 
 EngiWorld CLI task-01 axisymmetric circular plate                             


 *** MAPDL - ENGINEERING ANALYSIS SYSTEM  RELEASE 2026 R1          26.1     ***
 Ansys Mechanical Enterprise                       
 20120530  VERSION=WINDOWS x64   22:09:53  AUG 11, 2026 Elapsed Time=      1.515

 EngiWorld CLI task-01 axisymmetric circular plate                             



          ***** MAPDL ANALYSIS DEFINITION (PREP7) *****

 ELEMENT TYPE          1 IS PLANE183     2-D 8-NODE PLANE STRS SOLID 
  KEYOPT( 1- 6)=        0      0      0        0      0      0
  KEYOPT( 7-12)=        0      0      0        0      0      0
  KEYOPT(13-18)=        0      0      0        0      0      0

 CURRENT NODAL DOF SET IS  UX    UY  
  TWO-DIMENSIONAL MODEL

 ELEMENT TYPE       1 IS PLANE183     8-NODE AXISYMMETRIC SOLID   
  KEYOPT( 1- 6)=        0      0      1        0      0      0
  KEYOPT( 7-12)=        0      0      0        0      0      0
  KEYOPT(13-18)=        0      0      0        0      0      0

 CURRENT NODAL DOF SET IS  UX    UY  
  AXISYMMETRIC MODEL

 MATERIAL          1     EX   =   210000.0      

 MATERIAL          1     PRXY =  0.3000000      

 *DO LOOP ON PARAMETER= II FROM  0.0000     TO  25.000     BY  1.0000    

 NODE          1  KCS=      0  X,Y,Z=  0.0000       0.0000       0.0000     

 NODE         27  KCS=      0  X,Y,Z=  0.0000       1.0000       0.0000     

 *ENDDO  INDEX= II                              

 *DO LOOP ON PARAMETER= II FROM  0.0000     TO  24.000     BY  1.0000    

 NODE         53  KCS=      0  X,Y,Z=  1.0000       0.0000       0.0000     

 NODE         78  KCS=      0  X,Y,Z=  1.0000       1.0000       0.0000     

 *ENDDO  INDEX= II                              

 *DO LOOP ON PARAMETER= II FROM  0.0000     TO  25.000     BY  1.0000    

 NODE        103  KCS=      0  X,Y,Z=  0.0000      0.50000       0.0000     

 *ENDDO  INDEX= II                              

 ELEMENT TYPE SET TO         1

 MATERIAL NUMBER SET TO         1

 *DO LOOP ON PARAMETER= II FROM  0.0000     TO  24.000     BY  1.0000    

 ELEMENT      1       1      2     28     27     53    104     78    103


 *ENDDO  INDEX= II                              

 SELECT       FOR ITEM=LOC  COMPONENT=X     BETWEEN  0.0000     AND   0.0000    
   KABS=  0.  TOLERANCE= 0.100000E-05

          3  NODES (OF        128  DEFINED) SELECTED BY  NSEL  COMMAND.

 DEFINITION OF COMPONENT = AXIS      ENTITY=NODE

 SELECT       FOR ITEM=LOC  COMPONENT=X     BETWEEN  50.000     AND   50.000    
   KABS=  0.  TOLERANCE= 0.250000    

          3  NODES (OF        128  DEFINED) SELECTED BY  NSEL  COMMAND.

 DEFINITION OF COMPONENT = OUTER     ENTITY=NODE

 SELECT       FOR ITEM=LOC  COMPONENT=Y     BETWEEN  1.0000     AND   1.0000    
   KABS=  0.  TOLERANCE= 0.500000E-02

         51  NODES (OF        128  DEFINED) SELECTED BY  NSEL  COMMAND.

 DEFINITION OF COMPONENT = TOP       ENTITY=NODE

 SELECT ALL ENTITIES OF TYPE= ALL  AND BELOW

 SPECIFIED CONSTRAINT UX   FOR PICKED NODES 
 REAL=  0.00000000       IMAG=  0.00000000    

 SPECIFIED CONSTRAINT UX   FOR PICKED NODES 
 REAL=  0.00000000       IMAG=  0.00000000    

 SPECIFIED CONSTRAINT UY   FOR PICKED NODES 
 REAL=  0.00000000       IMAG=  0.00000000    

 PARAMETER PRESS =    0.1000000000    

 PARAMETER PI =     3.141592654    

 PARAMETER TOTAL_FY =     0.000000000    

 *DO LOOP ON PARAMETER= II FROM  0.0000     TO  50.000     BY  1.0000    

 PARAMETER RADIUS =     0.000000000    

 *IF  MOD(ii,2)  ( =   0.00000     )  EQ  
      0  ( =   0.00000     )  THEN    

 PARAMETER TOP_NODE =     27.00000000    

 *ELSE

 *ENDIF

 PARAMETER DELTA_R =     1.000000000    

 *IF  ii  ( =   0.00000     )  EQ  
      0  ( =   0.00000     )  THEN    

 PARAMETER DELTA_R =    0.5000000000    

 *ENDIF

 *IF  ii  ( =   0.00000     )  EQ  
      50  ( =   50.0000     )  THEN    

 *ENDIF

 PARAMETER NODE_FY =     0.000000000    

 PARAMETER TOTAL_FY =     0.000000000    

 *IF  ABS(node_fy)  ( =   0.00000     )  GT  
      0  ( =   0.00000     )  THEN    

 *ENDIF

 *ENDDO  INDEX= II                              


 ***** ROUTINE COMPLETED *****  ELAPSED TIME =         1.522



 *****  MAPDL SOLUTION ROUTINE  *****


 PERFORM A STATIC ANALYSIS
  THIS WILL BE A NEW ANALYSIS

 WRITE ALL  ITEMS TO THE DATABASE WITH A FREQUENCY OF ALL 
   FOR ALL APPLICABLE ENTITIES

 *****  MAPDL SOLVE    COMMAND  *****

 *** NOTE ***                            ELAPSED TIME =       1.524   TIME= 22:09:53
 Axisymmetric elements are present.  The nodal loads input with the F    
 commands and the reaction forces are on a full circle basis.  This      
 differs from the pre-MAPDL 5.0 interpretation.                          

 *** SELECTION OF ELEMENT TECHNOLOGIES FOR APPLICABLE ELEMENTS ***
                ---GIVE SUGGESTIONS ONLY---

 ELEMENT TYPE         1 IS PLANE183 WITH AXISYMMETRIC OPTION. IT IS NOT ASSOCIATED
 WITH FULLY INCOMPRESSIBLE HYPERELASTIC MATERIALS. NO SUGGESTION IS AVAILABLE.



 *** MAPDL - ENGINEERING ANALYSIS SYSTEM  RELEASE 2026 R1          26.1     ***
 Ansys Mechanical Enterprise                       
 20120530  VERSION=WINDOWS x64   22:09:53  AUG 11, 2026 Elapsed Time=      1.524

 EngiWorld CLI task-01 axisymmetric circular plate                             



                       S O L U T I O N   O P T I O N S

   PROBLEM DIMENSIONALITY. . . . . . . . . . . . .AXISYMMETRIC         
   DEGREES OF FREEDOM. . . . . . UX   UY  
   ANALYSIS TYPE . . . . . . . . . . . . . . . . .STATIC (STEADY-STATE)
   GLOBALLY ASSEMBLED MATRIX . . . . . . . . . . .SYMMETRIC  

 *** NOTE ***                            ELAPSED TIME =       1.524   TIME= 22:09:53
 Present time 0 is less than or equal to the previous time.  Time will   
 default to 1.                                                           

 *** NOTE ***                            ELAPSED TIME =       1.524   TIME= 22:09:53
 The conditions for direct assembly have been met.  No .emat or .erot    
 files will be produced.                                                 

                      L O A D   S T E P   O P T I O N S

   LOAD STEP NUMBER. . . . . . . . . . . . . . . .     1
   TIME AT END OF THE LOAD STEP. . . . . . . . . .  1.0000    
   NUMBER OF SUBSTEPS. . . . . . . . . . . . . . .     1
   STEP CHANGE BOUNDARY CONDITIONS . . . . . . . .    NO
   PRINT OUTPUT CONTROLS . . . . . . . . . . . . .NO PRINTOUT
   DATABASE OUTPUT CONTROLS
      ITEM     FREQUENCY   COMPONENT
       ALL        ALL               


 SOLUTION MONITORING INFO IS WRITTEN TO FILE= Job-Plate.mntr                                                                                                                                                                                                                                                      


 Range of element maximum matrix coefficients in global coordinates
 Maximum = 318138616 at element 25.                                      
 Minimum = 9585885.28 at element 1.                                      

   *** ELEMENT MATRIX FORMULATION TIMES
     TYPE    NUMBER     ENAME   TOTAL ELAPSED   AVG ELAPSED

        1        25  PLANE183          0.0009   0.000035024
 Elapsed Time at end of element matrix formulation = 1.5300411.          

 SPARSE MATRIX DIRECT SOLVER.
  Number of equations =         247,    Maximum wavefront =     24


  Memory allocated on this process
  -------------------------------------------------------------------
  Equation solver memory allocated                     =     0.230 MB
  Equation solver memory required for in-core mode     =     0.222 MB
  Equation solver memory required for out-of-core mode =     0.214 MB
  Total (solver and non-solver) memory allocated       =   345.081 MB

 *** NOTE ***                            ELAPSED TIME =       1.531   TIME= 22:09:53
 The Sparse Matrix Solver is currently running in the in-core memory     
 mode.  This memory mode uses the most amount of memory in order to      
 avoid using the hard drive as much as possible, which most often        
 results in the fastest solution time.  This mode is recommended if      
 enough physical memory is present to accommodate all of the solver      
 data.                                                                   
 Sparse solver maximum pivot= 181713161 at node 25 UY.                   
 Sparse solver minimum pivot= 1439.56399 at node 115 UY.                 
 Sparse solver minimum pivot in absolute value= 1439.56399 at node 115   
 UY.                                                                     

   *** ELEMENT RESULT CALCULATION TIMES
     TYPE    NUMBER     ENAME   TOTAL ELAPSED   AVG ELAPSED

        1        25  PLANE183          0.0010   0.000040532

   *** NODAL LOAD CALCULATION TIMES
     TYPE    NUMBER     ENAME   TOTAL ELAPSED   AVG ELAPSED

        1        25  PLANE183          0.0003   0.000013368
 *** LOAD STEP     1   SUBSTEP     1  COMPLETED.    CUM ITER =      1
 *** TIME =   1.00000         TIME INC =   1.00000      NEW TRIANG MATRIX


 *** MAPDL BINARY FILE STATISTICS
  BUFFER SIZE USED= 16384
        0.062 MB WRITTEN ON ASSEMBLED MATRIX FILE: Job-Plate.full
        0.312 MB WRITTEN ON RESULTS FILE: Job-Plate.rst

 FINISH SOLUTION PROCESSING


 ***** ROUTINE COMPLETED *****  ELAPSED TIME =         1.541



 ALL CURRENT MAPDL DATA WRITTEN TO FILE NAME= Job-Plate.db
  FOR POSSIBLE RESUME FROM THIS POINT

 *** MAPDL - ENGINEERING ANALYSIS SYSTEM  RELEASE 2026 R1          26.1     ***
 Ansys Mechanical Enterprise                       
 20120530  VERSION=WINDOWS x64   22:09:53  AUG 11, 2026 Elapsed Time=      1.555

 EngiWorld CLI task-01 axisymmetric circular plate                             



          ***** MAPDL RESULTS INTERPRETATION (POST1) *****

 *** NOTE ***                            ELAPSED TIME =       1.556   TIME= 22:09:53
 Reading results into the database (SET command) will update the current 
 displacement and force boundary conditions in the database with the     
 values from the results file for that load set.  Note that any          
 subsequent solutions will use these values unless action is taken to    
 either SAVE the current values or not overwrite them (/EXIT,NOSAVE).    

 DATA FILE CHANGED TO FILE= Job-Plate.rst


 USE LAST SUBSTEP ON RESULT FILE  FOR LOAD CASE 0 

 SET COMMAND GOT LOAD STEP=     1  SUBSTEP=     1  CUMULATIVE ITERATION=     1
   TIME/FREQUENCY=  1.0000    
 TITLE= EngiWorld CLI task-01 axisymmetric circular plate                       

 *GET  CENTER_U2  FROM  NODE     27  ITEM=U    Y     VALUE=-0.504116620    

 SORT ON ITEM=S     COMPONENT=EQV   ORDER= 0  KABS= 1  NMAX=     128

 SORT COMPLETED FOR      52 VALUES.

 *GET  MAX_MISES  FROM  SORT  ITEM=MAX        VALUE=  164.502576    

 SELECT ALL ENTITIES OF TYPE= ALL  AND BELOW

 SELECT       FOR ITEM=LOC  COMPONENT=X     BETWEEN  50.000     AND   50.000    
   KABS=  0.  TOLERANCE= 0.250000    

          3  NODES (OF        128  DEFINED) SELECTED BY  NSEL  COMMAND.

 *GET  RF26      FROM  NODE        26  ITEM=RF   FY    VALUE=  9764.07468     

 *GET  RF52      FROM  NODE        52  ITEM=RF   FY    VALUE=  9783.46559     

 *GET  RF128     FROM  NODE       128  ITEM=RF   FY    VALUE= -18762.1421     

 PARAMETER SUPPORT_FY =     785.3981634    

 SELECT ALL ENTITIES OF TYPE= ALL  AND BELOW

 PARAMETER EXPECTED_FY =    -785.3981634    

 OPENED FILE= metrics.json FOR COMMAND FILE DATA 


  COMMAND FILE CLOSED 


 OPENED FILE= cli_task01_ansys_audit.txt FOR COMMAND FILE DATA 


  COMMAND FILE CLOSED 


 EXIT THE MAPDL POST1 DATABASE PROCESSOR


 ***** ROUTINE COMPLETED *****  ELAPSED TIME =         1.559



 ALL CURRENT MAPDL DATA WRITTEN TO FILE NAME= Job-Plate.db
  FOR POSSIBLE RESUME FROM THIS POINT

 EXIT MAPDL WITHOUT SAVING DATABASE


 NUMBER OF WARNING MESSAGES ENCOUNTERED=          0
 NUMBER OF ERROR   MESSAGES ENCOUNTERED=          0

+--------------------- M A P D L   S T A T I S T I C S ------------------------+

Release: 2026 R1            Build: 26.1       Update: UP20260202   Platform: WINDOWS x64 
Date Run: 08/11/2026   Time: 22:09     Process ID: 3564
Operating System: Windows Server 2022  (Build: 20348)

Processor Model: Intel(R) Xeon(R) 6986P-C

Compiler: Intel(R) Fortran Compiler Classic Version 2021.9  (Build: 20230302)
          Intel(R) C/C++ Compiler Classic Version 2021.9  (Build: 20230302)
          Intel(R) oneAPI Math Kernel Library Version 2024.2.3-Product Build 20250403

Number of machines requested            :    1
Total number of cores available         :    4
Number of physical cores available      :    2
Number of processes requested           :    1
Number of threads per process requested :    1
Total number of cores requested         :    1 (Shared Memory Parallel)                    

GPU Acceleration: Not Requested

Job Name: Job-Plate
Input File: C:\Users\user\AppData\Local\Temp\codex_task01_ansys_generate_Job-Plate_4b36cabba7\run.inp
Working Directory: C:\osworld\server

Total CPU time for main thread                    :        0.3 seconds
Total CPU time summed for all threads             :        0.2 seconds

Elapsed time spent obtaining a license            :        1.4 seconds
Elapsed time spent pre-processing model (/PREP7)  :        0.0 seconds
Elapsed time spent solution - preprocessing       :        0.0 seconds
Elapsed time spent computing solution             :        0.0 seconds
   Elapsed time in element formation & assembly   :        0.0 seconds
   Elapsed time in equation solver                :        0.0 seconds
   Elapsed time in element result calculations    :        0.0 seconds
Elapsed time spent solution - postprocessing      :        0.0 seconds
Elapsed time spent post-processing model (/POST1) :        0.0 seconds
 
Equation solver used                              :            Sparse (symmetric)

Sum of disk space used on all processes           :        0.5 MB

Sum of memory used on all processes               :       42.0 MB
Sum of memory allocated on all processes          :     2304.0 MB
Physical memory available                         :         16 GB
Total amount of I/O written to disk               :        0.0 GB
Total amount of I/O read from disk                :        0.0 GB

+------------------ E N D   M A P D L   S T A T I S T I C S -------------------+


 *-----------------------------------------------------------------------------*
 |                                                                             |
 |                               RUN COMPLETED                                 |
 |                                                                             |
 |-----------------------------------------------------------------------------|
 |                                                                             |
 |  Ansys MAPDL 2026 R1         Build 26.1         UP20260202    WINDOWS x64   |
 |                                                                             |
 |-----------------------------------------------------------------------------|
 |                                                                             |
 |  Database Requested(-db)     1024 MB     Scratch Memory Requested   1024 MB |
 |  Max Database Used(Master)      1 MB     Max Scratch Used(Master)     41 MB |
 |  Max Database Used(Workers)     0 MB     Max Scratch Used(Workers)     0 MB |
 |  Sum Database Used(All)         1 MB     Sum Scratch Used(All)        41 MB |
 |                                                                             |
 |-----------------------------------------------------------------------------|
 |                                                                             |
 |        CP Time      (sec) =          0.156       Time  =  22:09:53          |
 |        Elapsed Time (sec) =          1.581       Date  =  08/11/2026        |
 |                                                                             |
 *-----------------------------------------------------------------------------*
