
 **************************************************************************************************
 OpenFAST

 Copyright (C) 2026 National Renewable Energy Laboratory
 Copyright (C) 2026 Envision Energy USA LTD

 This program is licensed under Apache License Version 2.0 and comes with ABSOLUTELY NO WARRANTY.
 See the "LICENSE" file distributed with this software for details.
 **************************************************************************************************

 OpenFAST-v5.0.0
 Compile Info:
  - Compiler: GCC version 14.3.0
  - Architecture: 64 bit
  - Precision: single
  - OpenMP: No
  - Date: Apr 11 2026
  - Time: 22:27:10
 Execution Info:
  - Date: 08/17/2026
  - Time: 20:25:19+0800

 OpenFAST input file heading:
     FAST Certification Test #18: NREL 5.0 MW Baseline Wind Turbine (Onshore)

  Running ElastoDyn.
  Running InflowWind.

 FAST_InitializeAll:InflowWind_Init:InflowWind_ValidateInput: Invalid WindType specified.  Only
 values of 1,2,3,4,7,5, or 6 are supported.

 OpenFAST encountered an error during module initialization.
  Simulation error level: FATAL ERROR

  Aborting OpenFAST.

