
 **************************************************************************************************
 OpenFAST

 Copyright (C) 2026 National Renewable Energy Laboratory
 Copyright (C) 2026 Envision Energy USA LTD

 This program is licensed under Apache License Version 2.0 and comes with ABSOLUTELY NO WARRANTY.
 See the "LICENSE" file distributed with this software for details.
 **************************************************************************************************

 OpenFAST-v5.0.0
 Compile Info:
  - Compiler: GCC version 14.3.0
  - Architecture: 64 bit
  - Precision: single
  - OpenMP: No
  - Date: Apr 11 2026
  - Time: 22:27:10
 Execution Info:
  - Date: 08/11/2026
  - Time: 21:57:35+0800

 OpenFAST input file heading:
     NREL 5.0 MW Baseline Wind Turbine (Onshore), Linearization with AeroDyn + BD

  Running ElastoDyn.
 Nodal outputs section of ElastoDyn input file not found or improperly formatted.
  Running BeamDyn.
  Running BeamDyn.
  Running BeamDyn.
  Time: 0 of 1.0015 seconds.
                                                                                                   Time: 1 of 1.0015 seconds.  Estimated final completion at 21:57:37 (in 0.000 days).                                                                                                                 Performing linearization 1 at simulation time 1.0005 s. (RotSpeed=12.1 rpm, BldPitch1=0 deg)     
                                                                                                  
  Total Real Time:       2.002 seconds
  Total CPU Time:        3.7487 seconds
  Simulation CPU Time:   3.1876 seconds
  Simulated Time:        1.002 seconds
  Time Ratio (Sim/CPU):  0.31435

  OpenFAST terminated normally.

