Program Version,EnergyPlus, Version 25.2.0-cf7368216c, YMD=2026.08.12 13:10,
   ** Warning ** CheckEnvironmentSpecifications: SimulationControl specified doing design day simulations, but no design environments specified.
   **   ~~~   ** ...No design environment results produced. For these results, add appropriate SizingPeriod:* objects for your simulation.
   ** Warning ** GetHTSurfaceData: Surfaces with interface to Ground found but no "Ground Temperatures" were input.
   **   ~~~   ** Found first in surface=WAITING-FLOOR
   **   ~~~   ** Defaults, constant throughout the year of (18.0) will be used.
   ** Warning ** GetInternalHeatGains: People = WAITING-PEOPLE
   **   ~~~   ** Activity Level Schedule Name = ALWAYS-ON, schedule contains values that are < 70 and/or > 1000
   **   ~~~   ** Values fall outside of typical w/person range for thermal comfort reporting.
   ** Warning ** GetInternalHeatGains: People = CONSULT-PEOPLE
   **   ~~~   ** Activity Level Schedule Name = ALWAYS-ON, schedule contains values that are < 70 and/or > 1000
   **   ~~~   ** Values fall outside of typical w/person range for thermal comfort reporting.
   ** Warning ** GetDaylightingControls: Fraction of zone or space controlled by the Daylighting reference points is < 1.0.
   **   ~~~   ** ..discovered in Daylighting:Controls="WAITING-DAYLIGHT-CONTROLS", only 0.750 of the zone or space is controlled.
   ** Warning ** GetDaylightingControls: Fraction of zone or space controlled by the Daylighting reference points is < 1.0.
   **   ~~~   ** ..discovered in Daylighting:Controls="CONSULT-DAYLIGHT-CONTROLS", only 0.750 of the zone or space is controlled.
   ** Warning ** Output:Meter: invalid Key Name="DISTRICTHEATING:FACILITY" - not found.
   ** Warning ** Output:Meter: invalid Key Name="FANS:ELECTRICITY" - not found.
   ** Warning ** Output:Meter: invalid Key Name="NATURALGAS:FACILITY" - not found.
   ** Warning ** Output:Meter:MeterFileOnly: invalid Key Name="NATURALGAS:FACILITY" - not found.
   ** Warning ** Output:Meter:MeterFileOnly requested for "Electricity:Facility" (TimeStep), already on "Output:Meter". Will report to both eplusout.eso and eplusout.mtr
   ************* Testing Individual Branch Integrity
   ************* All Branches passed integrity testing
   ************* Testing Individual Supply Air Path Integrity
   ************* All Supply Air Paths passed integrity testing
   ************* Testing Individual Return Air Path Integrity
   ************* All Return Air Paths passed integrity testing
   ************* No node connection errors were found.
   ************* Beginning Simulation
   ** Warning ** Processing Monthly Tabular Reports: Variable names not valid for this simulation
   **   ~~~   ** ...use Output:Diagnostics,DisplayExtraWarnings; to show more details on individual variables.
   ************* Simulation Error Summary *************
   ************* EnergyPlus Warmup Error Summary. During Warmup: 0 Warning; 0 Severe Errors.
   ************* EnergyPlus Sizing Error Summary. During Sizing: 0 Warning; 0 Severe Errors.
   ************* EnergyPlus Completed Successfully-- 12 Warning; 0 Severe Errors; Elapsed Time=00hr 00min  0.91sec
