
 ****  PSpice 17.4.0 (Nov 2022)  ****            17:40:12  04/27/26

 ** Profile: "SCHEMATIC1-ACSWEEP" [ abm_vs_real.sim ]


 **** AC ANALYSIS                    TEMPERATURE =   27.000 DEG C

******************************************************************************

      FREQ          VDB(OUT_ABM)    VDB(OUT_SK)
   ------------     ------------    -----------
    1.000000E+02     2.287502E-09    5.046737E-04
    1.122018E+02    -1.127680E-08    6.375904E-04
    1.258925E+02    -3.663335E-08    8.049195E-04
    1.412538E+02    -8.167843E-08    1.015570E-03
    1.584893E+02    -1.591855E-07    1.280755E-03
    1.778279E+02    -2.897247E-07    1.614591E-03
    1.995262E+02    -5.063078E-07    2.034847E-03
    2.238721E+02    -8.617707E-07    2.563887E-03
    2.511886E+02    -1.440503E-06    3.229861E-03
    2.818383E+02    -2.377069E-06    4.068196E-03
    3.162278E+02    -3.885773E-06    5.123476E-03
    3.548134E+02    -6.307556E-06    6.451802E-03
    3.981072E+02    -1.018441E-05    8.123760E-03
    4.466836E+02    -1.637737E-05    1.022814E-02
    5.011872E+02    -2.625369E-05    1.287664E-02
    5.623413E+02    -4.198354E-05    1.620967E-02
    6.309573E+02    -6.701049E-05    2.040375E-02
    7.079458E+02    -1.067972E-04    2.568069E-02
    7.943282E+02    -1.700079E-04    3.231901E-02
    8.912509E+02    -2.703814E-04    4.066825E-02
    1.000000E+03    -4.297015E-04    5.116668E-02
    1.122018E+03    -6.825012E-04    6.436313E-02
    1.258925E+03    -1.083517E-03    8.094386E-02
    1.412538E+03    -1.719495E-03    1.017651E-01
    1.584893E+03    -2.727872E-03    1.278921E-01
    1.778279E+03    -4.326332E-03    1.606448E-01
    1.995262E+03    -6.859483E-03    2.016495E-01
    2.238721E+03    -1.087245E-02    2.528933E-01
    2.511886E+03    -1.722652E-02    3.167735E-01
    2.818383E+03    -2.727995E-02    3.961262E-01
    3.162278E+03    -4.316847E-02    4.941967E-01
    3.548134E+03    -6.823462E-02    6.144805E-01
    3.981072E+03    -1.076716E-01    7.602873E-01
    4.466836E+03    -1.694551E-01    9.337310E-01
    5.011872E+03    -2.656157E-01    1.133567E+00
    5.623413E+03    -4.137954E-01    1.350789E+00
    6.309573E+03    -6.387632E-01    1.560242E+00
    7.079458E+03    -9.730447E-01    1.706524E+00
    7.943282E+03    -1.455198E+00    1.686832E+00
    8.912509E+03    -2.124203E+00    1.348948E+00
    1.000000E+04    -3.010071E+00    5.408380E-01
    1.122018E+04    -4.124203E+00   -7.908975E-01
    1.258925E+04    -5.455198E+00   -2.556756E+00
    1.412538E+04    -6.973044E+00   -4.595825E+00
    1.584893E+04    -8.638763E+00   -6.767319E+00
    1.778279E+04    -1.041379E+01   -8.982809E+00
    1.995262E+04    -1.226562E+01   -1.119689E+01
    2.238721E+04    -1.416945E+01   -1.338996E+01
    2.511886E+04    -1.610767E+01   -1.555577E+01
    2.818383E+04    -1.806823E+01   -1.769431E+01
    3.162278E+04    -2.004317E+01   -1.980817E+01
    3.548134E+04    -2.202728E+01   -2.190078E+01
    3.981072E+04    -2.401723E+01   -2.397560E+01
    4.466836E+04    -2.601087E+01   -2.603576E+01
    5.011872E+04    -2.800686E+01   -2.808398E+01
    5.623413E+04    -3.000433E+01   -3.012255E+01
    6.309573E+04    -3.200273E+01   -3.215334E+01
    7.079458E+04    -3.400172E+01   -3.417790E+01
    7.943282E+04    -3.600108E+01   -3.619746E+01
    8.912509E+04    -3.800068E+01   -3.821304E+01
    1.000000E+05    -4.000043E+01   -4.022544E+01


 JOB CONCLUDED

        TOTAL JOB TIME             0.82
