PROBE {"check": "input_files", "value": {"case": {"path": "C:\\Users\\user\\AppData\\Local\\Temp\\ansys_fluent_probe_1l1c_v7l\\case.cas", "sha256": "ad049c38b9ab67168f34643bc0f470b1cac15e171f541f70263a2506db29fbde", "size": 556331}, "data": {"path": "C:\\Users\\user\\AppData\\Local\\Temp\\ansys_fluent_probe_1l1c_v7l\\case.dat", "sha256": "28a0cae1f129ec3e739be45f3fad4ebb835b543190f581adef01ccfc011e400b", "size": 198673}}}
PROBE {"check": "mesh_observed", "value": {"element_types": ["CellElementType.QUADRILATERAL"], "elements": 1920, "nodes": 2025, "x_bounds": [0.0, 1.0], "x_count": 81, "y_bounds": [0.0, 0.002], "y_count": 25, "z_levels": [0.0]}}
PROBE {"check": "mesh", "value": {"observed": true, "passed": true}}
PROBE {"check": "solver", "value": {"time": "steady", "two_dim_space": "planar", "type": "pressure-based", "velocity_formulation": "absolute"}}
PROBE {"check": "viscous", "value": {"model": "laminar", "options": {}}}
PROBE {"check": "material_names", "value": ["water", "air"]}
PROBE {"check": "fluid_zone", "value": {"fixed_values": {"enable": false}, "general": {"material": "water"}, "mesh_motion": {"enable": false}, "name": "fluid", "porous_zone": {"porous": false}, "reference_frame": {"frame_motion": false, "reference_frame_axis_origin": [{"option": "value", "value": 0}, {"option": "value", "value": 0}]}, "sources": {"enable": false}, "zonal_models": {}}}
PROBE {"check": "methods", "value": {"expert": {"disable_rhie_chow_flux": false, "first_to_second_order_blending": 1.0, "implicit_bodyforce_treatment": false, "physical_velocity_formulation": false, "presto_pressure_scheme": false, "velocity_formulation": "absolute"}, "high_order_term_relaxation": {"enable": false, "relaxation_factor": 0.25, "select_variables": "flow-variables", "type": "standard"}, "p_v_coupling": {"flow_scheme": "SIMPLE", "flux_auto_select": true, "flux_type": "Rhie-Chow: momentum based"}, "poor_mesh_numerics": {"cell_quality_based": false, "gradient_quality_based": false, "reset_poor_elements": false, "solution_and_quality_based": false}, "pseudo_time_method": {"formulation": {"segregated_solver": "off"}}, "spatial_discretization": {"discretization_scheme": {"mom": "second-order-upwind", "pressure": "second-order"}, "gradient_scheme": "least-square-cell-based"}, "warped_face_gradient_correction": {"enable": false}}}
PROBE {"check": "initialization", "value": {"enable_profile_memory_flushing": false, "fmg": {"enable_fmg_verbose": true, "fmg_courant_number": 0.75}, "hybrid_init_options": {"general_settings": {"explicit_urf": [1.0, 1.0], "initialization_options": {"const_velocity": false, "external_aero": false, "initial_pressure": false}, "iter_count": 10}}, "initialization_type": "hybrid", "patch": {}, "reference_frame": "relative"}}
PROBE {"check": "run_calculation", "value": {"compute_resources": {}, "data_sampling": {"enabled": false}, "options": {}, "parameters": {"iter_count": 1200, "profile_update_interval": 1, "reporting_interval": 1}, "transient_controls": {"method": "User-Specified", "type": "Fixed"}}}
PROBE {"check": "surfaces", "value": {"bottom": {"surface_id": [1], "type": "zone-surf", "zone_id": 3, "zone_type": "wall"}, "default-interior": {"surface_id": [4], "type": "zone-surf", "zone_id": 8, "zone_type": "interior"}, "inlet": {"surface_id": [3], "type": "zone-surf", "zone_id": 6, "zone_type": "velocity-inlet"}, "outlet": {"surface_id": [2], "type": "zone-surf", "zone_id": 5, "zone_type": "pressure-outlet"}, "top": {"surface_id": [0], "type": "zone-surf", "zone_id": 4, "zone_type": "wall"}}}
PROBE {"check": "solver", "value": {"observed": true, "passed": true}}
PROBE {"check": "viscous_laminar", "value": {"observed": true, "passed": true}}
PROBE {"check": "material_exists", "value": {"observed": true, "passed": true}}
PROBE {"check": "material_state", "value": {"chemical_formula": "h2o<l>", "density": {"option": "value", "value": 998.2}, "name": "water", "viscosity": {"option": "value", "value": 0.001003}}}
PROBE {"check": "material_density", "value": {"observed": true, "passed": true}}
PROBE {"check": "material_viscosity", "value": {"observed": true, "passed": true}}
PROBE {"check": "fluid_material", "value": {"observed": true, "passed": true}}
PROBE {"check": "simple", "value": {"observed": true, "passed": true}}
PROBE {"check": "pressure_scheme", "value": {"observed": true, "passed": true}}
PROBE {"check": "momentum_scheme", "value": {"observed": true, "passed": true}}
PROBE {"check": "hybrid_initialization", "value": {"observed": true, "passed": true}}
PROBE {"check": "saved_iteration_count", "value": {"observed": true, "passed": true}}
PROBE {"check": "surface_types", "value": {"observed": true, "passed": true}}
PROBE {"check": "boundary_states", "value": {"bottom": {"shear_condition": "No Slip", "wall_motion": "Stationary Wall"}, "inlet": {"initial_gauge_pressure": {"option": "value", "value": 0}, "reference_frame": "Absolute", "velocity_components": [{"option": "value", "value": 0.1}, {"option": "value", "value": 0}], "velocity_specification_method": "Components"}, "outlet": {"avg_pressure_spec": false, "backflow_dir_spec_method": "Normal to Boundary", "backflow_pressure_spec": "Total Pressure", "backflow_reference_frame": "Absolute", "gauge_pressure": {"option": "value", "value": 0}, "pressure_profile_multiplier": 1.0, "prevent_reverse_flow": false, "target_mass_flow_rate": false}, "top": {"shear_condition": "No Slip", "wall_motion": "Stationary Wall"}}}
PROBE {"check": "inlet_components", "value": {"observed": true, "passed": true}}
PROBE {"check": "outlet_pressure", "value": {"observed": true, "passed": true}}
PROBE {"check": "stationary_walls", "value": {"observed": true, "passed": true}}
PROBE {"check": "physical_reports", "value": {"imbalance": 8.065593162929624e-07, "inlet_mass_flow": 0.19964, "inlet_velocity": 0.09999999525025512, "outlet_mass_flow": -0.1996401610216318, "outlet_velocity": 0.0999329747676241}}
PROBE {"check": "physical_solution", "value": {"observed": true, "passed": true}}
INNER_RESULT=True
