
 ****  PSpice 17.4.0 (Nov 2022)  ****            11:02:31  04/24/26


 ** Profile: "SCHEMATIC1-ACSWEEP" [ noninv_amp.sim ]


 **** AC ANALYSIS (STEP PARAM RF_VAL)    TEMPERATURE =   27.000 DEG C


******************************************************************************


****    MEASUREMENT RESULTS    ****

 RF_VAL =    1.00000E+03
  AV            =   6.02060E+00
 RF_VAL =    1.20000E+03
  AV            =   6.84845E+00
 RF_VAL =    1.50000E+03
  AV            =   7.95900E+00
 RF_VAL =    1.80000E+03
  AV            =   8.94316E+00
 RF_VAL =    2.20000E+03
  AV            =   1.01033E+01
 RF_VAL =    2.70000E+03
  AV            =   1.13640E+01
 RF_VAL =    3.30000E+03
  AV            =   1.26694E+01
 RF_VAL =    3.90000E+03
  AV            =   1.38039E+01
 RF_VAL =    4.70000E+03
  AV            =   1.51175E+01
 RF_VAL =    5.60000E+03
  AV            =   1.63909E+01
 RF_VAL =    6.80000E+03
  AV            =   1.78419E+01
 RF_VAL =    8.20000E+03
  AV            =   1.92753E+01
 RF_VAL =    9.00000E+03
  AV            =   2.00000E+01
 RF_VAL =    1.00000E+04
  AV            =   2.08279E+01
 RF_VAL =    1.20000E+04
  AV            =   2.22789E+01
 RF_VAL =    1.50000E+04
  AV            =   2.40824E+01
 RF_VAL =    1.80000E+04
  AV            =   2.55751E+01
 RF_VAL =    2.20000E+04
  AV            =   2.72279E+01
 RF_VAL =    2.70000E+04
  AV            =   2.88930E+01
 RF_VAL =    3.30000E+04
  AV            =   3.06181E+01
 RF_VAL =    3.90000E+04
  AV            =   3.20276E+01
 RF_VAL =    4.70000E+04
  AV            =   3.36610E+01
 RF_VAL =    5.60000E+04
  AV            =   3.51175E+01
 RF_VAL =    6.80000E+04
  AV            =   3.67728E+01
 RF_VAL =    8.20000E+04
  AV            =   3.83834E+01
 RF_VAL =    1.00000E+05
  AV            =   4.00866E+01


 JOB CONCLUDED

        TOTAL JOB TIME             1.14
